Archive member included to satisfy reference by file (symbol)

c:/st/stm32cubeide_1.12.1/stm32cubeide/plugins/com.st.stm32cube.ide.mcu.externaltools.gnu-tools-for-stm32.10.3-2021.10.win32_1.0.200.202301161003/tools/bin/../lib/gcc/arm-none-eabi/10.3.1/../../../../arm-none-eabi/lib/thumb/v7-m/nofp\libc_nano.a(lib_a-errno.o)
                              ./Core/Src/syscalls.o (__errno)
c:/st/stm32cubeide_1.12.1/stm32cubeide/plugins/com.st.stm32cube.ide.mcu.externaltools.gnu-tools-for-stm32.10.3-2021.10.win32_1.0.200.202301161003/tools/bin/../lib/gcc/arm-none-eabi/10.3.1/../../../../arm-none-eabi/lib/thumb/v7-m/nofp\libc_nano.a(lib_a-exit.o)
                              c:/st/stm32cubeide_1.12.1/stm32cubeide/plugins/com.st.stm32cube.ide.mcu.externaltools.gnu-tools-for-stm32.10.3-2021.10.win32_1.0.200.202301161003/tools/bin/../lib/gcc/arm-none-eabi/10.3.1/../../../../arm-none-eabi/lib/thumb/v7-m/nofp/crt0.o (exit)
c:/st/stm32cubeide_1.12.1/stm32cubeide/plugins/com.st.stm32cube.ide.mcu.externaltools.gnu-tools-for-stm32.10.3-2021.10.win32_1.0.200.202301161003/tools/bin/../lib/gcc/arm-none-eabi/10.3.1/../../../../arm-none-eabi/lib/thumb/v7-m/nofp\libc_nano.a(lib_a-impure.o)
                              c:/st/stm32cubeide_1.12.1/stm32cubeide/plugins/com.st.stm32cube.ide.mcu.externaltools.gnu-tools-for-stm32.10.3-2021.10.win32_1.0.200.202301161003/tools/bin/../lib/gcc/arm-none-eabi/10.3.1/../../../../arm-none-eabi/lib/thumb/v7-m/nofp\libc_nano.a(lib_a-exit.o) (_global_impure_ptr)
c:/st/stm32cubeide_1.12.1/stm32cubeide/plugins/com.st.stm32cube.ide.mcu.externaltools.gnu-tools-for-stm32.10.3-2021.10.win32_1.0.200.202301161003/tools/bin/../lib/gcc/arm-none-eabi/10.3.1/../../../../arm-none-eabi/lib/thumb/v7-m/nofp\libc_nano.a(lib_a-init.o)
                              c:/st/stm32cubeide_1.12.1/stm32cubeide/plugins/com.st.stm32cube.ide.mcu.externaltools.gnu-tools-for-stm32.10.3-2021.10.win32_1.0.200.202301161003/tools/bin/../lib/gcc/arm-none-eabi/10.3.1/../../../../arm-none-eabi/lib/thumb/v7-m/nofp/crt0.o (__libc_init_array)
c:/st/stm32cubeide_1.12.1/stm32cubeide/plugins/com.st.stm32cube.ide.mcu.externaltools.gnu-tools-for-stm32.10.3-2021.10.win32_1.0.200.202301161003/tools/bin/../lib/gcc/arm-none-eabi/10.3.1/../../../../arm-none-eabi/lib/thumb/v7-m/nofp\libc_nano.a(lib_a-memcpy-stub.o)
                              ./Middlewares/Third_Party/FreeRTOS/Source/CMSIS_RTOS_V2/cmsis_os2.o (memcpy)
c:/st/stm32cubeide_1.12.1/stm32cubeide/plugins/com.st.stm32cube.ide.mcu.externaltools.gnu-tools-for-stm32.10.3-2021.10.win32_1.0.200.202301161003/tools/bin/../lib/gcc/arm-none-eabi/10.3.1/../../../../arm-none-eabi/lib/thumb/v7-m/nofp\libc_nano.a(lib_a-memset.o)
                              c:/st/stm32cubeide_1.12.1/stm32cubeide/plugins/com.st.stm32cube.ide.mcu.externaltools.gnu-tools-for-stm32.10.3-2021.10.win32_1.0.200.202301161003/tools/bin/../lib/gcc/arm-none-eabi/10.3.1/../../../../arm-none-eabi/lib/thumb/v7-m/nofp/crt0.o (memset)

Discarded input sections

 .text          0x0000000000000000        0x0 c:/st/stm32cubeide_1.12.1/stm32cubeide/plugins/com.st.stm32cube.ide.mcu.externaltools.gnu-tools-for-stm32.10.3-2021.10.win32_1.0.200.202301161003/tools/bin/../lib/gcc/arm-none-eabi/10.3.1/thumb/v7-m/nofp/crti.o
 .data          0x0000000000000000        0x0 c:/st/stm32cubeide_1.12.1/stm32cubeide/plugins/com.st.stm32cube.ide.mcu.externaltools.gnu-tools-for-stm32.10.3-2021.10.win32_1.0.200.202301161003/tools/bin/../lib/gcc/arm-none-eabi/10.3.1/thumb/v7-m/nofp/crti.o
 .bss           0x0000000000000000        0x0 c:/st/stm32cubeide_1.12.1/stm32cubeide/plugins/com.st.stm32cube.ide.mcu.externaltools.gnu-tools-for-stm32.10.3-2021.10.win32_1.0.200.202301161003/tools/bin/../lib/gcc/arm-none-eabi/10.3.1/thumb/v7-m/nofp/crti.o
 .data          0x0000000000000000        0x4 c:/st/stm32cubeide_1.12.1/stm32cubeide/plugins/com.st.stm32cube.ide.mcu.externaltools.gnu-tools-for-stm32.10.3-2021.10.win32_1.0.200.202301161003/tools/bin/../lib/gcc/arm-none-eabi/10.3.1/thumb/v7-m/nofp/crtbegin.o
 .rodata        0x0000000000000000       0x24 c:/st/stm32cubeide_1.12.1/stm32cubeide/plugins/com.st.stm32cube.ide.mcu.externaltools.gnu-tools-for-stm32.10.3-2021.10.win32_1.0.200.202301161003/tools/bin/../lib/gcc/arm-none-eabi/10.3.1/thumb/v7-m/nofp/crtbegin.o
 .text          0x0000000000000000       0x7c c:/st/stm32cubeide_1.12.1/stm32cubeide/plugins/com.st.stm32cube.ide.mcu.externaltools.gnu-tools-for-stm32.10.3-2021.10.win32_1.0.200.202301161003/tools/bin/../lib/gcc/arm-none-eabi/10.3.1/../../../../arm-none-eabi/lib/thumb/v7-m/nofp/crt0.o
 .data          0x0000000000000000        0x0 c:/st/stm32cubeide_1.12.1/stm32cubeide/plugins/com.st.stm32cube.ide.mcu.externaltools.gnu-tools-for-stm32.10.3-2021.10.win32_1.0.200.202301161003/tools/bin/../lib/gcc/arm-none-eabi/10.3.1/../../../../arm-none-eabi/lib/thumb/v7-m/nofp/crt0.o
[...]
Memory Configuration

Name             Origin             Length             Attributes
RAM              0x0000000020000000 0x0000000000005000 xrw
FLASH            0x0000000008000000 0x0000000000010000 xr
*default*        0x0000000000000000 0xffffffffffffffff

Linker script and memory map

LOAD c:/st/stm32cubeide_1.12.1/stm32cubeide/plugins/com.st.stm32cube.ide.mcu.externaltools.gnu-tools-for-stm32.10.3-2021.10.win32_1.0.200.202301161003/tools/bin/../lib/gcc/arm-none-eabi/10.3.1/thumb/v7-m/nofp/crti.o
LOAD c:/st/stm32cubeide_1.12.1/stm32cubeide/plugins/com.st.stm32cube.ide.mcu.externaltools.gnu-tools-for-stm32.10.3-2021.10.win32_1.0.200.202301161003/tools/bin/../lib/gcc/arm-none-eabi/10.3.1/thumb/v7-m/nofp/crtbegin.o
LOAD c:/st/stm32cubeide_1.12.1/stm32cubeide/plugins/com.st.stm32cube.ide.mcu.externaltools.gnu-tools-for-stm32.10.3-2021.10.win32_1.0.200.202301161003/tools/bin/../lib/gcc/arm-none-eabi/10.3.1/../../../../arm-none-eabi/lib/thumb/v7-m/nofp/crt0.o
LOAD ./Core/Src/freertos.o
LOAD ./Core/Src/liquidcrystal_i2c.o
LOAD ./Core/Src/main.o
LOAD ./Core/Src/stm32f1xx_hal_msp.o
LOAD ./Core/Src/stm32f1xx_it.o
LOAD ./Core/Src/syscalls.o
LOAD ./Core/Src/sysmem.o
LOAD ./Core/Src/system_stm32f1xx.o
LOAD ./Core/Startup/startup_stm32f103c8tx.o
LOAD ./Drivers/STM32F1xx_HAL_Driver/Src/stm32f1xx_hal.o
LOAD ./Drivers/STM32F1xx_HAL_Driver/Src/stm32f1xx_hal_cortex.o
LOAD ./Drivers/STM32F1xx_HAL_Driver/Src/stm32f1xx_hal_dma.o
LOAD ./Drivers/STM32F1xx_HAL_Driver/Src/stm32f1xx_hal_exti.o
LOAD ./Drivers/STM32F1xx_HAL_Driver/Src/stm32f1xx_hal_flash.o
LOAD ./Drivers/STM32F1xx_HAL_Driver/Src/stm32f1xx_hal_flash_ex.o
LOAD ./Drivers/STM32F1xx_HAL_Driver/Src/stm32f1xx_hal_gpio.o
LOAD ./Drivers/STM32F1xx_HAL_Driver/Src/stm32f1xx_hal_gpio_ex.o
LOAD ./Drivers/STM32F1xx_HAL_Driver/Src/stm32f1xx_hal_i2c.o
LOAD ./Drivers/STM32F1xx_HAL_Driver/Src/stm32f1xx_hal_pwr.o
LOAD ./Drivers/STM32F1xx_HAL_Driver/Src/stm32f1xx_hal_rcc.o
LOAD ./Drivers/STM32F1xx_HAL_Driver/Src/stm32f1xx_hal_rcc_ex.o
LOAD ./Drivers/STM32F1xx_HAL_Driver/Src/stm32f1xx_hal_uart.o
LOAD ./Middlewares/Third_Party/FreeRTOS/Source/CMSIS_RTOS_V2/cmsis_os2.o
LOAD ./Middlewares/Third_Party/FreeRTOS/Source/croutine.o
LOAD ./Middlewares/Third_Party/FreeRTOS/Source/event_groups.o
LOAD ./Middlewares/Third_Party/FreeRTOS/Source/list.o
LOAD ./Middlewares/Third_Party/FreeRTOS/Source/queue.o
LOAD ./Middlewares/Third_Party/FreeRTOS/Source/stream_buffer.o
LOAD ./Middlewares/Third_Party/FreeRTOS/Source/tasks.o
LOAD ./Middlewares/Third_Party/FreeRTOS/Source/timers.o
LOAD ./Middlewares/Third_Party/FreeRTOS/Source/portable/GCC/ARM_CM3/port.o
LOAD ./Middlewares/Third_Party/FreeRTOS/Source/portable/MemMang/heap_4.o
START GROUP
LOAD c:/st/stm32cubeide_1.12.1/stm32cubeide/plugins/com.st.stm32cube.ide.mcu.externaltools.gnu-tools-for-stm32.10.3-2021.10.win32_1.0.200.202301161003/tools/bin/../lib/gcc/arm-none-eabi/10.3.1/../../../../arm-none-eabi/lib/thumb/v7-m/nofp\libstdc++_nano.a
LOAD c:/st/stm32cubeide_1.12.1/stm32cubeide/plugins/com.st.stm32cube.ide.mcu.externaltools.gnu-tools-for-stm32.10.3-2021.10.win32_1.0.200.202301161003/tools/bin/../lib/gcc/arm-none-eabi/10.3.1/../../../../arm-none-eabi/lib/thumb/v7-m/nofp\libsupc++_nano.a
END GROUP
LOAD c:/st/stm32cubeide_1.12.1/stm32cubeide/plugins/com.st.stm32cube.ide.mcu.externaltools.gnu-tools-for-stm32.10.3-2021.10.win32_1.0.200.202301161003/tools/bin/../lib/gcc/arm-none-eabi/10.3.1/../../../../arm-none-eabi/lib/thumb/v7-m/nofp\libstdc++_nano.a
LOAD c:/st/stm32cubeide_1.12.1/stm32cubeide/plugins/com.st.stm32cube.ide.mcu.externaltools.gnu-tools-for-stm32.10.3-2021.10.win32_1.0.200.202301161003/tools/bin/../lib/gcc/arm-none-eabi/10.3.1/../../../../arm-none-eabi/lib/thumb/v7-m/nofp\libm.a
LOAD c:/st/stm32cubeide_1.12.1/stm32cubeide/plugins/com.st.stm32cube.ide.mcu.externaltools.gnu-tools-for-stm32.10.3-2021.10.win32_1.0.200.202301161003/tools/bin/../lib/gcc/arm-none-eabi/10.3.1/../../../../arm-none-eabi/lib/thumb/v7-m/nofp\libc_nano.a
START GROUP
LOAD c:/st/stm32cubeide_1.12.1/stm32cubeide/plugins/com.st.stm32cube.ide.mcu.externaltools.gnu-tools-for-stm32.10.3-2021.10.win32_1.0.200.202301161003/tools/bin/../lib/gcc/arm-none-eabi/10.3.1/thumb/v7-m/nofp\libgcc.a
LOAD c:/st/stm32cubeide_1.12.1/stm32cubeide/plugins/com.st.stm32cube.ide.mcu.externaltools.gnu-tools-for-stm32.10.3-2021.10.win32_1.0.200.202301161003/tools/bin/../lib/gcc/arm-none-eabi/10.3.1/../../../../arm-none-eabi/lib/thumb/v7-m/nofp\libc_nano.a
END GROUP
START GROUP
LOAD c:/st/stm32cubeide_1.12.1/stm32cubeide/plugins/com.st.stm32cube.ide.mcu.externaltools.gnu-tools-for-stm32.10.3-2021.10.win32_1.0.200.202301161003/tools/bin/../lib/gcc/arm-none-eabi/10.3.1/thumb/v7-m/nofp\libgcc.a
LOAD c:/st/stm32cubeide_1.12.1/stm32cubeide/plugins/com.st.stm32cube.ide.mcu.externaltools.gnu-tools-for-stm32.10.3-2021.10.win32_1.0.200.202301161003/tools/bin/../lib/gcc/arm-none-eabi/10.3.1/../../../../arm-none-eabi/lib/thumb/v7-m/nofp\libc_nano.a
LOAD c:/st/stm32cubeide_1.12.1/stm32cubeide/plugins/com.st.stm32cube.ide.mcu.externaltools.gnu-tools-for-stm32.10.3-2021.10.win32_1.0.200.202301161003/tools/bin/../lib/gcc/arm-none-eabi/10.3.1/../../../../arm-none-eabi/lib/thumb/v7-m/nofp\libnosys.a
END GROUP
START GROUP
LOAD c:/st/stm32cubeide_1.12.1/stm32cubeide/plugins/com.st.stm32cube.ide.mcu.externaltools.gnu-tools-for-stm32.10.3-2021.10.win32_1.0.200.202301161003/tools/bin/../lib/gcc/arm-none-eabi/10.3.1/thumb/v7-m/nofp\libgcc.a
LOAD c:/st/stm32cubeide_1.12.1/stm32cubeide/plugins/com.st.stm32cube.ide.mcu.externaltools.gnu-tools-for-stm32.10.3-2021.10.win32_1.0.200.202301161003/tools/bin/../lib/gcc/arm-none-eabi/10.3.1/../../../../arm-none-eabi/lib/thumb/v7-m/nofp\libc_nano.a
LOAD c:/st/stm32cubeide_1.12.1/stm32cubeide/plugins/com.st.stm32cube.ide.mcu.externaltools.gnu-tools-for-stm32.10.3-2021.10.win32_1.0.200.202301161003/tools/bin/../lib/gcc/arm-none-eabi/10.3.1/../../../../arm-none-eabi/lib/thumb/v7-m/nofp\libnosys.a
END GROUP
LOAD c:/st/stm32cubeide_1.12.1/stm32cubeide/plugins/com.st.stm32cube.ide.mcu.externaltools.gnu-tools-for-stm32.10.3-2021.10.win32_1.0.200.202301161003/tools/bin/../lib/gcc/arm-none-eabi/10.3.1/thumb/v7-m/nofp/crtend.o
LOAD c:/st/stm32cubeide_1.12.1/stm32cubeide/plugins/com.st.stm32cube.ide.mcu.externaltools.gnu-tools-for-stm32.10.3-2021.10.win32_1.0.200.202301161003/tools/bin/../lib/gcc/arm-none-eabi/10.3.1/thumb/v7-m/nofp/crtn.o
                0x0000000020005000                _estack = (ORIGIN (RAM) + LENGTH (RAM))
                0x0000000000000200                _Min_Heap_Size = 0x200
                0x0000000000000400                _Min_Stack_Size = 0x400

.isr_vector     0x0000000008000000      0x10c
                0x0000000008000000                . = ALIGN (0x4)
 *(.isr_vector)
 .isr_vector    0x0000000008000000      0x10c ./Core/Startup/startup_stm32f103c8tx.o
                0x0000000008000000                g_pfnVectors
                0x000000000800010c                . = ALIGN (0x4)

.text           0x0000000008000110     0x5638
                0x0000000008000110                . = ALIGN (0x4)
 *(.text)
 .text          0x0000000008000110       0x40 c:/st/stm32cubeide_1.12.1/stm32cubeide/plugins/com.st.stm32cube.ide.mcu.externaltools.gnu-tools-for-stm32.10.3-2021.10.win32_1.0.200.202301161003/tools/bin/../lib/gcc/arm-none-eabi/10.3.1/thumb/v7-m/nofp/crtbegin.o
 *(.text*)
 .text.HD44780_Init
                0x0000000008000150      0x108 ./Core/Src/liquidcrystal_i2c.o
                0x0000000008000150                HD44780_Init
 .text.HD44780_Clear
                0x0000000008000258       0x16 ./Core/Src/liquidcrystal_i2c.o
                0x0000000008000258                HD44780_Clear
 .text.HD44780_ClearRow
                0x000000000800026e       0x3e ./Core/Src/liquidcrystal_i2c.o
                0x000000000800026e                HD44780_ClearRow
 .text.HD44780_Home
                0x00000000080002ac       0x16 ./Core/Src/liquidcrystal_i2c.o
                0x00000000080002ac                HD44780_Home
 *fill*         0x00000000080002c2        0x2 
 .text.HD44780_SetCursor
                0x00000000080002c4       0x64 ./Core/Src/liquidcrystal_i2c.o
                0x00000000080002c4                HD44780_SetCursor
 .text.HD44780_Display
                0x0000000008000328       0x2c ./Core/Src/liquidcrystal_i2c.o
                0x0000000008000328                HD44780_Display
 .text.HD44780_CreateSpecialChar
                0x0000000008000354       0x52 ./Core/Src/liquidcrystal_i2c.o
                0x0000000008000354                HD44780_CreateSpecialChar
 .text.HD44780_PrintStr
                0x00000000080003a6       0x2a ./Core/Src/liquidcrystal_i2c.o
                0x00000000080003a6                HD44780_PrintStr
 .text.SendCommand
                0x00000000080003d0       0x1c ./Core/Src/liquidcrystal_i2c.o
 .text.SendChar
                0x00000000080003ec       0x1c ./Core/Src/liquidcrystal_i2c.o
 .text.Send     0x0000000008000408       0x42 ./Core/Src/liquidcrystal_i2c.o
 .text.Write4Bits
                0x000000000800044a       0x22 ./Core/Src/liquidcrystal_i2c.o
 .text.ExpanderWrite
                0x000000000800046c       0x38 ./Core/Src/liquidcrystal_i2c.o
 .text.PulseEnable
                0x00000000080004a4       0x3a ./Core/Src/liquidcrystal_i2c.o
 *fill*         0x00000000080004de        0x2 
 .text.DelayInit
                0x00000000080004e0       0x50 ./Core/Src/liquidcrystal_i2c.o
 .text.DelayUS  0x0000000008000530       0x4c ./Core/Src/liquidcrystal_i2c.o
 .text.main     0x000000000800057c       0xf8 ./Core/Src/main.o
                0x000000000800057c                main
 .text.SystemClock_Config
                0x0000000008000674       0x76 ./Core/Src/main.o
                0x0000000008000674                SystemClock_Config
 *fill*         0x00000000080006ea        0x2 
 .text.MX_I2C1_Init
                0x00000000080006ec       0x5c ./Core/Src/main.o
 .text.MX_GPIO_Init
                0x0000000008000748       0xbc ./Core/Src/main.o
 .text.StartDefaultTask
                0x0000000008000804       0x10 ./Core/Src/main.o
                0x0000000008000804                StartDefaultTask
 .text.HAL_GPIO_EXTI_Callback
                0x0000000008000814       0x44 ./Core/Src/main.o
                0x0000000008000814                HAL_GPIO_EXTI_Callback
 .text.LCDTaskSwitch
                0x0000000008000858       0x60 ./Core/Src/main.o
                0x0000000008000858                LCDTaskSwitch
 .text.lcdTaskBTN
                0x00000000080008b8       0x68 ./Core/Src/main.o
                0x00000000080008b8                lcdTaskBTN
 .text.Error_Handler
                0x0000000008000920        0xa ./Core/Src/main.o
                0x0000000008000920                Error_Handler
 *fill*         0x000000000800092a        0x2 
 .text.HAL_MspInit
                0x000000000800092c       0x50 ./Core/Src/stm32f1xx_hal_msp.o
                0x000000000800092c                HAL_MspInit
 .text.HAL_I2C_MspInit
                0x000000000800097c       0xa0 ./Core/Src/stm32f1xx_hal_msp.o
                0x000000000800097c                HAL_I2C_MspInit
 .text.EXTI15_10_IRQHandler
                0x0000000008000a1c       0x18 ./Core/Src/stm32f1xx_it.o
                0x0000000008000a1c                EXTI15_10_IRQHandler
 .text.NMI_Handler
                0x0000000008000a34        0x6 ./Core/Src/stm32f1xx_it.o
                0x0000000008000a34                NMI_Handler
 .text.HardFault_Handler
                0x0000000008000a3a        0x6 ./Core/Src/stm32f1xx_it.o
                0x0000000008000a3a                HardFault_Handler
 .text.MemManage_Handler
                0x0000000008000a40        0x6 ./Core/Src/stm32f1xx_it.o
                0x0000000008000a40                MemManage_Handler
 .text.BusFault_Handler
                0x0000000008000a46        0x6 ./Core/Src/stm32f1xx_it.o
                0x0000000008000a46                BusFault_Handler
 .text.UsageFault_Handler
                0x0000000008000a4c        0x6 ./Core/Src/stm32f1xx_it.o
                0x0000000008000a4c                UsageFault_Handler
 .text.DebugMon_Handler
                0x0000000008000a52        0xc ./Core/Src/stm32f1xx_it.o
                0x0000000008000a52                DebugMon_Handler
 .text.SysTick_Handler
                0x0000000008000a5e       0x1a ./Core/Src/stm32f1xx_it.o
                0x0000000008000a5e                SysTick_Handler
 .text.SystemInit
                0x0000000008000a78        0xc ./Core/Src/system_stm32f1xx.o
                0x0000000008000a78                SystemInit
 .text.Reset_Handler
                0x0000000008000a84       0x48 ./Core/Startup/startup_stm32f103c8tx.o
                0x0000000008000a84                Reset_Handler
 .text.Default_Handler
                0x0000000008000acc        0x2 ./Core/Startup/startup_stm32f103c8tx.o
                0x0000000008000acc                RTC_Alarm_IRQHandler
                0x0000000008000acc                EXTI2_IRQHandler
                0x0000000008000acc                TIM1_CC_IRQHandler
                0x0000000008000acc                PVD_IRQHandler
                0x0000000008000acc                EXTI3_IRQHandler
                0x0000000008000acc                EXTI0_IRQHandler
                0x0000000008000acc                I2C2_EV_IRQHandler
                0x0000000008000acc                ADC1_2_IRQHandler
                0x0000000008000acc                SPI1_IRQHandler
                0x0000000008000acc                TAMPER_IRQHandler
                0x0000000008000acc                DMA1_Channel4_IRQHandler
                0x0000000008000acc                USART3_IRQHandler
                0x0000000008000acc                RTC_IRQHandler
                0x0000000008000acc                DMA1_Channel7_IRQHandler
                0x0000000008000acc                CAN1_RX1_IRQHandler
                0x0000000008000acc                TIM4_IRQHandler
                0x0000000008000acc                I2C1_EV_IRQHandler
                0x0000000008000acc                DMA1_Channel6_IRQHandler
                0x0000000008000acc                TIM3_IRQHandler
                0x0000000008000acc                RCC_IRQHandler
                0x0000000008000acc                TIM1_TRG_COM_IRQHandler
                0x0000000008000acc                DMA1_Channel1_IRQHandler
                0x0000000008000acc                Default_Handler
                0x0000000008000acc                EXTI9_5_IRQHandler
                0x0000000008000acc                SPI2_IRQHandler
                0x0000000008000acc                DMA1_Channel5_IRQHandler
                0x0000000008000acc                EXTI4_IRQHandler
                0x0000000008000acc                USB_LP_CAN1_RX0_IRQHandler
                0x0000000008000acc                USB_HP_CAN1_TX_IRQHandler
                0x0000000008000acc                DMA1_Channel3_IRQHandler
                0x0000000008000acc                TIM1_UP_IRQHandler
                0x0000000008000acc                WWDG_IRQHandler
                0x0000000008000acc                TIM2_IRQHandler
                0x0000000008000acc                TIM1_BRK_IRQHandler
                0x0000000008000acc                EXTI1_IRQHandler
                0x0000000008000acc                USART2_IRQHandler
                0x0000000008000acc                I2C2_ER_IRQHandler
                0x0000000008000acc                DMA1_Channel2_IRQHandler
                0x0000000008000acc                CAN1_SCE_IRQHandler
                0x0000000008000acc                FLASH_IRQHandler
                0x0000000008000acc                USART1_IRQHandler
                0x0000000008000acc                I2C1_ER_IRQHandler
                0x0000000008000acc                USBWakeUp_IRQHandler
 *fill*         0x0000000008000ace        0x2 
 .text.HAL_Init
                0x0000000008000ad0       0x2c ./Drivers/STM32F1xx_HAL_Driver/Src/stm32f1xx_hal.o
                0x0000000008000ad0                HAL_Init
 .text.HAL_InitTick
                0x0000000008000afc       0x60 ./Drivers/STM32F1xx_HAL_Driver/Src/stm32f1xx_hal.o
                0x0000000008000afc                HAL_InitTick
 .text.HAL_IncTick
                0x0000000008000b5c       0x24 ./Drivers/STM32F1xx_HAL_Driver/Src/stm32f1xx_hal.o
                0x0000000008000b5c                HAL_IncTick
 .text.HAL_GetTick
                0x0000000008000b80       0x14 ./Drivers/STM32F1xx_HAL_Driver/Src/stm32f1xx_hal.o
                0x0000000008000b80                HAL_GetTick
 .text.HAL_Delay
                0x0000000008000b94       0x48 ./Drivers/STM32F1xx_HAL_Driver/Src/stm32f1xx_hal.o
                0x0000000008000b94                HAL_Delay
 .text.__NVIC_SetPriorityGrouping
                0x0000000008000bdc       0x48 ./Drivers/STM32F1xx_HAL_Driver/Src/stm32f1xx_hal_cortex.o
 .text.__NVIC_GetPriorityGrouping
                0x0000000008000c24       0x1c ./Drivers/STM32F1xx_HAL_Driver/Src/stm32f1xx_hal_cortex.o
 .text.__NVIC_EnableIRQ
                0x0000000008000c40       0x38 ./Drivers/STM32F1xx_HAL_Driver/Src/stm32f1xx_hal_cortex.o
 .text.__NVIC_SetPriority
                0x0000000008000c78       0x54 ./Drivers/STM32F1xx_HAL_Driver/Src/stm32f1xx_hal_cortex.o
 .text.NVIC_EncodePriority
                0x0000000008000ccc       0x64 ./Drivers/STM32F1xx_HAL_Driver/Src/stm32f1xx_hal_cortex.o
 .text.SysTick_Config
                0x0000000008000d30       0x44 ./Drivers/STM32F1xx_HAL_Driver/Src/stm32f1xx_hal_cortex.o
 .text.HAL_NVIC_SetPriorityGrouping
                0x0000000008000d74       0x16 ./Drivers/STM32F1xx_HAL_Driver/Src/stm32f1xx_hal_cortex.o
                0x0000000008000d74                HAL_NVIC_SetPriorityGrouping
 .text.HAL_NVIC_SetPriority
                0x0000000008000d8a       0x38 ./Drivers/STM32F1xx_HAL_Driver/Src/stm32f1xx_hal_cortex.o
                0x0000000008000d8a                HAL_NVIC_SetPriority
 .text.HAL_NVIC_EnableIRQ
                0x0000000008000dc2       0x1c ./Drivers/STM32F1xx_HAL_Driver/Src/stm32f1xx_hal_cortex.o
                0x0000000008000dc2                HAL_NVIC_EnableIRQ
 .text.HAL_SYSTICK_Config
                0x0000000008000dde       0x18 ./Drivers/STM32F1xx_HAL_Driver/Src/stm32f1xx_hal_cortex.o
                0x0000000008000dde                HAL_SYSTICK_Config
 *fill*         0x0000000008000df6        0x2 
 .text.HAL_GPIO_Init
                0x0000000008000df8      0x308 ./Drivers/STM32F1xx_HAL_Driver/Src/stm32f1xx_hal_gpio.o
                0x0000000008000df8                HAL_GPIO_Init
 .text.HAL_GPIO_WritePin
                0x0000000008001100       0x30 ./Drivers/STM32F1xx_HAL_Driver/Src/stm32f1xx_hal_gpio.o
                0x0000000008001100                HAL_GPIO_WritePin
 .text.HAL_GPIO_EXTI_IRQHandler
                0x0000000008001130       0x30 ./Drivers/STM32F1xx_HAL_Driver/Src/stm32f1xx_hal_gpio.o
                0x0000000008001130                HAL_GPIO_EXTI_IRQHandler
 .text.HAL_I2C_Init
                0x0000000008001160      0x288 ./Drivers/STM32F1xx_HAL_Driver/Src/stm32f1xx_hal_i2c.o
                0x0000000008001160                HAL_I2C_Init
 .text.HAL_I2C_Master_Transmit
                0x00000000080013e8      0x1fc ./Drivers/STM32F1xx_HAL_Driver/Src/stm32f1xx_hal_i2c.o
                0x00000000080013e8                HAL_I2C_Master_Transmit
 .text.I2C_MasterRequestWrite
                0x00000000080015e4      0x104 ./Drivers/STM32F1xx_HAL_Driver/Src/stm32f1xx_hal_i2c.o
 .text.I2C_WaitOnFlagUntilTimeout
                0x00000000080016e8       0xae ./Drivers/STM32F1xx_HAL_Driver/Src/stm32f1xx_hal_i2c.o
 .text.I2C_WaitOnMasterAddressFlagUntilTimeout
                0x0000000008001796       0xfe ./Drivers/STM32F1xx_HAL_Driver/Src/stm32f1xx_hal_i2c.o
 .text.I2C_WaitOnTXEFlagUntilTimeout
                0x0000000008001894       0x82 ./Drivers/STM32F1xx_HAL_Driver/Src/stm32f1xx_hal_i2c.o
 .text.I2C_WaitOnBTFFlagUntilTimeout
                0x0000000008001916       0x82 ./Drivers/STM32F1xx_HAL_Driver/Src/stm32f1xx_hal_i2c.o
 .text.I2C_IsAcknowledgeFailed
                0x0000000008001998       0x5c ./Drivers/STM32F1xx_HAL_Driver/Src/stm32f1xx_hal_i2c.o
 .text.HAL_RCC_OscConfig
                0x00000000080019f4      0x504 ./Drivers/STM32F1xx_HAL_Driver/Src/stm32f1xx_hal_rcc.o
                0x00000000080019f4                HAL_RCC_OscConfig
 .text.HAL_RCC_ClockConfig
                0x0000000008001ef8      0x1d4 ./Drivers/STM32F1xx_HAL_Driver/Src/stm32f1xx_hal_rcc.o
                0x0000000008001ef8                HAL_RCC_ClockConfig
 .text.HAL_RCC_GetSysClockFreq
                0x00000000080020cc       0xbc ./Drivers/STM32F1xx_HAL_Driver/Src/stm32f1xx_hal_rcc.o
                0x00000000080020cc                HAL_RCC_GetSysClockFreq
 .text.HAL_RCC_GetHCLKFreq
                0x0000000008002188       0x14 ./Drivers/STM32F1xx_HAL_Driver/Src/stm32f1xx_hal_rcc.o
                0x0000000008002188                HAL_RCC_GetHCLKFreq
 .text.HAL_RCC_GetPCLK1Freq
                0x000000000800219c       0x28 ./Drivers/STM32F1xx_HAL_Driver/Src/stm32f1xx_hal_rcc.o
                0x000000000800219c                HAL_RCC_GetPCLK1Freq
 .text.RCC_Delay
                0x00000000080021c4       0x3c ./Drivers/STM32F1xx_HAL_Driver/Src/stm32f1xx_hal_rcc.o
 .text.osKernelInitialize
                0x0000000008002200       0x64 ./Middlewares/Third_Party/FreeRTOS/Source/CMSIS_RTOS_V2/cmsis_os2.o
                0x0000000008002200                osKernelInitialize
 .text.osKernelStart
                0x0000000008002264       0x68 ./Middlewares/Third_Party/FreeRTOS/Source/CMSIS_RTOS_V2/cmsis_os2.o
                0x0000000008002264                osKernelStart
 .text.osThreadNew
                0x00000000080022cc      0x154 ./Middlewares/Third_Party/FreeRTOS/Source/CMSIS_RTOS_V2/cmsis_os2.o
                0x00000000080022cc                osThreadNew
 .text.osDelay  0x0000000008002420       0x5c ./Middlewares/Third_Party/FreeRTOS/Source/CMSIS_RTOS_V2/cmsis_os2.o
                0x0000000008002420                osDelay
 .text.osSemaphoreNew
                0x000000000800247c      0x138 ./Middlewares/Third_Party/FreeRTOS/Source/CMSIS_RTOS_V2/cmsis_os2.o
                0x000000000800247c                osSemaphoreNew
 .text.osSemaphoreAcquire
                0x00000000080025b4       0xcc ./Middlewares/Third_Party/FreeRTOS/Source/CMSIS_RTOS_V2/cmsis_os2.o
                0x00000000080025b4                osSemaphoreAcquire
 .text.osSemaphoreRelease
                0x0000000008002680       0xb0 ./Middlewares/Third_Party/FreeRTOS/Source/CMSIS_RTOS_V2/cmsis_os2.o
                0x0000000008002680                osSemaphoreRelease
 .text.vApplicationGetIdleTaskMemory
                0x0000000008002730       0x30 ./Middlewares/Third_Party/FreeRTOS/Source/CMSIS_RTOS_V2/cmsis_os2.o
                0x0000000008002730                vApplicationGetIdleTaskMemory
 .text.vApplicationGetTimerTaskMemory
                0x0000000008002760       0x34 ./Middlewares/Third_Party/FreeRTOS/Source/CMSIS_RTOS_V2/cmsis_os2.o
                0x0000000008002760                vApplicationGetTimerTaskMemory
 .text.vListInitialise
                0x0000000008002794       0x3e ./Middlewares/Third_Party/FreeRTOS/Source/list.o
                0x0000000008002794                vListInitialise
 .text.vListInitialiseItem
                0x00000000080027d2       0x18 ./Middlewares/Third_Party/FreeRTOS/Source/list.o
                0x00000000080027d2                vListInitialiseItem
 .text.vListInsertEnd
                0x00000000080027ea       0x46 ./Middlewares/Third_Party/FreeRTOS/Source/list.o
                0x00000000080027ea                vListInsertEnd
 .text.vListInsert
                0x0000000008002830       0x70 ./Middlewares/Third_Party/FreeRTOS/Source/list.o
                0x0000000008002830                vListInsert
 .text.uxListRemove
                0x00000000080028a0       0x52 ./Middlewares/Third_Party/FreeRTOS/Source/list.o
                0x00000000080028a0                uxListRemove
 *fill*         0x00000000080028f2        0x2 
 .text.xQueueGenericReset
                0x00000000080028f4       0xd0 ./Middlewares/Third_Party/FreeRTOS/Source/queue.o
                0x00000000080028f4                xQueueGenericReset
 .text.xQueueGenericCreateStatic
                0x00000000080029c4       0xee ./Middlewares/Third_Party/FreeRTOS/Source/queue.o
                0x00000000080029c4                xQueueGenericCreateStatic
 .text.xQueueGenericCreate
                0x0000000008002ab2       0x7c ./Middlewares/Third_Party/FreeRTOS/Source/queue.o
                0x0000000008002ab2                xQueueGenericCreate
 .text.prvInitialiseNewQueue
                0x0000000008002b2e       0x46 ./Middlewares/Third_Party/FreeRTOS/Source/queue.o
 .text.xQueueCreateCountingSemaphoreStatic
                0x0000000008002b74       0x6e ./Middlewares/Third_Party/FreeRTOS/Source/queue.o
                0x0000000008002b74                xQueueCreateCountingSemaphoreStatic
 .text.xQueueCreateCountingSemaphore
                0x0000000008002be2       0x66 ./Middlewares/Third_Party/FreeRTOS/Source/queue.o
                0x0000000008002be2                xQueueCreateCountingSemaphore
 .text.xQueueGenericSend
                0x0000000008002c48      0x1fc ./Middlewares/Third_Party/FreeRTOS/Source/queue.o
                0x0000000008002c48                xQueueGenericSend
 .text.xQueueGenericSendFromISR
                0x0000000008002e44      0x130 ./Middlewares/Third_Party/FreeRTOS/Source/queue.o
                0x0000000008002e44                xQueueGenericSendFromISR
 .text.xQueueGiveFromISR
                0x0000000008002f74      0x11a ./Middlewares/Third_Party/FreeRTOS/Source/queue.o
                0x0000000008002f74                xQueueGiveFromISR
 *fill*         0x000000000800308e        0x2 
 .text.xQueueReceive
                0x0000000008003090      0x1c0 ./Middlewares/Third_Party/FreeRTOS/Source/queue.o
                0x0000000008003090                xQueueReceive
 .text.xQueueSemaphoreTake
                0x0000000008003250      0x218 ./Middlewares/Third_Party/FreeRTOS/Source/queue.o
                0x0000000008003250                xQueueSemaphoreTake
 .text.xQueueReceiveFromISR
                0x0000000008003468      0x100 ./Middlewares/Third_Party/FreeRTOS/Source/queue.o
                0x0000000008003468                xQueueReceiveFromISR
 .text.vQueueDelete
                0x0000000008003568       0x46 ./Middlewares/Third_Party/FreeRTOS/Source/queue.o
                0x0000000008003568                vQueueDelete
 .text.prvGetDisinheritPriorityAfterTimeout
                0x00000000080035ae       0x2e ./Middlewares/Third_Party/FreeRTOS/Source/queue.o
 .text.prvCopyDataToQueue
                0x00000000080035dc       0xd4 ./Middlewares/Third_Party/FreeRTOS/Source/queue.o
 .text.prvCopyDataFromQueue
                0x00000000080036b0       0x4c ./Middlewares/Third_Party/FreeRTOS/Source/queue.o
 .text.prvUnlockQueue
                0x00000000080036fc       0xa4 ./Middlewares/Third_Party/FreeRTOS/Source/queue.o
 .text.prvIsQueueEmpty
                0x00000000080037a0       0x2c ./Middlewares/Third_Party/FreeRTOS/Source/queue.o
 .text.prvIsQueueFull
                0x00000000080037cc       0x30 ./Middlewares/Third_Party/FreeRTOS/Source/queue.o
 .text.vQueueAddToRegistry
                0x00000000080037fc       0x50 ./Middlewares/Third_Party/FreeRTOS/Source/queue.o
                0x00000000080037fc                vQueueAddToRegistry
 .text.vQueueUnregisterQueue
                0x000000000800384c       0x54 ./Middlewares/Third_Party/FreeRTOS/Source/queue.o
                0x000000000800384c                vQueueUnregisterQueue
 .text.vQueueWaitForMessageRestricted
                0x00000000080038a0       0x68 ./Middlewares/Third_Party/FreeRTOS/Source/queue.o
                0x00000000080038a0                vQueueWaitForMessageRestricted
 .text.xTaskCreateStatic
                0x0000000008003908       0xb8 ./Middlewares/Third_Party/FreeRTOS/Source/tasks.o
                0x0000000008003908                xTaskCreateStatic
 .text.xTaskCreate
                0x00000000080039c0       0x8a ./Middlewares/Third_Party/FreeRTOS/Source/tasks.o
                0x00000000080039c0                xTaskCreate
 .text.prvInitialiseNewTask
                0x0000000008003a4a      0x10e ./Middlewares/Third_Party/FreeRTOS/Source/tasks.o
 .text.prvAddNewTaskToReadyList
                0x0000000008003b58       0xe0 ./Middlewares/Third_Party/FreeRTOS/Source/tasks.o
 .text.vTaskDelay
                0x0000000008003c38       0x68 ./Middlewares/Third_Party/FreeRTOS/Source/tasks.o
                0x0000000008003c38                vTaskDelay
 .text.vTaskStartScheduler
                0x0000000008003ca0       0xcc ./Middlewares/Third_Party/FreeRTOS/Source/tasks.o
                0x0000000008003ca0                vTaskStartScheduler
 .text.vTaskSuspendAll
                0x0000000008003d6c       0x1c ./Middlewares/Third_Party/FreeRTOS/Source/tasks.o
                0x0000000008003d6c                vTaskSuspendAll
 .text.xTaskResumeAll
                0x0000000008003d88      0x13c ./Middlewares/Third_Party/FreeRTOS/Source/tasks.o
                0x0000000008003d88                xTaskResumeAll
 .text.xTaskGetTickCount
                0x0000000008003ec4       0x1c ./Middlewares/Third_Party/FreeRTOS/Source/tasks.o
                0x0000000008003ec4                xTaskGetTickCount
 .text.xTaskIncrementTick
                0x0000000008003ee0      0x17c ./Middlewares/Third_Party/FreeRTOS/Source/tasks.o
                0x0000000008003ee0                xTaskIncrementTick
 .text.vTaskSwitchContext
                0x000000000800405c       0xb8 ./Middlewares/Third_Party/FreeRTOS/Source/tasks.o
                0x000000000800405c                vTaskSwitchContext
 .text.vTaskPlaceOnEventList
                0x0000000008004114       0x48 ./Middlewares/Third_Party/FreeRTOS/Source/tasks.o
                0x0000000008004114                vTaskPlaceOnEventList
 .text.vTaskPlaceOnEventListRestricted
                0x000000000800415c       0x58 ./Middlewares/Third_Party/FreeRTOS/Source/tasks.o
                0x000000000800415c                vTaskPlaceOnEventListRestricted
 .text.xTaskRemoveFromEventList
                0x00000000080041b4       0xc8 ./Middlewares/Third_Party/FreeRTOS/Source/tasks.o
                0x00000000080041b4                xTaskRemoveFromEventList
 .text.vTaskInternalSetTimeOutState
                0x000000000800427c       0x2c ./Middlewares/Third_Party/FreeRTOS/Source/tasks.o
                0x000000000800427c                vTaskInternalSetTimeOutState
 .text.xTaskCheckForTimeOut
                0x00000000080042a8       0xc4 ./Middlewares/Third_Party/FreeRTOS/Source/tasks.o
                0x00000000080042a8                xTaskCheckForTimeOut
 .text.vTaskMissedYield
                0x000000000800436c       0x18 ./Middlewares/Third_Party/FreeRTOS/Source/tasks.o
                0x000000000800436c                vTaskMissedYield
 .text.prvIdleTask
                0x0000000008004384       0x30 ./Middlewares/Third_Party/FreeRTOS/Source/tasks.o
 .text.prvInitialiseTaskLists
                0x00000000080043b4       0x80 ./Middlewares/Third_Party/FreeRTOS/Source/tasks.o
 .text.prvCheckTasksWaitingTermination
                0x0000000008004434       0x5c ./Middlewares/Third_Party/FreeRTOS/Source/tasks.o
 .text.prvDeleteTCB
                0x0000000008004490       0x5e ./Middlewares/Third_Party/FreeRTOS/Source/tasks.o
 *fill*         0x00000000080044ee        0x2 
 .text.prvResetNextTaskUnblockTime
                0x00000000080044f0       0x48 ./Middlewares/Third_Party/FreeRTOS/Source/tasks.o
 .text.xTaskGetSchedulerState
                0x0000000008004538       0x3c ./Middlewares/Third_Party/FreeRTOS/Source/tasks.o
                0x0000000008004538                xTaskGetSchedulerState
 .text.xTaskPriorityInherit
                0x0000000008004574       0xdc ./Middlewares/Third_Party/FreeRTOS/Source/tasks.o
                0x0000000008004574                xTaskPriorityInherit
 .text.xTaskPriorityDisinherit
                0x0000000008004650       0xdc ./Middlewares/Third_Party/FreeRTOS/Source/tasks.o
                0x0000000008004650                xTaskPriorityDisinherit
 .text.vTaskPriorityDisinheritAfterTimeout
                0x000000000800472c      0x10c ./Middlewares/Third_Party/FreeRTOS/Source/tasks.o
                0x000000000800472c                vTaskPriorityDisinheritAfterTimeout
 .text.pvTaskIncrementMutexHeldCount
                0x0000000008004838       0x28 ./Middlewares/Third_Party/FreeRTOS/Source/tasks.o
                0x0000000008004838                pvTaskIncrementMutexHeldCount
 .text.prvAddCurrentTaskToDelayedList
                0x0000000008004860       0xa8 ./Middlewares/Third_Party/FreeRTOS/Source/tasks.o
 .text.xTimerCreateTimerTask
                0x0000000008004908       0x90 ./Middlewares/Third_Party/FreeRTOS/Source/timers.o
                0x0000000008004908                xTimerCreateTimerTask
 .text.xTimerGenericCommand
                0x0000000008004998       0x9c ./Middlewares/Third_Party/FreeRTOS/Source/timers.o
                0x0000000008004998                xTimerGenericCommand
 .text.prvProcessExpiredTimer
                0x0000000008004a34       0x80 ./Middlewares/Third_Party/FreeRTOS/Source/timers.o
 .text.prvTimerTask
                0x0000000008004ab4       0x24 ./Middlewares/Third_Party/FreeRTOS/Source/timers.o
 .text.prvProcessTimerOrBlockTask
                0x0000000008004ad8       0x9c ./Middlewares/Third_Party/FreeRTOS/Source/timers.o
 .text.prvGetNextExpireTime
                0x0000000008004b74       0x48 ./Middlewares/Third_Party/FreeRTOS/Source/timers.o
 .text.prvSampleTimeNow
                0x0000000008004bbc       0x40 ./Middlewares/Third_Party/FreeRTOS/Source/timers.o
 .text.prvInsertTimerInActiveList
                0x0000000008004bfc       0x84 ./Middlewares/Third_Party/FreeRTOS/Source/timers.o
 .text.prvProcessReceivedCommands
                0x0000000008004c80      0x168 ./Middlewares/Third_Party/FreeRTOS/Source/timers.o
 .text.prvSwitchTimerLists
                0x0000000008004de8       0xc4 ./Middlewares/Third_Party/FreeRTOS/Source/timers.o
 .text.prvCheckForValidListAndQueue
                0x0000000008004eac       0x80 ./Middlewares/Third_Party/FreeRTOS/Source/timers.o
 .text.pxPortInitialiseStack
                0x0000000008004f2c       0x58 ./Middlewares/Third_Party/FreeRTOS/Source/portable/GCC/ARM_CM3/port.o
                0x0000000008004f2c                pxPortInitialiseStack
 .text.prvTaskExitError
                0x0000000008004f84       0x58 ./Middlewares/Third_Party/FreeRTOS/Source/portable/GCC/ARM_CM3/port.o
 *fill*         0x0000000008004fdc        0x4 
 .text.SVC_Handler
                0x0000000008004fe0       0x28 ./Middlewares/Third_Party/FreeRTOS/Source/portable/GCC/ARM_CM3/port.o
                0x0000000008004fe0                SVC_Handler
 .text.prvPortStartFirstTask
                0x0000000008005008       0x20 ./Middlewares/Third_Party/FreeRTOS/Source/portable/GCC/ARM_CM3/port.o
 .text.xPortStartScheduler
                0x0000000008005028       0xe4 ./Middlewares/Third_Party/FreeRTOS/Source/portable/GCC/ARM_CM3/port.o
                0x0000000008005028                xPortStartScheduler
 .text.vPortEnterCritical
                0x000000000800510c       0x60 ./Middlewares/Third_Party/FreeRTOS/Source/portable/GCC/ARM_CM3/port.o
                0x000000000800510c                vPortEnterCritical
 .text.vPortExitCritical
                0x000000000800516c       0x50 ./Middlewares/Third_Party/FreeRTOS/Source/portable/GCC/ARM_CM3/port.o
                0x000000000800516c                vPortExitCritical
 *fill*         0x00000000080051bc        0x4 
 .text.PendSV_Handler
                0x00000000080051c0       0x48 ./Middlewares/Third_Party/FreeRTOS/Source/portable/GCC/ARM_CM3/port.o
                0x00000000080051c0                PendSV_Handler
 .text.xPortSysTickHandler
                0x0000000008005208       0x44 ./Middlewares/Third_Party/FreeRTOS/Source/portable/GCC/ARM_CM3/port.o
                0x0000000008005208                xPortSysTickHandler
 .text.vPortSetupTimerInterrupt
                0x000000000800524c       0x44 ./Middlewares/Third_Party/FreeRTOS/Source/portable/GCC/ARM_CM3/port.o
                0x000000000800524c                vPortSetupTimerInterrupt
 .text.vPortValidateInterruptPriority
                0x0000000008005290       0x7c ./Middlewares/Third_Party/FreeRTOS/Source/portable/GCC/ARM_CM3/port.o
                0x0000000008005290                vPortValidateInterruptPriority
 .text.pvPortMalloc
                0x000000000800530c      0x188 ./Middlewares/Third_Party/FreeRTOS/Source/portable/MemMang/heap_4.o
                0x000000000800530c                pvPortMalloc
 .text.vPortFree
                0x0000000008005494       0xb4 ./Middlewares/Third_Party/FreeRTOS/Source/portable/MemMang/heap_4.o
                0x0000000008005494                vPortFree
 .text.prvHeapInit
                0x0000000008005548       0xc4 ./Middlewares/Third_Party/FreeRTOS/Source/portable/MemMang/heap_4.o
 .text.prvInsertBlockIntoFreeList
                0x000000000800560c       0xb0 ./Middlewares/Third_Party/FreeRTOS/Source/portable/MemMang/heap_4.o
 .text.__libc_init_array
                0x00000000080056bc       0x48 c:/st/stm32cubeide_1.12.1/stm32cubeide/plugins/com.st.stm32cube.ide.mcu.externaltools.gnu-tools-for-stm32.10.3-2021.10.win32_1.0.200.202301161003/tools/bin/../lib/gcc/arm-none-eabi/10.3.1/../../../../arm-none-eabi/lib/thumb/v7-m/nofp\libc_nano.a(lib_a-init.o)
                0x00000000080056bc                __libc_init_array
 .text.memcpy   0x0000000008005704       0x1c c:/st/stm32cubeide_1.12.1/stm32cubeide/plugins/com.st.stm32cube.ide.mcu.externaltools.gnu-tools-for-stm32.10.3-2021.10.win32_1.0.200.202301161003/tools/bin/../lib/gcc/arm-none-eabi/10.3.1/../../../../arm-none-eabi/lib/thumb/v7-m/nofp\libc_nano.a(lib_a-memcpy-stub.o)
                0x0000000008005704                memcpy
 .text.memset   0x0000000008005720       0x10 c:/st/stm32cubeide_1.12.1/stm32cubeide/plugins/com.st.stm32cube.ide.mcu.externaltools.gnu-tools-for-stm32.10.3-2021.10.win32_1.0.200.202301161003/tools/bin/../lib/gcc/arm-none-eabi/10.3.1/../../../../arm-none-eabi/lib/thumb/v7-m/nofp\libc_nano.a(lib_a-memset.o)
                0x0000000008005720                memset
 *(.glue_7)
 .glue_7        0x0000000008005730        0x0 linker stubs
 *(.glue_7t)
 .glue_7t       0x0000000008005730        0x0 linker stubs
 *(.eh_frame)
 .eh_frame      0x0000000008005730        0x0 c:/st/stm32cubeide_1.12.1/stm32cubeide/plugins/com.st.stm32cube.ide.mcu.externaltools.gnu-tools-for-stm32.10.3-2021.10.win32_1.0.200.202301161003/tools/bin/../lib/gcc/arm-none-eabi/10.3.1/thumb/v7-m/nofp/crtbegin.o
 *(.init)
 .init          0x0000000008005730        0x4 c:/st/stm32cubeide_1.12.1/stm32cubeide/plugins/com.st.stm32cube.ide.mcu.externaltools.gnu-tools-for-stm32.10.3-2021.10.win32_1.0.200.202301161003/tools/bin/../lib/gcc/arm-none-eabi/10.3.1/thumb/v7-m/nofp/crti.o
                0x0000000008005730                _init
 .init          0x0000000008005734        0x8 c:/st/stm32cubeide_1.12.1/stm32cubeide/plugins/com.st.stm32cube.ide.mcu.externaltools.gnu-tools-for-stm32.10.3-2021.10.win32_1.0.200.202301161003/tools/bin/../lib/gcc/arm-none-eabi/10.3.1/thumb/v7-m/nofp/crtn.o
 *(.fini)
 .fini          0x000000000800573c        0x4 c:/st/stm32cubeide_1.12.1/stm32cubeide/plugins/com.st.stm32cube.ide.mcu.externaltools.gnu-tools-for-stm32.10.3-2021.10.win32_1.0.200.202301161003/tools/bin/../lib/gcc/arm-none-eabi/10.3.1/thumb/v7-m/nofp/crti.o
                0x000000000800573c                _fini
 .fini          0x0000000008005740        0x8 c:/st/stm32cubeide_1.12.1/stm32cubeide/plugins/com.st.stm32cube.ide.mcu.externaltools.gnu-tools-for-stm32.10.3-2021.10.win32_1.0.200.202301161003/tools/bin/../lib/gcc/arm-none-eabi/10.3.1/thumb/v7-m/nofp/crtn.o
                0x0000000008005748                . = ALIGN (0x4)
                0x0000000008005748                _etext = .

.vfp11_veneer   0x0000000008005748        0x0
 .vfp11_veneer  0x0000000008005748        0x0 linker stubs

.v4_bx          0x0000000008005748        0x0
 .v4_bx         0x0000000008005748        0x0 linker stubs

.iplt           0x0000000008005748        0x0
 .iplt          0x0000000008005748        0x0 c:/st/stm32cubeide_1.12.1/stm32cubeide/plugins/com.st.stm32cube.ide.mcu.externaltools.gnu-tools-for-stm32.10.3-2021.10.win32_1.0.200.202301161003/tools/bin/../lib/gcc/arm-none-eabi/10.3.1/thumb/v7-m/nofp/crtbegin.o

.rodata         0x0000000008005748      0x194
                0x0000000008005748                . = ALIGN (0x4)
 *(.rodata)
 .rodata        0x0000000008005748       0x10 ./Core/Src/liquidcrystal_i2c.o
 .rodata        0x0000000008005758       0xa6 ./Core/Src/main.o
 *fill*         0x00000000080057fe        0x2 
 .rodata        0x0000000008005800       0x10 ./Drivers/STM32F1xx_HAL_Driver/Src/stm32f1xx_hal_rcc.o
 .rodata        0x0000000008005810        0x5 ./Middlewares/Third_Party/FreeRTOS/Source/tasks.o
 *fill*         0x0000000008005815        0x3 
 .rodata        0x0000000008005818        0xd ./Middlewares/Third_Party/FreeRTOS/Source/timers.o
 *(.rodata*)
 *fill*         0x0000000008005825        0x3 
 .rodata.defaultTask_attributes
                0x0000000008005828       0x24 ./Core/Src/main.o
                0x0000000008005828                defaultTask_attributes
 .rodata.holdLED_attributes
                0x000000000800584c       0x24 ./Core/Src/main.o
                0x000000000800584c                holdLED_attributes
 .rodata.SwitchTask_attributes
                0x0000000008005870       0x24 ./Core/Src/main.o
                0x0000000008005870                SwitchTask_attributes
 .rodata.buttonSemaphore_attributes
                0x0000000008005894       0x10 ./Core/Src/main.o
                0x0000000008005894                buttonSemaphore_attributes
 .rodata.switchSemaphore_attributes
                0x00000000080058a4       0x10 ./Core/Src/main.o
                0x00000000080058a4                switchSemaphore_attributes
 .rodata.blockSemaphore_attributes
                0x00000000080058b4       0x10 ./Core/Src/main.o
                0x00000000080058b4                blockSemaphore_attributes
 .rodata.AHBPrescTable
                0x00000000080058c4       0x10 ./Core/Src/system_stm32f1xx.o
                0x00000000080058c4                AHBPrescTable
 .rodata.APBPrescTable
                0x00000000080058d4        0x8 ./Core/Src/system_stm32f1xx.o
                0x00000000080058d4                APBPrescTable
                0x00000000080058dc                . = ALIGN (0x4)

.rel.dyn        0x00000000080058dc        0x0
 .rel.iplt      0x00000000080058dc        0x0 c:/st/stm32cubeide_1.12.1/stm32cubeide/plugins/com.st.stm32cube.ide.mcu.externaltools.gnu-tools-for-stm32.10.3-2021.10.win32_1.0.200.202301161003/tools/bin/../lib/gcc/arm-none-eabi/10.3.1/thumb/v7-m/nofp/crtbegin.o

.ARM.extab      0x00000000080058dc        0x0
                0x00000000080058dc                . = ALIGN (0x4)
 *(.ARM.extab* .gnu.linkonce.armextab.*)
                0x00000000080058dc                . = ALIGN (0x4)

.ARM            0x00000000080058dc        0x0
                0x00000000080058dc                . = ALIGN (0x4)
                0x00000000080058dc                __exidx_start = .
 *(.ARM.exidx*)
                0x00000000080058dc                __exidx_end = .
                0x00000000080058dc                . = ALIGN (0x4)

.preinit_array  0x00000000080058dc        0x0
                0x00000000080058dc                . = ALIGN (0x4)
                0x00000000080058dc                PROVIDE (__preinit_array_start = .)
 *(.preinit_array*)
                0x00000000080058dc                PROVIDE (__preinit_array_end = .)
                0x00000000080058dc                . = ALIGN (0x4)

.init_array     0x00000000080058dc        0x4
                0x00000000080058dc                . = ALIGN (0x4)
                0x00000000080058dc                PROVIDE (__init_array_start = .)
 *(SORT_BY_NAME(.init_array.*))
 *(.init_array*)
 .init_array    0x00000000080058dc        0x4 c:/st/stm32cubeide_1.12.1/stm32cubeide/plugins/com.st.stm32cube.ide.mcu.externaltools.gnu-tools-for-stm32.10.3-2021.10.win32_1.0.200.202301161003/tools/bin/../lib/gcc/arm-none-eabi/10.3.1/thumb/v7-m/nofp/crtbegin.o
                0x00000000080058e0                PROVIDE (__init_array_end = .)
                0x00000000080058e0                . = ALIGN (0x4)

.fini_array     0x00000000080058e0        0x4
                0x00000000080058e0                . = ALIGN (0x4)
                [!provide]                        PROVIDE (__fini_array_start = .)
 *(SORT_BY_NAME(.fini_array.*))
 *(.fini_array*)
 .fini_array    0x00000000080058e0        0x4 c:/st/stm32cubeide_1.12.1/stm32cubeide/plugins/com.st.stm32cube.ide.mcu.externaltools.gnu-tools-for-stm32.10.3-2021.10.win32_1.0.200.202301161003/tools/bin/../lib/gcc/arm-none-eabi/10.3.1/thumb/v7-m/nofp/crtbegin.o
                [!provide]                        PROVIDE (__fini_array_end = .)
                0x00000000080058e4                . = ALIGN (0x4)
                0x00000000080058e4                _sidata = LOADADDR (.data)

.data           0x0000000020000000       0x20 load address 0x00000000080058e4
                0x0000000020000000                . = ALIGN (0x4)
                0x0000000020000000                _sdata = .
 *(.data)
 *(.data*)
 .data.special1
                0x0000000020000000        0x8 ./Core/Src/liquidcrystal_i2c.o
                0x0000000020000000                special1
 .data.special2
                0x0000000020000008        0x8 ./Core/Src/liquidcrystal_i2c.o
                0x0000000020000008                special2
 .data.SystemCoreClock
                0x0000000020000010        0x4 ./Core/Src/system_stm32f1xx.o
                0x0000000020000010                SystemCoreClock
 .data.uwTickPrio
                0x0000000020000014        0x4 ./Drivers/STM32F1xx_HAL_Driver/Src/stm32f1xx_hal.o
                0x0000000020000014                uwTickPrio
 .data.uwTickFreq
                0x0000000020000018        0x1 ./Drivers/STM32F1xx_HAL_Driver/Src/stm32f1xx_hal.o
                0x0000000020000018                uwTickFreq
 *fill*         0x0000000020000019        0x3 
 .data.uxCriticalNesting
                0x000000002000001c        0x4 ./Middlewares/Third_Party/FreeRTOS/Source/portable/GCC/ARM_CM3/port.o
 *(.RamFunc)
 *(.RamFunc*)
                0x0000000020000020                . = ALIGN (0x4)
                0x0000000020000020                _edata = .

.igot.plt       0x0000000020000020        0x0 load address 0x0000000008005904
 .igot.plt      0x0000000020000020        0x0 c:/st/stm32cubeide_1.12.1/stm32cubeide/plugins/com.st.stm32cube.ide.mcu.externaltools.gnu-tools-for-stm32.10.3-2021.10.win32_1.0.200.202301161003/tools/bin/../lib/gcc/arm-none-eabi/10.3.1/thumb/v7-m/nofp/crtbegin.o
                0x0000000020000020                . = ALIGN (0x4)

.bss            0x0000000020000020     0x19dc load address 0x0000000008005904
                0x0000000020000020                _sbss = .
                0x0000000020000020                __bss_start__ = _sbss
 *(.bss)
 .bss           0x0000000020000020       0x1c c:/st/stm32cubeide_1.12.1/stm32cubeide/plugins/com.st.stm32cube.ide.mcu.externaltools.gnu-tools-for-stm32.10.3-2021.10.win32_1.0.200.202301161003/tools/bin/../lib/gcc/arm-none-eabi/10.3.1/thumb/v7-m/nofp/crtbegin.o
 *(.bss*)
 .bss.dpFunction
                0x000000002000003c        0x1 ./Core/Src/liquidcrystal_i2c.o
                0x000000002000003c                dpFunction
 .bss.dpControl
                0x000000002000003d        0x1 ./Core/Src/liquidcrystal_i2c.o
                0x000000002000003d                dpControl
 .bss.dpMode    0x000000002000003e        0x1 ./Core/Src/liquidcrystal_i2c.o
                0x000000002000003e                dpMode
 .bss.dpRows    0x000000002000003f        0x1 ./Core/Src/liquidcrystal_i2c.o
                0x000000002000003f                dpRows
 .bss.dpBacklight
                0x0000000020000040        0x1 ./Core/Src/liquidcrystal_i2c.o
                0x0000000020000040                dpBacklight
 *fill*         0x0000000020000041        0x3 
 .bss.hi2c1     0x0000000020000044       0x54 ./Core/Src/main.o
                0x0000000020000044                hi2c1
 .bss.defaultTaskHandle
                0x0000000020000098        0x4 ./Core/Src/main.o
                0x0000000020000098                defaultTaskHandle
 .bss.buttonSemaphoreHandle
                0x000000002000009c        0x4 ./Core/Src/main.o
                0x000000002000009c                buttonSemaphoreHandle
 .bss.switchSemaphoreHandle
                0x00000000200000a0        0x4 ./Core/Src/main.o
                0x00000000200000a0                switchSemaphoreHandle
 .bss.blockSemaphoreHandle
                0x00000000200000a4        0x4 ./Core/Src/main.o
                0x00000000200000a4                blockSemaphoreHandle
 .bss.holdLEDHandle
                0x00000000200000a8        0x4 ./Core/Src/main.o
                0x00000000200000a8                holdLEDHandle
 .bss.holdSwitchHandle
                0x00000000200000ac        0x4 ./Core/Src/main.o
                0x00000000200000ac                holdSwitchHandle
 .bss.uwTick    0x00000000200000b0        0x4 ./Drivers/STM32F1xx_HAL_Driver/Src/stm32f1xx_hal.o
                0x00000000200000b0                uwTick
 .bss.KernelState
                0x00000000200000b4        0x4 ./Middlewares/Third_Party/FreeRTOS/Source/CMSIS_RTOS_V2/cmsis_os2.o
 .bss.Idle_TCB  0x00000000200000b8       0x5c ./Middlewares/Third_Party/FreeRTOS/Source/CMSIS_RTOS_V2/cmsis_os2.o
 .bss.Idle_Stack
                0x0000000020000114      0x200 ./Middlewares/Third_Party/FreeRTOS/Source/CMSIS_RTOS_V2/cmsis_os2.o
 .bss.Timer_TCB
                0x0000000020000314       0x5c ./Middlewares/Third_Party/FreeRTOS/Source/CMSIS_RTOS_V2/cmsis_os2.o
 .bss.Timer_Stack
                0x0000000020000370      0x400 ./Middlewares/Third_Party/FreeRTOS/Source/CMSIS_RTOS_V2/cmsis_os2.o
 .bss.xQueueRegistry
                0x0000000020000770       0x40 ./Middlewares/Third_Party/FreeRTOS/Source/queue.o
                0x0000000020000770                xQueueRegistry
 .bss.pxCurrentTCB
                0x00000000200007b0        0x4 ./Middlewares/Third_Party/FreeRTOS/Source/tasks.o
                0x00000000200007b0                pxCurrentTCB
 .bss.pxReadyTasksLists
                0x00000000200007b4      0x460 ./Middlewares/Third_Party/FreeRTOS/Source/tasks.o
 .bss.xDelayedTaskList1
                0x0000000020000c14       0x14 ./Middlewares/Third_Party/FreeRTOS/Source/tasks.o
 .bss.xDelayedTaskList2
                0x0000000020000c28       0x14 ./Middlewares/Third_Party/FreeRTOS/Source/tasks.o
 .bss.pxDelayedTaskList
                0x0000000020000c3c        0x4 ./Middlewares/Third_Party/FreeRTOS/Source/tasks.o
 .bss.pxOverflowDelayedTaskList
                0x0000000020000c40        0x4 ./Middlewares/Third_Party/FreeRTOS/Source/tasks.o
 .bss.xPendingReadyList
                0x0000000020000c44       0x14 ./Middlewares/Third_Party/FreeRTOS/Source/tasks.o
 .bss.xTasksWaitingTermination
                0x0000000020000c58       0x14 ./Middlewares/Third_Party/FreeRTOS/Source/tasks.o
 .bss.uxDeletedTasksWaitingCleanUp
                0x0000000020000c6c        0x4 ./Middlewares/Third_Party/FreeRTOS/Source/tasks.o
 .bss.xSuspendedTaskList
                0x0000000020000c70       0x14 ./Middlewares/Third_Party/FreeRTOS/Source/tasks.o
 .bss.uxCurrentNumberOfTasks
                0x0000000020000c84        0x4 ./Middlewares/Third_Party/FreeRTOS/Source/tasks.o
 .bss.xTickCount
                0x0000000020000c88        0x4 ./Middlewares/Third_Party/FreeRTOS/Source/tasks.o
 .bss.uxTopReadyPriority
                0x0000000020000c8c        0x4 ./Middlewares/Third_Party/FreeRTOS/Source/tasks.o
 .bss.xSchedulerRunning
                0x0000000020000c90        0x4 ./Middlewares/Third_Party/FreeRTOS/Source/tasks.o
 .bss.uxPendedTicks
                0x0000000020000c94        0x4 ./Middlewares/Third_Party/FreeRTOS/Source/tasks.o
 .bss.xYieldPending
                0x0000000020000c98        0x4 ./Middlewares/Third_Party/FreeRTOS/Source/tasks.o
 .bss.xNumOfOverflows
                0x0000000020000c9c        0x4 ./Middlewares/Third_Party/FreeRTOS/Source/tasks.o
 .bss.uxTaskNumber
                0x0000000020000ca0        0x4 ./Middlewares/Third_Party/FreeRTOS/Source/tasks.o
 .bss.xNextTaskUnblockTime
                0x0000000020000ca4        0x4 ./Middlewares/Third_Party/FreeRTOS/Source/tasks.o
 .bss.xIdleTaskHandle
                0x0000000020000ca8        0x4 ./Middlewares/Third_Party/FreeRTOS/Source/tasks.o
 .bss.uxSchedulerSuspended
                0x0000000020000cac        0x4 ./Middlewares/Third_Party/FreeRTOS/Source/tasks.o
 .bss.xActiveTimerList1
                0x0000000020000cb0       0x14 ./Middlewares/Third_Party/FreeRTOS/Source/timers.o
 .bss.xActiveTimerList2
                0x0000000020000cc4       0x14 ./Middlewares/Third_Party/FreeRTOS/Source/timers.o
 .bss.pxCurrentTimerList
                0x0000000020000cd8        0x4 ./Middlewares/Third_Party/FreeRTOS/Source/timers.o
 .bss.pxOverflowTimerList
                0x0000000020000cdc        0x4 ./Middlewares/Third_Party/FreeRTOS/Source/timers.o
 .bss.xTimerQueue
                0x0000000020000ce0        0x4 ./Middlewares/Third_Party/FreeRTOS/Source/timers.o
 .bss.xTimerTaskHandle
                0x0000000020000ce4        0x4 ./Middlewares/Third_Party/FreeRTOS/Source/timers.o
 .bss.xLastTime.2
                0x0000000020000ce8        0x4 ./Middlewares/Third_Party/FreeRTOS/Source/timers.o
 .bss.ucStaticTimerQueueStorage.1
                0x0000000020000cec       0xa0 ./Middlewares/Third_Party/FreeRTOS/Source/timers.o
 .bss.xStaticTimerQueue.0
                0x0000000020000d8c       0x50 ./Middlewares/Third_Party/FreeRTOS/Source/timers.o
 .bss.ucMaxSysCallPriority
                0x0000000020000ddc        0x1 ./Middlewares/Third_Party/FreeRTOS/Source/portable/GCC/ARM_CM3/port.o
 *fill*         0x0000000020000ddd        0x3 
 .bss.ulMaxPRIGROUPValue
                0x0000000020000de0        0x4 ./Middlewares/Third_Party/FreeRTOS/Source/portable/GCC/ARM_CM3/port.o
 .bss.ucHeap    0x0000000020000de4      0xc00 ./Middlewares/Third_Party/FreeRTOS/Source/portable/MemMang/heap_4.o
 .bss.xStart    0x00000000200019e4        0x8 ./Middlewares/Third_Party/FreeRTOS/Source/portable/MemMang/heap_4.o
 .bss.pxEnd     0x00000000200019ec        0x4 ./Middlewares/Third_Party/FreeRTOS/Source/portable/MemMang/heap_4.o
 .bss.xFreeBytesRemaining
                0x00000000200019f0        0x4 ./Middlewares/Third_Party/FreeRTOS/Source/portable/MemMang/heap_4.o
 .bss.xMinimumEverFreeBytesRemaining
                0x00000000200019f4        0x4 ./Middlewares/Third_Party/FreeRTOS/Source/portable/MemMang/heap_4.o
 .bss.xBlockAllocatedBit
                0x00000000200019f8        0x4 ./Middlewares/Third_Party/FreeRTOS/Source/portable/MemMang/heap_4.o
 *(COMMON)
                0x00000000200019fc                . = ALIGN (0x4)
                0x00000000200019fc                _ebss = .
                0x00000000200019fc                __bss_end__ = _ebss

._user_heap_stack
                0x00000000200019fc      0x604 load address 0x0000000008005904
                0x0000000020001a00                . = ALIGN (0x8)
 *fill*         0x00000000200019fc        0x4 
                [!provide]                        PROVIDE (end = .)
                0x0000000020001a00                PROVIDE (_end = .)
                0x0000000020001c00                . = (. + _Min_Heap_Size)
 *fill*         0x0000000020001a00      0x200 
                0x0000000020002000                . = (. + _Min_Stack_Size)
 *fill*         0x0000000020001c00      0x400 
                0x0000000020002000                . = ALIGN (0x8)

/DISCARD/
 libc.a(*)
 libm.a(*)
 libgcc.a(*)

.ARM.attributes
                0x0000000000000000       0x29
 *(.ARM.attributes)
 .ARM.attributes
                0x0000000000000000       0x1d c:/st/stm32cubeide_1.12.1/stm32cubeide/plugins/com.st.stm32cube.ide.mcu.externaltools.gnu-tools-for-stm32.10.3-2021.10.win32_1.0.200.202301161003/tools/bin/../lib/gcc/arm-none-eabi/10.3.1/thumb/v7-m/nofp/crti.o
 .ARM.attributes
                0x000000000000001d       0x2d c:/st/stm32cubeide_1.12.1/stm32cubeide/plugins/com.st.stm32cube.ide.mcu.externaltools.gnu-tools-for-stm32.10.3-2021.10.win32_1.0.200.202301161003/tools/bin/../lib/gcc/arm-none-eabi/10.3.1/thumb/v7-m/nofp/crtbegin.o
 .ARM.attributes
                0x000000000000004a       0x2d ./Core/Src/liquidcrystal_i2c.o
 .ARM.attributes
                0x0000000000000077       0x2d ./Core/Src/main.o
 .ARM.attributes
                0x00000000000000a4       0x2d ./Core/Src/stm32f1xx_hal_msp.o
 .ARM.attributes
                0x00000000000000d1       0x2d ./Core/Src/stm32f1xx_it.o
 .ARM.attributes
                0x00000000000000fe       0x2d ./Core/Src/system_stm32f1xx.o
 .ARM.attributes
                0x000000000000012b       0x21 ./Core/Startup/startup_stm32f103c8tx.o
 .ARM.attributes
                0x000000000000014c       0x2d ./Drivers/STM32F1xx_HAL_Driver/Src/stm32f1xx_hal.o
 .ARM.attributes
                0x0000000000000179       0x2d ./Drivers/STM32F1xx_HAL_Driver/Src/stm32f1xx_hal_cortex.o
 .ARM.attributes
                0x00000000000001a6       0x2d ./Drivers/STM32F1xx_HAL_Driver/Src/stm32f1xx_hal_gpio.o
 .ARM.attributes
                0x00000000000001d3       0x2d ./Drivers/STM32F1xx_HAL_Driver/Src/stm32f1xx_hal_i2c.o
 .ARM.attributes
                0x0000000000000200       0x2d ./Drivers/STM32F1xx_HAL_Driver/Src/stm32f1xx_hal_rcc.o
 .ARM.attributes
                0x000000000000022d       0x2d ./Middlewares/Third_Party/FreeRTOS/Source/CMSIS_RTOS_V2/cmsis_os2.o
 .ARM.attributes
                0x000000000000025a       0x2d ./Middlewares/Third_Party/FreeRTOS/Source/list.o
 .ARM.attributes
                0x0000000000000287       0x2d ./Middlewares/Third_Party/FreeRTOS/Source/queue.o
 .ARM.attributes
                0x00000000000002b4       0x2d ./Middlewares/Third_Party/FreeRTOS/Source/tasks.o
 .ARM.attributes
                0x00000000000002e1       0x2d ./Middlewares/Third_Party/FreeRTOS/Source/timers.o
 .ARM.attributes
                0x000000000000030e       0x2d ./Middlewares/Third_Party/FreeRTOS/Source/portable/GCC/ARM_CM3/port.o
 .ARM.attributes
                0x000000000000033b       0x2d ./Middlewares/Third_Party/FreeRTOS/Source/portable/MemMang/heap_4.o
 .ARM.attributes
                0x0000000000000368       0x2d c:/st/stm32cubeide_1.12.1/stm32cubeide/plugins/com.st.stm32cube.ide.mcu.externaltools.gnu-tools-for-stm32.10.3-2021.10.win32_1.0.200.202301161003/tools/bin/../lib/gcc/arm-none-eabi/10.3.1/../../../../arm-none-eabi/lib/thumb/v7-m/nofp\libc_nano.a(lib_a-init.o)
 .ARM.attributes
                0x0000000000000395       0x2d c:/st/stm32cubeide_1.12.1/stm32cubeide/plugins/com.st.stm32cube.ide.mcu.externaltools.gnu-tools-for-stm32.10.3-2021.10.win32_1.0.200.202301161003/tools/bin/../lib/gcc/arm-none-eabi/10.3.1/../../../../arm-none-eabi/lib/thumb/v7-m/nofp\libc_nano.a(lib_a-memcpy-stub.o)
 .ARM.attributes
                0x00000000000003c2       0x2d c:/st/stm32cubeide_1.12.1/stm32cubeide/plugins/com.st.stm32cube.ide.mcu.externaltools.gnu-tools-for-stm32.10.3-2021.10.win32_1.0.200.202301161003/tools/bin/../lib/gcc/arm-none-eabi/10.3.1/../../../../arm-none-eabi/lib/thumb/v7-m/nofp\libc_nano.a(lib_a-memset.o)
 .ARM.attributes
                0x00000000000003ef       0x1d c:/st/stm32cubeide_1.12.1/stm32cubeide/plugins/com.st.stm32cube.ide.mcu.externaltools.gnu-tools-for-stm32.10.3-2021.10.win32_1.0.200.202301161003/tools/bin/../lib/gcc/arm-none-eabi/10.3.1/thumb/v7-m/nofp/crtn.o
OUTPUT(BTN.elf elf32-littlearm)
LOAD linker stubs
LOAD c:/st/stm32cubeide_1.12.1/stm32cubeide/plugins/com.st.stm32cube.ide.mcu.externaltools.gnu-tools-for-stm32.10.3-2021.10.win32_1.0.200.202301161003/tools/bin/../lib/gcc/arm-none-eabi/10.3.1/../../../../arm-none-eabi/lib/thumb/v7-m/nofp\libc.a
LOAD c:/st/stm32cubeide_1.12.1/stm32cubeide/plugins/com.st.stm32cube.ide.mcu.externaltools.gnu-tools-for-stm32.10.3-2021.10.win32_1.0.200.202301161003/tools/bin/../lib/gcc/arm-none-eabi/10.3.1/../../../../arm-none-eabi/lib/thumb/v7-m/nofp\libm.a
LOAD c:/st/stm32cubeide_1.12.1/stm32cubeide/plugins/com.st.stm32cube.ide.mcu.externaltools.gnu-tools-for-stm32.10.3-2021.10.win32_1.0.200.202301161003/tools/bin/../lib/gcc/arm-none-eabi/10.3.1/thumb/v7-m/nofp\libgcc.a

.debug_info     0x0000000000000000    0x112af
 .debug_info    0x0000000000000000      0xd79 ./Core/Src/liquidcrystal_i2c.o
 .debug_info    0x0000000000000d79     0x125d ./Core/Src/main.o
 .debug_info    0x0000000000001fd6      0xcea ./Core/Src/stm32f1xx_hal_msp.o
 .debug_info    0x0000000000002cc0      0x162 ./Core/Src/stm32f1xx_it.o
 .debug_info    0x0000000000002e22      0x23d ./Core/Src/system_stm32f1xx.o
 .debug_info    0x000000000000305f       0x22 ./Core/Startup/startup_stm32f103c8tx.o
 .debug_info    0x0000000000003081      0x734 ./Drivers/STM32F1xx_HAL_Driver/Src/stm32f1xx_hal.o
 .debug_info    0x00000000000037b5      0xb20 ./Drivers/STM32F1xx_HAL_Driver/Src/stm32f1xx_hal_cortex.o
 .debug_info    0x00000000000042d5      0x615 ./Drivers/STM32F1xx_HAL_Driver/Src/stm32f1xx_hal_gpio.o
 .debug_info    0x00000000000048ea     0x2734 ./Drivers/STM32F1xx_HAL_Driver/Src/stm32f1xx_hal_i2c.o
 .debug_info    0x000000000000701e      0x860 ./Drivers/STM32F1xx_HAL_Driver/Src/stm32f1xx_hal_rcc.o
 .debug_info    0x000000000000787e     0x3bef ./Middlewares/Third_Party/FreeRTOS/Source/CMSIS_RTOS_V2/cmsis_os2.o
 .debug_info    0x000000000000b46d      0x2cb ./Middlewares/Third_Party/FreeRTOS/Source/list.o
 .debug_info    0x000000000000b738     0x1bf9 ./Middlewares/Third_Party/FreeRTOS/Source/queue.o
 .debug_info    0x000000000000d331     0x224a ./Middlewares/Third_Party/FreeRTOS/Source/tasks.o
 .debug_info    0x000000000000f57b     0x1495 ./Middlewares/Third_Party/FreeRTOS/Source/timers.o
 .debug_info    0x0000000000010a10      0x4b7 ./Middlewares/Third_Party/FreeRTOS/Source/portable/GCC/ARM_CM3/port.o
 .debug_info    0x0000000000010ec7      0x3e8 ./Middlewares/Third_Party/FreeRTOS/Source/portable/MemMang/heap_4.o

.debug_abbrev   0x0000000000000000     0x2918
 .debug_abbrev  0x0000000000000000      0x2f2 ./Core/Src/liquidcrystal_i2c.o
 .debug_abbrev  0x00000000000002f2      0x2bd ./Core/Src/main.o
 .debug_abbrev  0x00000000000005af      0x1b2 ./Core/Src/stm32f1xx_hal_msp.o
 .debug_abbrev  0x0000000000000761       0xc7 ./Core/Src/stm32f1xx_it.o
 .debug_abbrev  0x0000000000000828      0x13b ./Core/Src/system_stm32f1xx.o
 .debug_abbrev  0x0000000000000963       0x12 ./Core/Startup/startup_stm32f103c8tx.o
 .debug_abbrev  0x0000000000000975      0x1fb ./Drivers/STM32F1xx_HAL_Driver/Src/stm32f1xx_hal.o
 .debug_abbrev  0x0000000000000b70      0x2ed ./Drivers/STM32F1xx_HAL_Driver/Src/stm32f1xx_hal_cortex.o
 .debug_abbrev  0x0000000000000e5d      0x1bb ./Drivers/STM32F1xx_HAL_Driver/Src/stm32f1xx_hal_gpio.o
 .debug_abbrev  0x0000000000001018      0x288 ./Drivers/STM32F1xx_HAL_Driver/Src/stm32f1xx_hal_i2c.o
 .debug_abbrev  0x00000000000012a0      0x2a8 ./Drivers/STM32F1xx_HAL_Driver/Src/stm32f1xx_hal_rcc.o
 .debug_abbrev  0x0000000000001548      0x414 ./Middlewares/Third_Party/FreeRTOS/Source/CMSIS_RTOS_V2/cmsis_os2.o
 .debug_abbrev  0x000000000000195c       0xf2 ./Middlewares/Third_Party/FreeRTOS/Source/list.o
 .debug_abbrev  0x0000000000001a4e      0x3ba ./Middlewares/Third_Party/FreeRTOS/Source/queue.o
 .debug_abbrev  0x0000000000001e08      0x37d ./Middlewares/Third_Party/FreeRTOS/Source/tasks.o
 .debug_abbrev  0x0000000000002185      0x33d ./Middlewares/Third_Party/FreeRTOS/Source/timers.o
 .debug_abbrev  0x00000000000024c2      0x257 ./Middlewares/Third_Party/FreeRTOS/Source/portable/GCC/ARM_CM3/port.o
 .debug_abbrev  0x0000000000002719      0x1ff ./Middlewares/Third_Party/FreeRTOS/Source/portable/MemMang/heap_4.o

.debug_aranges  0x0000000000000000      0xf48
 .debug_aranges
                0x0000000000000000      0x128 ./Core/Src/liquidcrystal_i2c.o
 .debug_aranges
                0x0000000000000128       0x70 ./Core/Src/main.o
 .debug_aranges
                0x0000000000000198       0x40 ./Core/Src/stm32f1xx_hal_msp.o
 .debug_aranges
                0x00000000000001d8       0x58 ./Core/Src/stm32f1xx_it.o
 .debug_aranges
                0x0000000000000230       0x28 ./Core/Src/system_stm32f1xx.o
 .debug_aranges
                0x0000000000000258       0x28 ./Core/Startup/startup_stm32f103c8tx.o
 .debug_aranges
                0x0000000000000280       0xe0 ./Drivers/STM32F1xx_HAL_Driver/Src/stm32f1xx_hal.o
 .debug_aranges
                0x0000000000000360      0x100 ./Drivers/STM32F1xx_HAL_Driver/Src/stm32f1xx_hal_cortex.o
 .debug_aranges
                0x0000000000000460       0x58 ./Drivers/STM32F1xx_HAL_Driver/Src/stm32f1xx_hal_gpio.o
 .debug_aranges
                0x00000000000004b8      0x2a0 ./Drivers/STM32F1xx_HAL_Driver/Src/stm32f1xx_hal_i2c.o
 .debug_aranges
                0x0000000000000758       0x90 ./Drivers/STM32F1xx_HAL_Driver/Src/stm32f1xx_hal_rcc.o
 .debug_aranges
                0x00000000000007e8      0x228 ./Middlewares/Third_Party/FreeRTOS/Source/CMSIS_RTOS_V2/cmsis_os2.o
 .debug_aranges
                0x0000000000000a10       0x40 ./Middlewares/Third_Party/FreeRTOS/Source/list.o
 .debug_aranges
                0x0000000000000a50      0x158 ./Middlewares/Third_Party/FreeRTOS/Source/queue.o
 .debug_aranges
                0x0000000000000ba8      0x1f8 ./Middlewares/Third_Party/FreeRTOS/Source/tasks.o
 .debug_aranges
                0x0000000000000da0       0xe0 ./Middlewares/Third_Party/FreeRTOS/Source/timers.o
 .debug_aranges
                0x0000000000000e80       0x78 ./Middlewares/Third_Party/FreeRTOS/Source/portable/GCC/ARM_CM3/port.o
 .debug_aranges
                0x0000000000000ef8       0x50 ./Middlewares/Third_Party/FreeRTOS/Source/portable/MemMang/heap_4.o

.debug_ranges   0x0000000000000000      0xe58
 .debug_ranges  0x0000000000000000      0x118 ./Core/Src/liquidcrystal_i2c.o
 .debug_ranges  0x0000000000000118       0x60 ./Core/Src/main.o
 .debug_ranges  0x0000000000000178       0x30 ./Core/Src/stm32f1xx_hal_msp.o
 .debug_ranges  0x00000000000001a8       0x48 ./Core/Src/stm32f1xx_it.o
 .debug_ranges  0x00000000000001f0       0x18 ./Core/Src/system_stm32f1xx.o
 .debug_ranges  0x0000000000000208       0x20 ./Core/Startup/startup_stm32f103c8tx.o
 .debug_ranges  0x0000000000000228       0xd0 ./Drivers/STM32F1xx_HAL_Driver/Src/stm32f1xx_hal.o
 .debug_ranges  0x00000000000002f8       0xf0 ./Drivers/STM32F1xx_HAL_Driver/Src/stm32f1xx_hal_cortex.o
 .debug_ranges  0x00000000000003e8       0x48 ./Drivers/STM32F1xx_HAL_Driver/Src/stm32f1xx_hal_gpio.o
 .debug_ranges  0x0000000000000430      0x2b8 ./Drivers/STM32F1xx_HAL_Driver/Src/stm32f1xx_hal_i2c.o
 .debug_ranges  0x00000000000006e8       0x80 ./Drivers/STM32F1xx_HAL_Driver/Src/stm32f1xx_hal_rcc.o
 .debug_ranges  0x0000000000000768      0x218 ./Middlewares/Third_Party/FreeRTOS/Source/CMSIS_RTOS_V2/cmsis_os2.o
 .debug_ranges  0x0000000000000980       0x30 ./Middlewares/Third_Party/FreeRTOS/Source/list.o
 .debug_ranges  0x00000000000009b0      0x148 ./Middlewares/Third_Party/FreeRTOS/Source/queue.o
 .debug_ranges  0x0000000000000af8      0x1e8 ./Middlewares/Third_Party/FreeRTOS/Source/tasks.o
 .debug_ranges  0x0000000000000ce0       0xd0 ./Middlewares/Third_Party/FreeRTOS/Source/timers.o
 .debug_ranges  0x0000000000000db0       0x68 ./Middlewares/Third_Party/FreeRTOS/Source/portable/GCC/ARM_CM3/port.o
 .debug_ranges  0x0000000000000e18       0x40 ./Middlewares/Third_Party/FreeRTOS/Source/portable/MemMang/heap_4.o

.debug_macro    0x0000000000000000     0x32dd
 .debug_macro   0x0000000000000000      0x1a7 ./Core/Src/liquidcrystal_i2c.o
 .debug_macro   0x00000000000001a7       0xd6 ./Core/Src/liquidcrystal_i2c.o
 .debug_macro   0x000000000000027d      0x3ad ./Core/Src/main.o
 .debug_macro   0x000000000000062a       0x5b ./Core/Src/main.o
 .debug_macro   0x0000000000000685       0x74 ./Core/Src/main.o
 .debug_macro   0x00000000000006f9      0x11c ./Core/Src/main.o
 .debug_macro   0x0000000000000815       0xdd ./Core/Src/main.o
 .debug_macro   0x00000000000008f2       0x52 ./Core/Src/main.o
 .debug_macro   0x0000000000000944       0x18 ./Core/Src/main.o
 .debug_macro   0x000000000000095c       0x3c ./Core/Src/main.o
 .debug_macro   0x0000000000000998       0x34 ./Core/Src/main.o
 .debug_macro   0x00000000000009cc       0x16 ./Core/Src/main.o
 .debug_macro   0x00000000000009e2       0x35 ./Core/Src/main.o
 .debug_macro   0x0000000000000a17      0x341 ./Core/Src/main.o
 .debug_macro   0x0000000000000d58       0x10 ./Core/Src/main.o
 .debug_macro   0x0000000000000d68       0x16 ./Core/Src/main.o
 .debug_macro   0x0000000000000d7e       0x43 ./Core/Src/main.o
 .debug_macro   0x0000000000000dc1       0x34 ./Core/Src/main.o
 .debug_macro   0x0000000000000df5       0x10 ./Core/Src/main.o
 .debug_macro   0x0000000000000e05       0x58 ./Core/Src/main.o
 .debug_macro   0x0000000000000e5d       0x71 ./Core/Src/main.o
 .debug_macro   0x0000000000000ece       0x1c ./Core/Src/main.o
 .debug_macro   0x0000000000000eea      0x12a ./Core/Src/main.o
 .debug_macro   0x0000000000001014       0x10 ./Core/Src/main.o
 .debug_macro   0x0000000000001024       0x1c ./Core/Src/main.o
 .debug_macro   0x0000000000001040       0x52 ./Core/Src/main.o
 .debug_macro   0x0000000000001092       0x22 ./Core/Src/main.o
 .debug_macro   0x00000000000010b4       0x10 ./Core/Src/main.o
 .debug_macro   0x00000000000010c4       0x52 ./Core/Src/main.o
 .debug_macro   0x0000000000001116       0xd5 ./Core/Src/main.o
 .debug_macro   0x00000000000011eb       0x1c ./Core/Src/main.o
 .debug_macro   0x0000000000001207       0x3d ./Core/Src/main.o
 .debug_macro   0x0000000000001244       0x16 ./Core/Src/main.o
 .debug_macro   0x000000000000125a      0x145 ./Core/Src/main.o
 .debug_macro   0x000000000000139f       0x16 ./Core/Src/main.o
 .debug_macro   0x00000000000013b5       0x20 ./Core/Src/main.o
 .debug_macro   0x00000000000013d5       0xdc ./Core/Src/main.o
 .debug_macro   0x00000000000014b1      0x1a2 ./Core/Src/stm32f1xx_hal_msp.o
 .debug_macro   0x0000000000001653      0x214 ./Core/Src/stm32f1xx_it.o
 .debug_macro   0x0000000000001867      0x198 ./Core/Src/system_stm32f1xx.o
 .debug_macro   0x00000000000019ff      0x1bc ./Drivers/STM32F1xx_HAL_Driver/Src/stm32f1xx_hal.o
 .debug_macro   0x0000000000001bbb      0x198 ./Drivers/STM32F1xx_HAL_Driver/Src/stm32f1xx_hal_cortex.o
 .debug_macro   0x0000000000001d53      0x203 ./Drivers/STM32F1xx_HAL_Driver/Src/stm32f1xx_hal_gpio.o
 .debug_macro   0x0000000000001f56      0x1df ./Drivers/STM32F1xx_HAL_Driver/Src/stm32f1xx_hal_i2c.o
 .debug_macro   0x0000000000002135      0x1aa ./Drivers/STM32F1xx_HAL_Driver/Src/stm32f1xx_hal_rcc.o
 .debug_macro   0x00000000000022df      0x247 ./Middlewares/Third_Party/FreeRTOS/Source/CMSIS_RTOS_V2/cmsis_os2.o
 .debug_macro   0x0000000000002526       0x10 ./Middlewares/Third_Party/FreeRTOS/Source/CMSIS_RTOS_V2/cmsis_os2.o
 .debug_macro   0x0000000000002536       0x10 ./Middlewares/Third_Party/FreeRTOS/Source/CMSIS_RTOS_V2/cmsis_os2.o
 .debug_macro   0x0000000000002546       0xb7 ./Middlewares/Third_Party/FreeRTOS/Source/CMSIS_RTOS_V2/cmsis_os2.o
 .debug_macro   0x00000000000025fd       0x91 ./Middlewares/Third_Party/FreeRTOS/Source/CMSIS_RTOS_V2/cmsis_os2.o
 .debug_macro   0x000000000000268e       0x8d ./Middlewares/Third_Party/FreeRTOS/Source/CMSIS_RTOS_V2/cmsis_os2.o
 .debug_macro   0x000000000000271b       0xa8 ./Middlewares/Third_Party/FreeRTOS/Source/CMSIS_RTOS_V2/cmsis_os2.o
 .debug_macro   0x00000000000027c3      0x187 ./Middlewares/Third_Party/FreeRTOS/Source/list.o
 .debug_macro   0x000000000000294a      0x212 ./Middlewares/Third_Party/FreeRTOS/Source/queue.o
 .debug_macro   0x0000000000002b5c      0x287 ./Middlewares/Third_Party/FreeRTOS/Source/tasks.o
 .debug_macro   0x0000000000002de3       0x10 ./Middlewares/Third_Party/FreeRTOS/Source/tasks.o
 .debug_macro   0x0000000000002df3      0x1ca ./Middlewares/Third_Party/FreeRTOS/Source/timers.o
 .debug_macro   0x0000000000002fbd      0x172 ./Middlewares/Third_Party/FreeRTOS/Source/portable/GCC/ARM_CM3/port.o
 .debug_macro   0x000000000000312f      0x1ae ./Middlewares/Third_Party/FreeRTOS/Source/portable/MemMang/heap_4.o

.debug_line     0x0000000000000000    0x10ea4
 .debug_line    0x0000000000000000      0xb86 ./Core/Src/liquidcrystal_i2c.o
 .debug_line    0x0000000000000b86      0xbf4 ./Core/Src/main.o
 .debug_line    0x000000000000177a      0x6fe ./Core/Src/stm32f1xx_hal_msp.o
 .debug_line    0x0000000000001e78      0x820 ./Core/Src/stm32f1xx_it.o
 .debug_line    0x0000000000002698      0x6de ./Core/Src/system_stm32f1xx.o
 .debug_line    0x0000000000002d76       0x87 ./Core/Startup/startup_stm32f103c8tx.o
 .debug_line    0x0000000000002dfd      0x90b ./Drivers/STM32F1xx_HAL_Driver/Src/stm32f1xx_hal.o
 .debug_line    0x0000000000003708      0xaf3 ./Drivers/STM32F1xx_HAL_Driver/Src/stm32f1xx_hal_cortex.o
 .debug_line    0x00000000000041fb      0x9a2 ./Drivers/STM32F1xx_HAL_Driver/Src/stm32f1xx_hal_gpio.o
 .debug_line    0x0000000000004b9d     0x39f5 ./Drivers/STM32F1xx_HAL_Driver/Src/stm32f1xx_hal_i2c.o
 .debug_line    0x0000000000008592      0xd19 ./Drivers/STM32F1xx_HAL_Driver/Src/stm32f1xx_hal_rcc.o
 .debug_line    0x00000000000092ab     0x2456 ./Middlewares/Third_Party/FreeRTOS/Source/CMSIS_RTOS_V2/cmsis_os2.o
 .debug_line    0x000000000000b701      0x706 ./Middlewares/Third_Party/FreeRTOS/Source/list.o
 .debug_line    0x000000000000be07     0x16c9 ./Middlewares/Third_Party/FreeRTOS/Source/queue.o
 .debug_line    0x000000000000d4d0     0x1d21 ./Middlewares/Third_Party/FreeRTOS/Source/tasks.o
 .debug_line    0x000000000000f1f1      0xc99 ./Middlewares/Third_Party/FreeRTOS/Source/timers.o
 .debug_line    0x000000000000fe8a      0x752 ./Middlewares/Third_Party/FreeRTOS/Source/portable/GCC/ARM_CM3/port.o
 .debug_line    0x00000000000105dc      0x8c8 ./Middlewares/Third_Party/FreeRTOS/Source/portable/MemMang/heap_4.o

.debug_str      0x0000000000000000    0x8e49d
 .debug_str     0x0000000000000000    0x7e645 ./Core/Src/liquidcrystal_i2c.o
                                      0x7ea38 (size before relaxing)
 .debug_str     0x000000000007e645     0x80ab ./Core/Src/main.o
                                      0x86825 (size before relaxing)
 .debug_str     0x00000000000866f0      0x265 ./Core/Src/stm32f1xx_hal_msp.o
                                      0x7e93f (size before relaxing)
 .debug_str     0x0000000000086955      0xe45 ./Core/Src/stm32f1xx_it.o
                                      0x8189d (size before relaxing)
 .debug_str     0x000000000008779a       0x6e ./Core/Src/system_stm32f1xx.o
                                      0x7df81 (size before relaxing)
 .debug_str     0x0000000000087808       0x36 ./Core/Startup/startup_stm32f103c8tx.o
                                         0x6c (size before relaxing)
 .debug_str     0x000000000008783e      0x37f ./Drivers/STM32F1xx_HAL_Driver/Src/stm32f1xx_hal.o
                                      0x7e6b4 (size before relaxing)
 .debug_str     0x0000000000087bbd      0x295 ./Drivers/STM32F1xx_HAL_Driver/Src/stm32f1xx_hal_cortex.o
                                      0x7e600 (size before relaxing)
 .debug_str     0x0000000000087e52      0x29c ./Drivers/STM32F1xx_HAL_Driver/Src/stm32f1xx_hal_gpio.o
                                      0x7e307 (size before relaxing)
 .debug_str     0x00000000000880ee      0xb62 ./Drivers/STM32F1xx_HAL_Driver/Src/stm32f1xx_hal_i2c.o
                                      0x7eff5 (size before relaxing)
 .debug_str     0x0000000000088c50      0x209 ./Drivers/STM32F1xx_HAL_Driver/Src/stm32f1xx_hal_rcc.o
                                      0x7e3b0 (size before relaxing)
 .debug_str     0x0000000000088e59     0x2d51 ./Middlewares/Third_Party/FreeRTOS/Source/CMSIS_RTOS_V2/cmsis_os2.o
                                       0xe232 (size before relaxing)
 .debug_str     0x000000000008bbaa      0x21b ./Middlewares/Third_Party/FreeRTOS/Source/list.o
                                       0xa207 (size before relaxing)
 .debug_str     0x000000000008bdc5      0x86c ./Middlewares/Third_Party/FreeRTOS/Source/queue.o
                                       0xbc01 (size before relaxing)
 .debug_str     0x000000000008c631     0x10af ./Middlewares/Third_Party/FreeRTOS/Source/tasks.o
                                       0xc765 (size before relaxing)
 .debug_str     0x000000000008d6e0      0x515 ./Middlewares/Third_Party/FreeRTOS/Source/timers.o
                                       0xc0d6 (size before relaxing)
 .debug_str     0x000000000008dbf5      0x66e ./Middlewares/Third_Party/FreeRTOS/Source/portable/GCC/ARM_CM3/port.o
                                       0x7fa8 (size before relaxing)
 .debug_str     0x000000000008e263      0x23a ./Middlewares/Third_Party/FreeRTOS/Source/portable/MemMang/heap_4.o
                                       0xa954 (size before relaxing)

.comment        0x0000000000000000       0x50
 .comment       0x0000000000000000       0x50 ./Core/Src/liquidcrystal_i2c.o
                                         0x51 (size before relaxing)
 .comment       0x0000000000000050       0x51 ./Core/Src/main.o
 .comment       0x0000000000000050       0x51 ./Core/Src/stm32f1xx_hal_msp.o
 .comment       0x0000000000000050       0x51 ./Core/Src/stm32f1xx_it.o
 .comment       0x0000000000000050       0x51 ./Core/Src/system_stm32f1xx.o
 .comment       0x0000000000000050       0x51 ./Drivers/STM32F1xx_HAL_Driver/Src/stm32f1xx_hal.o
 .comment       0x0000000000000050       0x51 ./Drivers/STM32F1xx_HAL_Driver/Src/stm32f1xx_hal_cortex.o
 .comment       0x0000000000000050       0x51 ./Drivers/STM32F1xx_HAL_Driver/Src/stm32f1xx_hal_gpio.o
 .comment       0x0000000000000050       0x51 ./Drivers/STM32F1xx_HAL_Driver/Src/stm32f1xx_hal_i2c.o
 .comment       0x0000000000000050       0x51 ./Drivers/STM32F1xx_HAL_Driver/Src/stm32f1xx_hal_rcc.o
 .comment       0x0000000000000050       0x51 ./Middlewares/Third_Party/FreeRTOS/Source/CMSIS_RTOS_V2/cmsis_os2.o
 .comment       0x0000000000000050       0x51 ./Middlewares/Third_Party/FreeRTOS/Source/list.o
 .comment       0x0000000000000050       0x51 ./Middlewares/Third_Party/FreeRTOS/Source/queue.o
 .comment       0x0000000000000050       0x51 ./Middlewares/Third_Party/FreeRTOS/Source/tasks.o
 .comment       0x0000000000000050       0x51 ./Middlewares/Third_Party/FreeRTOS/Source/timers.o
 .comment       0x0000000000000050       0x51 ./Middlewares/Third_Party/FreeRTOS/Source/portable/GCC/ARM_CM3/port.o
 .comment       0x0000000000000050       0x51 ./Middlewares/Third_Party/FreeRTOS/Source/portable/MemMang/heap_4.o

.debug_frame    0x0000000000000000     0x3e9c
 .debug_frame   0x0000000000000000      0x460 ./Core/Src/liquidcrystal_i2c.o
 .debug_frame   0x0000000000000460      0x16c ./Core/Src/main.o
 .debug_frame   0x00000000000005cc       0xc4 ./Core/Src/stm32f1xx_hal_msp.o
 .debug_frame   0x0000000000000690       0xe0 ./Core/Src/stm32f1xx_it.o
 .debug_frame   0x0000000000000770       0x58 ./Core/Src/system_stm32f1xx.o
 .debug_frame   0x00000000000007c8      0x334 ./Drivers/STM32F1xx_HAL_Driver/Src/stm32f1xx_hal.o
 .debug_frame   0x0000000000000afc      0x428 ./Drivers/STM32F1xx_HAL_Driver/Src/stm32f1xx_hal_cortex.o
 .debug_frame   0x0000000000000f24      0x14c ./Drivers/STM32F1xx_HAL_Driver/Src/stm32f1xx_hal_gpio.o
 .debug_frame   0x0000000000001070      0xc5c ./Drivers/STM32F1xx_HAL_Driver/Src/stm32f1xx_hal_i2c.o
 .debug_frame   0x0000000000001ccc      0x21c ./Drivers/STM32F1xx_HAL_Driver/Src/stm32f1xx_hal_rcc.o
 .debug_frame   0x0000000000001ee8      0x980 ./Middlewares/Third_Party/FreeRTOS/Source/CMSIS_RTOS_V2/cmsis_os2.o
 .debug_frame   0x0000000000002868       0xd8 ./Middlewares/Third_Party/FreeRTOS/Source/list.o
 .debug_frame   0x0000000000002940      0x5ec ./Middlewares/Third_Party/FreeRTOS/Source/queue.o
 .debug_frame   0x0000000000002f2c      0x8a8 ./Middlewares/Third_Party/FreeRTOS/Source/tasks.o
 .debug_frame   0x00000000000037d4      0x3b4 ./Middlewares/Third_Party/FreeRTOS/Source/timers.o
 .debug_frame   0x0000000000003b88      0x198 ./Middlewares/Third_Party/FreeRTOS/Source/portable/GCC/ARM_CM3/port.o
 .debug_frame   0x0000000000003d20      0x108 ./Middlewares/Third_Party/FreeRTOS/Source/portable/MemMang/heap_4.o
 .debug_frame   0x0000000000003e28       0x2c c:/st/stm32cubeide_1.12.1/stm32cubeide/plugins/com.st.stm32cube.ide.mcu.externaltools.gnu-tools-for-stm32.10.3-2021.10.win32_1.0.200.202301161003/tools/bin/../lib/gcc/arm-none-eabi/10.3.1/../../../../arm-none-eabi/lib/thumb/v7-m/nofp\libc_nano.a(lib_a-init.o)
 .debug_frame   0x0000000000003e54       0x28 c:/st/stm32cubeide_1.12.1/stm32cubeide/plugins/com.st.stm32cube.ide.mcu.externaltools.gnu-tools-for-stm32.10.3-2021.10.win32_1.0.200.202301161003/tools/bin/../lib/gcc/arm-none-eabi/10.3.1/../../../../arm-none-eabi/lib/thumb/v7-m/nofp\libc_nano.a(lib_a-memcpy-stub.o)
 .debug_frame   0x0000000000003e7c       0x20 c:/st/stm32cubeide_1.12.1/stm32cubeide/plugins/com.st.stm32cube.ide.mcu.externaltools.gnu-tools-for-stm32.10.3-2021.10.win32_1.0.200.202301161003/tools/bin/../lib/gcc/arm-none-eabi/10.3.1/../../../../arm-none-eabi/lib/thumb/v7-m/nofp\libc_nano.a(lib_a-memset.o)
