Archive member included to satisfy reference by file (symbol)

c:/st/stm32cubeide_1.12.1/stm32cubeide/plugins/com.st.stm32cube.ide.mcu.externaltools.gnu-tools-for-stm32.10.3-2021.10.win32_1.0.200.202301161003/tools/bin/../lib/gcc/arm-none-eabi/10.3.1/../../../../arm-none-eabi/lib/thumb/v7-m/nofp\libc_nano.a(lib_a-errno.o)
                              ./Core/Src/syscalls.o (__errno)
c:/st/stm32cubeide_1.12.1/stm32cubeide/plugins/com.st.stm32cube.ide.mcu.externaltools.gnu-tools-for-stm32.10.3-2021.10.win32_1.0.200.202301161003/tools/bin/../lib/gcc/arm-none-eabi/10.3.1/../../../../arm-none-eabi/lib/thumb/v7-m/nofp\libc_nano.a(lib_a-exit.o)
                              c:/st/stm32cubeide_1.12.1/stm32cubeide/plugins/com.st.stm32cube.ide.mcu.externaltools.gnu-tools-for-stm32.10.3-2021.10.win32_1.0.200.202301161003/tools/bin/../lib/gcc/arm-none-eabi/10.3.1/../../../../arm-none-eabi/lib/thumb/v7-m/nofp/crt0.o (exit)
c:/st/stm32cubeide_1.12.1/stm32cubeide/plugins/com.st.stm32cube.ide.mcu.externaltools.gnu-tools-for-stm32.10.3-2021.10.win32_1.0.200.202301161003/tools/bin/../lib/gcc/arm-none-eabi/10.3.1/../../../../arm-none-eabi/lib/thumb/v7-m/nofp\libc_nano.a(lib_a-impure.o)
                              c:/st/stm32cubeide_1.12.1/stm32cubeide/plugins/com.st.stm32cube.ide.mcu.externaltools.gnu-tools-for-stm32.10.3-2021.10.win32_1.0.200.202301161003/tools/bin/../lib/gcc/arm-none-eabi/10.3.1/../../../../arm-none-eabi/lib/thumb/v7-m/nofp\libc_nano.a(lib_a-exit.o) (_global_impure_ptr)
c:/st/stm32cubeide_1.12.1/stm32cubeide/plugins/com.st.stm32cube.ide.mcu.externaltools.gnu-tools-for-stm32.10.3-2021.10.win32_1.0.200.202301161003/tools/bin/../lib/gcc/arm-none-eabi/10.3.1/../../../../arm-none-eabi/lib/thumb/v7-m/nofp\libc_nano.a(lib_a-init.o)
                              c:/st/stm32cubeide_1.12.1/stm32cubeide/plugins/com.st.stm32cube.ide.mcu.externaltools.gnu-tools-for-stm32.10.3-2021.10.win32_1.0.200.202301161003/tools/bin/../lib/gcc/arm-none-eabi/10.3.1/../../../../arm-none-eabi/lib/thumb/v7-m/nofp/crt0.o (__libc_init_array)
c:/st/stm32cubeide_1.12.1/stm32cubeide/plugins/com.st.stm32cube.ide.mcu.externaltools.gnu-tools-for-stm32.10.3-2021.10.win32_1.0.200.202301161003/tools/bin/../lib/gcc/arm-none-eabi/10.3.1/../../../../arm-none-eabi/lib/thumb/v7-m/nofp\libc_nano.a(lib_a-memcpy-stub.o)
                              ./Middlewares/Third_Party/FreeRTOS/Source/CMSIS_RTOS_V2/cmsis_os2.o (memcpy)
c:/st/stm32cubeide_1.12.1/stm32cubeide/plugins/com.st.stm32cube.ide.mcu.externaltools.gnu-tools-for-stm32.10.3-2021.10.win32_1.0.200.202301161003/tools/bin/../lib/gcc/arm-none-eabi/10.3.1/../../../../arm-none-eabi/lib/thumb/v7-m/nofp\libc_nano.a(lib_a-memset.o)
                              c:/st/stm32cubeide_1.12.1/stm32cubeide/plugins/com.st.stm32cube.ide.mcu.externaltools.gnu-tools-for-stm32.10.3-2021.10.win32_1.0.200.202301161003/tools/bin/../lib/gcc/arm-none-eabi/10.3.1/../../../../arm-none-eabi/lib/thumb/v7-m/nofp/crt0.o (memset)

Discarded input sections

 .text          0x0000000000000000        0x0 c:/st/stm32cubeide_1.12.1/stm32cubeide/plugins/com.st.stm32cube.ide.mcu.externaltools.gnu-tools-for-stm32.10.3-2021.10.win32_1.0.200.202301161003/tools/bin/../lib/gcc/arm-none-eabi/10.3.1/thumb/v7-m/nofp/crti.o
 .data          0x0000000000000000        0x0 c:/st/stm32cubeide_1.12.1/stm32cubeide/plugins/com.st.stm32cube.ide.mcu.externaltools.gnu-tools-for-stm32.10.3-2021.10.win32_1.0.200.202301161003/tools/bin/../lib/gcc/arm-none-eabi/10.3.1/thumb/v7-m/nofp/crti.o
 .bss           0x0000000000000000        0x0 c:/st/stm32cubeide_1.12.1/stm32cubeide/plugins/com.st.stm32cube.ide.mcu.externaltools.gnu-tools-for-stm32.10.3-2021.10.win32_1.0.200.202301161003/tools/bin/../lib/gcc/arm-none-eabi/10.3.1/thumb/v7-m/nofp/crti.o
 .data          0x0000000000000000        0x4 c:/st/stm32cubeide_1.12.1/stm32cubeide/plugins/com.st.stm32cube.ide.mcu.externaltools.gnu-tools-for-stm32.10.3-2021.10.win32_1.0.200.202301161003/tools/bin/../lib/gcc/arm-none-eabi/10.3.1/thumb/v7-m/nofp/crtbegin.o
 .rodata        0x0000000000000000       0x24 c:/st/stm32cubeide_1.12.1/stm32cubeide/plugins/com.st.stm32cube.ide.mcu.externaltools.gnu-tools-for-stm32.10.3-2021.10.win32_1.0.200.202301161003/tools/bin/../lib/gcc/arm-none-eabi/10.3.1/thumb/v7-m/nofp/crtbegin.o
 .text          0x0000000000000000       0x7c c:/st/stm32cubeide_1.12.1/stm32cubeide/plugins/com.st.stm32cube.ide.mcu.externaltools.gnu-tools-for-stm32.10.3-2021.10.win32_1.0.200.202301161003/tools/bin/../lib/gcc/arm-none-eabi/10.3.1/../../../../arm-none-eabi/lib/thumb/v7-m/nofp/crt0.o
 .data          0x0000000000000000        0x0 c:/st/stm32cubeide_1.12.1/stm32cubeide/plugins/com.st.stm32cube.ide.mcu.externaltools.gnu-tools-for-stm32.10.3-2021.10.win32_1.0.200.202301161003/tools/bin/../lib/gcc/arm-none-eabi/10.3.1/../../../../arm-none-eabi/lib/thumb/v7-m/nofp/crt0.o
[...]
Memory Configuration

Name             Origin             Length             Attributes
RAM              0x0000000020000000 0x0000000000005000 xrw
FLASH            0x0000000008000000 0x0000000000010000 xr
*default*        0x0000000000000000 0xffffffffffffffff

Linker script and memory map

LOAD c:/st/stm32cubeide_1.12.1/stm32cubeide/plugins/com.st.stm32cube.ide.mcu.externaltools.gnu-tools-for-stm32.10.3-2021.10.win32_1.0.200.202301161003/tools/bin/../lib/gcc/arm-none-eabi/10.3.1/thumb/v7-m/nofp/crti.o
LOAD c:/st/stm32cubeide_1.12.1/stm32cubeide/plugins/com.st.stm32cube.ide.mcu.externaltools.gnu-tools-for-stm32.10.3-2021.10.win32_1.0.200.202301161003/tools/bin/../lib/gcc/arm-none-eabi/10.3.1/thumb/v7-m/nofp/crtbegin.o
LOAD c:/st/stm32cubeide_1.12.1/stm32cubeide/plugins/com.st.stm32cube.ide.mcu.externaltools.gnu-tools-for-stm32.10.3-2021.10.win32_1.0.200.202301161003/tools/bin/../lib/gcc/arm-none-eabi/10.3.1/../../../../arm-none-eabi/lib/thumb/v7-m/nofp/crt0.o
LOAD ./Core/Src/freertos.o
LOAD ./Core/Src/liquidcrystal_i2c.o
LOAD ./Core/Src/main.o
LOAD ./Core/Src/stm32f1xx_hal_msp.o
LOAD ./Core/Src/stm32f1xx_it.o
LOAD ./Core/Src/syscalls.o
LOAD ./Core/Src/sysmem.o
LOAD ./Core/Src/system_stm32f1xx.o
LOAD ./Core/Startup/startup_stm32f103c8tx.o
LOAD ./Drivers/STM32F1xx_HAL_Driver/Src/stm32f1xx_hal.o
LOAD ./Drivers/STM32F1xx_HAL_Driver/Src/stm32f1xx_hal_cortex.o
LOAD ./Drivers/STM32F1xx_HAL_Driver/Src/stm32f1xx_hal_dma.o
LOAD ./Drivers/STM32F1xx_HAL_Driver/Src/stm32f1xx_hal_exti.o
LOAD ./Drivers/STM32F1xx_HAL_Driver/Src/stm32f1xx_hal_flash.o
LOAD ./Drivers/STM32F1xx_HAL_Driver/Src/stm32f1xx_hal_flash_ex.o
LOAD ./Drivers/STM32F1xx_HAL_Driver/Src/stm32f1xx_hal_gpio.o
LOAD ./Drivers/STM32F1xx_HAL_Driver/Src/stm32f1xx_hal_gpio_ex.o
LOAD ./Drivers/STM32F1xx_HAL_Driver/Src/stm32f1xx_hal_i2c.o
LOAD ./Drivers/STM32F1xx_HAL_Driver/Src/stm32f1xx_hal_pwr.o
LOAD ./Drivers/STM32F1xx_HAL_Driver/Src/stm32f1xx_hal_rcc.o
LOAD ./Drivers/STM32F1xx_HAL_Driver/Src/stm32f1xx_hal_rcc_ex.o
LOAD ./Drivers/STM32F1xx_HAL_Driver/Src/stm32f1xx_hal_uart.o
LOAD ./Middlewares/Third_Party/FreeRTOS/Source/CMSIS_RTOS_V2/cmsis_os2.o
LOAD ./Middlewares/Third_Party/FreeRTOS/Source/croutine.o
LOAD ./Middlewares/Third_Party/FreeRTOS/Source/event_groups.o
LOAD ./Middlewares/Third_Party/FreeRTOS/Source/list.o
LOAD ./Middlewares/Third_Party/FreeRTOS/Source/queue.o
LOAD ./Middlewares/Third_Party/FreeRTOS/Source/stream_buffer.o
LOAD ./Middlewares/Third_Party/FreeRTOS/Source/tasks.o
LOAD ./Middlewares/Third_Party/FreeRTOS/Source/timers.o
LOAD ./Middlewares/Third_Party/FreeRTOS/Source/portable/GCC/ARM_CM3/port.o
LOAD ./Middlewares/Third_Party/FreeRTOS/Source/portable/MemMang/heap_4.o
START GROUP
LOAD c:/st/stm32cubeide_1.12.1/stm32cubeide/plugins/com.st.stm32cube.ide.mcu.externaltools.gnu-tools-for-stm32.10.3-2021.10.win32_1.0.200.202301161003/tools/bin/../lib/gcc/arm-none-eabi/10.3.1/../../../../arm-none-eabi/lib/thumb/v7-m/nofp\libstdc++_nano.a
LOAD c:/st/stm32cubeide_1.12.1/stm32cubeide/plugins/com.st.stm32cube.ide.mcu.externaltools.gnu-tools-for-stm32.10.3-2021.10.win32_1.0.200.202301161003/tools/bin/../lib/gcc/arm-none-eabi/10.3.1/../../../../arm-none-eabi/lib/thumb/v7-m/nofp\libsupc++_nano.a
END GROUP
LOAD c:/st/stm32cubeide_1.12.1/stm32cubeide/plugins/com.st.stm32cube.ide.mcu.externaltools.gnu-tools-for-stm32.10.3-2021.10.win32_1.0.200.202301161003/tools/bin/../lib/gcc/arm-none-eabi/10.3.1/../../../../arm-none-eabi/lib/thumb/v7-m/nofp\libstdc++_nano.a
LOAD c:/st/stm32cubeide_1.12.1/stm32cubeide/plugins/com.st.stm32cube.ide.mcu.externaltools.gnu-tools-for-stm32.10.3-2021.10.win32_1.0.200.202301161003/tools/bin/../lib/gcc/arm-none-eabi/10.3.1/../../../../arm-none-eabi/lib/thumb/v7-m/nofp\libm.a
LOAD c:/st/stm32cubeide_1.12.1/stm32cubeide/plugins/com.st.stm32cube.ide.mcu.externaltools.gnu-tools-for-stm32.10.3-2021.10.win32_1.0.200.202301161003/tools/bin/../lib/gcc/arm-none-eabi/10.3.1/../../../../arm-none-eabi/lib/thumb/v7-m/nofp\libc_nano.a
START GROUP
LOAD c:/st/stm32cubeide_1.12.1/stm32cubeide/plugins/com.st.stm32cube.ide.mcu.externaltools.gnu-tools-for-stm32.10.3-2021.10.win32_1.0.200.202301161003/tools/bin/../lib/gcc/arm-none-eabi/10.3.1/thumb/v7-m/nofp\libgcc.a
LOAD c:/st/stm32cubeide_1.12.1/stm32cubeide/plugins/com.st.stm32cube.ide.mcu.externaltools.gnu-tools-for-stm32.10.3-2021.10.win32_1.0.200.202301161003/tools/bin/../lib/gcc/arm-none-eabi/10.3.1/../../../../arm-none-eabi/lib/thumb/v7-m/nofp\libc_nano.a
END GROUP
START GROUP
LOAD c:/st/stm32cubeide_1.12.1/stm32cubeide/plugins/com.st.stm32cube.ide.mcu.externaltools.gnu-tools-for-stm32.10.3-2021.10.win32_1.0.200.202301161003/tools/bin/../lib/gcc/arm-none-eabi/10.3.1/thumb/v7-m/nofp\libgcc.a
LOAD c:/st/stm32cubeide_1.12.1/stm32cubeide/plugins/com.st.stm32cube.ide.mcu.externaltools.gnu-tools-for-stm32.10.3-2021.10.win32_1.0.200.202301161003/tools/bin/../lib/gcc/arm-none-eabi/10.3.1/../../../../arm-none-eabi/lib/thumb/v7-m/nofp\libc_nano.a
LOAD c:/st/stm32cubeide_1.12.1/stm32cubeide/plugins/com.st.stm32cube.ide.mcu.externaltools.gnu-tools-for-stm32.10.3-2021.10.win32_1.0.200.202301161003/tools/bin/../lib/gcc/arm-none-eabi/10.3.1/../../../../arm-none-eabi/lib/thumb/v7-m/nofp\libnosys.a
END GROUP
START GROUP
LOAD c:/st/stm32cubeide_1.12.1/stm32cubeide/plugins/com.st.stm32cube.ide.mcu.externaltools.gnu-tools-for-stm32.10.3-2021.10.win32_1.0.200.202301161003/tools/bin/../lib/gcc/arm-none-eabi/10.3.1/thumb/v7-m/nofp\libgcc.a
LOAD c:/st/stm32cubeide_1.12.1/stm32cubeide/plugins/com.st.stm32cube.ide.mcu.externaltools.gnu-tools-for-stm32.10.3-2021.10.win32_1.0.200.202301161003/tools/bin/../lib/gcc/arm-none-eabi/10.3.1/../../../../arm-none-eabi/lib/thumb/v7-m/nofp\libc_nano.a
LOAD c:/st/stm32cubeide_1.12.1/stm32cubeide/plugins/com.st.stm32cube.ide.mcu.externaltools.gnu-tools-for-stm32.10.3-2021.10.win32_1.0.200.202301161003/tools/bin/../lib/gcc/arm-none-eabi/10.3.1/../../../../arm-none-eabi/lib/thumb/v7-m/nofp\libnosys.a
END GROUP
LOAD c:/st/stm32cubeide_1.12.1/stm32cubeide/plugins/com.st.stm32cube.ide.mcu.externaltools.gnu-tools-for-stm32.10.3-2021.10.win32_1.0.200.202301161003/tools/bin/../lib/gcc/arm-none-eabi/10.3.1/thumb/v7-m/nofp/crtend.o
LOAD c:/st/stm32cubeide_1.12.1/stm32cubeide/plugins/com.st.stm32cube.ide.mcu.externaltools.gnu-tools-for-stm32.10.3-2021.10.win32_1.0.200.202301161003/tools/bin/../lib/gcc/arm-none-eabi/10.3.1/thumb/v7-m/nofp/crtn.o
                0x0000000020005000                _estack = (ORIGIN (RAM) + LENGTH (RAM))
                0x0000000000000200                _Min_Heap_Size = 0x200
                0x0000000000000400                _Min_Stack_Size = 0x400

.isr_vector     0x0000000008000000      0x10c
                0x0000000008000000                . = ALIGN (0x4)
 *(.isr_vector)
 .isr_vector    0x0000000008000000      0x10c ./Core/Startup/startup_stm32f103c8tx.o
                0x0000000008000000                g_pfnVectors
                0x000000000800010c                . = ALIGN (0x4)

.text           0x0000000008000110     0x5758
                0x0000000008000110                . = ALIGN (0x4)
 *(.text)
 .text          0x0000000008000110       0x40 c:/st/stm32cubeide_1.12.1/stm32cubeide/plugins/com.st.stm32cube.ide.mcu.externaltools.gnu-tools-for-stm32.10.3-2021.10.win32_1.0.200.202301161003/tools/bin/../lib/gcc/arm-none-eabi/10.3.1/thumb/v7-m/nofp/crtbegin.o
 *(.text*)
 .text.HD44780_Init
                0x0000000008000150      0x108 ./Core/Src/liquidcrystal_i2c.o
                0x0000000008000150                HD44780_Init
 .text.HD44780_Clear
                0x0000000008000258       0x16 ./Core/Src/liquidcrystal_i2c.o
                0x0000000008000258                HD44780_Clear
 .text.HD44780_Home
                0x000000000800026e       0x16 ./Core/Src/liquidcrystal_i2c.o
                0x000000000800026e                HD44780_Home
 .text.HD44780_SetCursor
                0x0000000008000284       0x64 ./Core/Src/liquidcrystal_i2c.o
                0x0000000008000284                HD44780_SetCursor
 .text.HD44780_Display
                0x00000000080002e8       0x2c ./Core/Src/liquidcrystal_i2c.o
                0x00000000080002e8                HD44780_Display
 .text.HD44780_CreateSpecialChar
                0x0000000008000314       0x52 ./Core/Src/liquidcrystal_i2c.o
                0x0000000008000314                HD44780_CreateSpecialChar
 .text.HD44780_PrintStr
                0x0000000008000366       0x2a ./Core/Src/liquidcrystal_i2c.o
                0x0000000008000366                HD44780_PrintStr
 .text.SendCommand
                0x0000000008000390       0x1c ./Core/Src/liquidcrystal_i2c.o
 .text.SendChar
                0x00000000080003ac       0x1c ./Core/Src/liquidcrystal_i2c.o
 .text.Send     0x00000000080003c8       0x42 ./Core/Src/liquidcrystal_i2c.o
 .text.Write4Bits
                0x000000000800040a       0x22 ./Core/Src/liquidcrystal_i2c.o
 .text.ExpanderWrite
                0x000000000800042c       0x38 ./Core/Src/liquidcrystal_i2c.o
 .text.PulseEnable
                0x0000000008000464       0x3a ./Core/Src/liquidcrystal_i2c.o
 *fill*         0x000000000800049e        0x2 
 .text.DelayInit
                0x00000000080004a0       0x50 ./Core/Src/liquidcrystal_i2c.o
 .text.DelayUS  0x00000000080004f0       0x4c ./Core/Src/liquidcrystal_i2c.o
 .text.main     0x000000000800053c      0x108 ./Core/Src/main.o
                0x000000000800053c                main
 .text.SystemClock_Config
                0x0000000008000644       0x76 ./Core/Src/main.o
                0x0000000008000644                SystemClock_Config
 *fill*         0x00000000080006ba        0x2 
 .text.MX_I2C1_Init
                0x00000000080006bc       0x5c ./Core/Src/main.o
 .text.MX_GPIO_Init
                0x0000000008000718       0xb8 ./Core/Src/main.o
 .text.StartDefaultTask
                0x00000000080007d0       0x10 ./Core/Src/main.o
                0x00000000080007d0                StartDefaultTask
 .text.buttonTask
                0x00000000080007e0      0x120 ./Core/Src/main.o
                0x00000000080007e0                buttonTask
 .text.LCDTaskSwitch
                0x0000000008000900       0x6c ./Core/Src/main.o
                0x0000000008000900                LCDTaskSwitch
 .text.ledTask  0x000000000800096c        0xe ./Core/Src/main.o
                0x000000000800096c                ledTask
 *fill*         0x000000000800097a        0x2 
 .text.lcdTaskBTN
                0x000000000800097c       0x54 ./Core/Src/main.o
                0x000000000800097c                lcdTaskBTN
 .text.Error_Handler
                0x00000000080009d0        0xa ./Core/Src/main.o
                0x00000000080009d0                Error_Handler
 *fill*         0x00000000080009da        0x2 
 .text.HAL_MspInit
                0x00000000080009dc       0x50 ./Core/Src/stm32f1xx_hal_msp.o
                0x00000000080009dc                HAL_MspInit
 .text.HAL_I2C_MspInit
                0x0000000008000a2c       0xa0 ./Core/Src/stm32f1xx_hal_msp.o
                0x0000000008000a2c                HAL_I2C_MspInit
 .text.NMI_Handler
                0x0000000008000acc        0x6 ./Core/Src/stm32f1xx_it.o
                0x0000000008000acc                NMI_Handler
 .text.HardFault_Handler
                0x0000000008000ad2        0x6 ./Core/Src/stm32f1xx_it.o
                0x0000000008000ad2                HardFault_Handler
 .text.MemManage_Handler
                0x0000000008000ad8        0x6 ./Core/Src/stm32f1xx_it.o
                0x0000000008000ad8                MemManage_Handler
 .text.BusFault_Handler
                0x0000000008000ade        0x6 ./Core/Src/stm32f1xx_it.o
                0x0000000008000ade                BusFault_Handler
 .text.UsageFault_Handler
                0x0000000008000ae4        0x6 ./Core/Src/stm32f1xx_it.o
                0x0000000008000ae4                UsageFault_Handler
 .text.DebugMon_Handler
                0x0000000008000aea        0xc ./Core/Src/stm32f1xx_it.o
                0x0000000008000aea                DebugMon_Handler
 .text.SysTick_Handler
                0x0000000008000af6       0x1a ./Core/Src/stm32f1xx_it.o
                0x0000000008000af6                SysTick_Handler
 .text.SystemInit
                0x0000000008000b10        0xc ./Core/Src/system_stm32f1xx.o
                0x0000000008000b10                SystemInit
 .text.Reset_Handler
                0x0000000008000b1c       0x48 ./Core/Startup/startup_stm32f103c8tx.o
                0x0000000008000b1c                Reset_Handler
 .text.Default_Handler
                0x0000000008000b64        0x2 ./Core/Startup/startup_stm32f103c8tx.o
                0x0000000008000b64                RTC_Alarm_IRQHandler
                0x0000000008000b64                EXTI2_IRQHandler
                0x0000000008000b64                TIM1_CC_IRQHandler
                0x0000000008000b64                PVD_IRQHandler
                0x0000000008000b64                EXTI3_IRQHandler
                0x0000000008000b64                EXTI0_IRQHandler
                0x0000000008000b64                I2C2_EV_IRQHandler
                0x0000000008000b64                ADC1_2_IRQHandler
                0x0000000008000b64                SPI1_IRQHandler
                0x0000000008000b64                TAMPER_IRQHandler
                0x0000000008000b64                DMA1_Channel4_IRQHandler
                0x0000000008000b64                USART3_IRQHandler
                0x0000000008000b64                RTC_IRQHandler
                0x0000000008000b64                DMA1_Channel7_IRQHandler
                0x0000000008000b64                CAN1_RX1_IRQHandler
                0x0000000008000b64                TIM4_IRQHandler
                0x0000000008000b64                I2C1_EV_IRQHandler
                0x0000000008000b64                DMA1_Channel6_IRQHandler
                0x0000000008000b64                TIM3_IRQHandler
                0x0000000008000b64                RCC_IRQHandler
                0x0000000008000b64                TIM1_TRG_COM_IRQHandler
                0x0000000008000b64                DMA1_Channel1_IRQHandler
                0x0000000008000b64                Default_Handler
                0x0000000008000b64                EXTI15_10_IRQHandler
                0x0000000008000b64                EXTI9_5_IRQHandler
                0x0000000008000b64                SPI2_IRQHandler
                0x0000000008000b64                DMA1_Channel5_IRQHandler
                0x0000000008000b64                EXTI4_IRQHandler
                0x0000000008000b64                USB_LP_CAN1_RX0_IRQHandler
                0x0000000008000b64                USB_HP_CAN1_TX_IRQHandler
                0x0000000008000b64                DMA1_Channel3_IRQHandler
                0x0000000008000b64                TIM1_UP_IRQHandler
                0x0000000008000b64                WWDG_IRQHandler
                0x0000000008000b64                TIM2_IRQHandler
                0x0000000008000b64                TIM1_BRK_IRQHandler
                0x0000000008000b64                EXTI1_IRQHandler
                0x0000000008000b64                USART2_IRQHandler
                0x0000000008000b64                I2C2_ER_IRQHandler
                0x0000000008000b64                DMA1_Channel2_IRQHandler
                0x0000000008000b64                CAN1_SCE_IRQHandler
                0x0000000008000b64                FLASH_IRQHandler
                0x0000000008000b64                USART1_IRQHandler
                0x0000000008000b64                I2C1_ER_IRQHandler
                0x0000000008000b64                USBWakeUp_IRQHandler
 *fill*         0x0000000008000b66        0x2 
 .text.HAL_Init
                0x0000000008000b68       0x2c ./Drivers/STM32F1xx_HAL_Driver/Src/stm32f1xx_hal.o
                0x0000000008000b68                HAL_Init
 .text.HAL_InitTick
                0x0000000008000b94       0x60 ./Drivers/STM32F1xx_HAL_Driver/Src/stm32f1xx_hal.o
                0x0000000008000b94                HAL_InitTick
 .text.HAL_IncTick
                0x0000000008000bf4       0x24 ./Drivers/STM32F1xx_HAL_Driver/Src/stm32f1xx_hal.o
                0x0000000008000bf4                HAL_IncTick
 .text.HAL_GetTick
                0x0000000008000c18       0x14 ./Drivers/STM32F1xx_HAL_Driver/Src/stm32f1xx_hal.o
                0x0000000008000c18                HAL_GetTick
 .text.HAL_Delay
                0x0000000008000c2c       0x48 ./Drivers/STM32F1xx_HAL_Driver/Src/stm32f1xx_hal.o
                0x0000000008000c2c                HAL_Delay
 .text.__NVIC_SetPriorityGrouping
                0x0000000008000c74       0x48 ./Drivers/STM32F1xx_HAL_Driver/Src/stm32f1xx_hal_cortex.o
 .text.__NVIC_GetPriorityGrouping
                0x0000000008000cbc       0x1c ./Drivers/STM32F1xx_HAL_Driver/Src/stm32f1xx_hal_cortex.o
 .text.__NVIC_SetPriority
                0x0000000008000cd8       0x54 ./Drivers/STM32F1xx_HAL_Driver/Src/stm32f1xx_hal_cortex.o
 .text.NVIC_EncodePriority
                0x0000000008000d2c       0x64 ./Drivers/STM32F1xx_HAL_Driver/Src/stm32f1xx_hal_cortex.o
 .text.SysTick_Config
                0x0000000008000d90       0x44 ./Drivers/STM32F1xx_HAL_Driver/Src/stm32f1xx_hal_cortex.o
 .text.HAL_NVIC_SetPriorityGrouping
                0x0000000008000dd4       0x16 ./Drivers/STM32F1xx_HAL_Driver/Src/stm32f1xx_hal_cortex.o
                0x0000000008000dd4                HAL_NVIC_SetPriorityGrouping
 .text.HAL_NVIC_SetPriority
                0x0000000008000dea       0x38 ./Drivers/STM32F1xx_HAL_Driver/Src/stm32f1xx_hal_cortex.o
                0x0000000008000dea                HAL_NVIC_SetPriority
 .text.HAL_SYSTICK_Config
                0x0000000008000e22       0x18 ./Drivers/STM32F1xx_HAL_Driver/Src/stm32f1xx_hal_cortex.o
                0x0000000008000e22                HAL_SYSTICK_Config
 *fill*         0x0000000008000e3a        0x2 
 .text.HAL_GPIO_Init
                0x0000000008000e3c      0x308 ./Drivers/STM32F1xx_HAL_Driver/Src/stm32f1xx_hal_gpio.o
                0x0000000008000e3c                HAL_GPIO_Init
 .text.HAL_GPIO_ReadPin
                0x0000000008001144       0x2e ./Drivers/STM32F1xx_HAL_Driver/Src/stm32f1xx_hal_gpio.o
                0x0000000008001144                HAL_GPIO_ReadPin
 .text.HAL_GPIO_WritePin
                0x0000000008001172       0x30 ./Drivers/STM32F1xx_HAL_Driver/Src/stm32f1xx_hal_gpio.o
                0x0000000008001172                HAL_GPIO_WritePin
 *fill*         0x00000000080011a2        0x2 
 .text.HAL_I2C_Init
                0x00000000080011a4      0x288 ./Drivers/STM32F1xx_HAL_Driver/Src/stm32f1xx_hal_i2c.o
                0x00000000080011a4                HAL_I2C_Init
 .text.HAL_I2C_Master_Transmit
                0x000000000800142c      0x1fc ./Drivers/STM32F1xx_HAL_Driver/Src/stm32f1xx_hal_i2c.o
                0x000000000800142c                HAL_I2C_Master_Transmit
 .text.I2C_MasterRequestWrite
                0x0000000008001628      0x104 ./Drivers/STM32F1xx_HAL_Driver/Src/stm32f1xx_hal_i2c.o
 .text.I2C_WaitOnFlagUntilTimeout
                0x000000000800172c       0xae ./Drivers/STM32F1xx_HAL_Driver/Src/stm32f1xx_hal_i2c.o
 .text.I2C_WaitOnMasterAddressFlagUntilTimeout
                0x00000000080017da       0xfe ./Drivers/STM32F1xx_HAL_Driver/Src/stm32f1xx_hal_i2c.o
 .text.I2C_WaitOnTXEFlagUntilTimeout
                0x00000000080018d8       0x82 ./Drivers/STM32F1xx_HAL_Driver/Src/stm32f1xx_hal_i2c.o
 .text.I2C_WaitOnBTFFlagUntilTimeout
                0x000000000800195a       0x82 ./Drivers/STM32F1xx_HAL_Driver/Src/stm32f1xx_hal_i2c.o
 .text.I2C_IsAcknowledgeFailed
                0x00000000080019dc       0x5c ./Drivers/STM32F1xx_HAL_Driver/Src/stm32f1xx_hal_i2c.o
 .text.HAL_RCC_OscConfig
                0x0000000008001a38      0x504 ./Drivers/STM32F1xx_HAL_Driver/Src/stm32f1xx_hal_rcc.o
                0x0000000008001a38                HAL_RCC_OscConfig
 .text.HAL_RCC_ClockConfig
                0x0000000008001f3c      0x1d4 ./Drivers/STM32F1xx_HAL_Driver/Src/stm32f1xx_hal_rcc.o
                0x0000000008001f3c                HAL_RCC_ClockConfig
 .text.HAL_RCC_GetSysClockFreq
                0x0000000008002110       0xbc ./Drivers/STM32F1xx_HAL_Driver/Src/stm32f1xx_hal_rcc.o
                0x0000000008002110                HAL_RCC_GetSysClockFreq
 .text.HAL_RCC_GetHCLKFreq
                0x00000000080021cc       0x14 ./Drivers/STM32F1xx_HAL_Driver/Src/stm32f1xx_hal_rcc.o
                0x00000000080021cc                HAL_RCC_GetHCLKFreq
 .text.HAL_RCC_GetPCLK1Freq
                0x00000000080021e0       0x28 ./Drivers/STM32F1xx_HAL_Driver/Src/stm32f1xx_hal_rcc.o
                0x00000000080021e0                HAL_RCC_GetPCLK1Freq
 .text.RCC_Delay
                0x0000000008002208       0x3c ./Drivers/STM32F1xx_HAL_Driver/Src/stm32f1xx_hal_rcc.o
 .text.osKernelInitialize
                0x0000000008002244       0x64 ./Middlewares/Third_Party/FreeRTOS/Source/CMSIS_RTOS_V2/cmsis_os2.o
                0x0000000008002244                osKernelInitialize
 .text.osKernelStart
                0x00000000080022a8       0x68 ./Middlewares/Third_Party/FreeRTOS/Source/CMSIS_RTOS_V2/cmsis_os2.o
                0x00000000080022a8                osKernelStart
 .text.osThreadNew
                0x0000000008002310      0x154 ./Middlewares/Third_Party/FreeRTOS/Source/CMSIS_RTOS_V2/cmsis_os2.o
                0x0000000008002310                osThreadNew
 .text.osDelay  0x0000000008002464       0x5c ./Middlewares/Third_Party/FreeRTOS/Source/CMSIS_RTOS_V2/cmsis_os2.o
                0x0000000008002464                osDelay
 .text.osSemaphoreNew
                0x00000000080024c0      0x138 ./Middlewares/Third_Party/FreeRTOS/Source/CMSIS_RTOS_V2/cmsis_os2.o
                0x00000000080024c0                osSemaphoreNew
 .text.osSemaphoreAcquire
                0x00000000080025f8       0xcc ./Middlewares/Third_Party/FreeRTOS/Source/CMSIS_RTOS_V2/cmsis_os2.o
                0x00000000080025f8                osSemaphoreAcquire
 .text.osSemaphoreRelease
                0x00000000080026c4       0xb0 ./Middlewares/Third_Party/FreeRTOS/Source/CMSIS_RTOS_V2/cmsis_os2.o
                0x00000000080026c4                osSemaphoreRelease
 .text.osSemaphoreGetCount
                0x0000000008002774       0x64 ./Middlewares/Third_Party/FreeRTOS/Source/CMSIS_RTOS_V2/cmsis_os2.o
                0x0000000008002774                osSemaphoreGetCount
 .text.vApplicationGetIdleTaskMemory
                0x00000000080027d8       0x30 ./Middlewares/Third_Party/FreeRTOS/Source/CMSIS_RTOS_V2/cmsis_os2.o
                0x00000000080027d8                vApplicationGetIdleTaskMemory
 .text.vApplicationGetTimerTaskMemory
                0x0000000008002808       0x34 ./Middlewares/Third_Party/FreeRTOS/Source/CMSIS_RTOS_V2/cmsis_os2.o
                0x0000000008002808                vApplicationGetTimerTaskMemory
 .text.vListInitialise
                0x000000000800283c       0x3e ./Middlewares/Third_Party/FreeRTOS/Source/list.o
                0x000000000800283c                vListInitialise
 .text.vListInitialiseItem
                0x000000000800287a       0x18 ./Middlewares/Third_Party/FreeRTOS/Source/list.o
                0x000000000800287a                vListInitialiseItem
 .text.vListInsertEnd
                0x0000000008002892       0x46 ./Middlewares/Third_Party/FreeRTOS/Source/list.o
                0x0000000008002892                vListInsertEnd
 .text.vListInsert
                0x00000000080028d8       0x70 ./Middlewares/Third_Party/FreeRTOS/Source/list.o
                0x00000000080028d8                vListInsert
 .text.uxListRemove
                0x0000000008002948       0x52 ./Middlewares/Third_Party/FreeRTOS/Source/list.o
                0x0000000008002948                uxListRemove
 *fill*         0x000000000800299a        0x2 
 .text.xQueueGenericReset
                0x000000000800299c       0xd0 ./Middlewares/Third_Party/FreeRTOS/Source/queue.o
                0x000000000800299c                xQueueGenericReset
 .text.xQueueGenericCreateStatic
                0x0000000008002a6c       0xee ./Middlewares/Third_Party/FreeRTOS/Source/queue.o
                0x0000000008002a6c                xQueueGenericCreateStatic
 .text.xQueueGenericCreate
                0x0000000008002b5a       0x7c ./Middlewares/Third_Party/FreeRTOS/Source/queue.o
                0x0000000008002b5a                xQueueGenericCreate
 .text.prvInitialiseNewQueue
                0x0000000008002bd6       0x46 ./Middlewares/Third_Party/FreeRTOS/Source/queue.o
 .text.xQueueCreateCountingSemaphoreStatic
                0x0000000008002c1c       0x6e ./Middlewares/Third_Party/FreeRTOS/Source/queue.o
                0x0000000008002c1c                xQueueCreateCountingSemaphoreStatic
 .text.xQueueCreateCountingSemaphore
                0x0000000008002c8a       0x66 ./Middlewares/Third_Party/FreeRTOS/Source/queue.o
                0x0000000008002c8a                xQueueCreateCountingSemaphore
 .text.xQueueGenericSend
                0x0000000008002cf0      0x1fc ./Middlewares/Third_Party/FreeRTOS/Source/queue.o
                0x0000000008002cf0                xQueueGenericSend
 .text.xQueueGenericSendFromISR
                0x0000000008002eec      0x130 ./Middlewares/Third_Party/FreeRTOS/Source/queue.o
                0x0000000008002eec                xQueueGenericSendFromISR
 .text.xQueueGiveFromISR
                0x000000000800301c      0x11a ./Middlewares/Third_Party/FreeRTOS/Source/queue.o
                0x000000000800301c                xQueueGiveFromISR
 *fill*         0x0000000008003136        0x2 
 .text.xQueueReceive
                0x0000000008003138      0x1c0 ./Middlewares/Third_Party/FreeRTOS/Source/queue.o
                0x0000000008003138                xQueueReceive
 .text.xQueueSemaphoreTake
                0x00000000080032f8      0x218 ./Middlewares/Third_Party/FreeRTOS/Source/queue.o
                0x00000000080032f8                xQueueSemaphoreTake
 .text.xQueueReceiveFromISR
                0x0000000008003510      0x100 ./Middlewares/Third_Party/FreeRTOS/Source/queue.o
                0x0000000008003510                xQueueReceiveFromISR
 .text.uxQueueMessagesWaiting
                0x0000000008003610       0x3c ./Middlewares/Third_Party/FreeRTOS/Source/queue.o
                0x0000000008003610                uxQueueMessagesWaiting
 .text.uxQueueMessagesWaitingFromISR
                0x000000000800364c       0x36 ./Middlewares/Third_Party/FreeRTOS/Source/queue.o
                0x000000000800364c                uxQueueMessagesWaitingFromISR
 .text.vQueueDelete
                0x0000000008003682       0x46 ./Middlewares/Third_Party/FreeRTOS/Source/queue.o
                0x0000000008003682                vQueueDelete
 .text.prvGetDisinheritPriorityAfterTimeout
                0x00000000080036c8       0x2e ./Middlewares/Third_Party/FreeRTOS/Source/queue.o
 .text.prvCopyDataToQueue
                0x00000000080036f6       0xd4 ./Middlewares/Third_Party/FreeRTOS/Source/queue.o
 .text.prvCopyDataFromQueue
                0x00000000080037ca       0x4c ./Middlewares/Third_Party/FreeRTOS/Source/queue.o
 .text.prvUnlockQueue
                0x0000000008003816       0xa4 ./Middlewares/Third_Party/FreeRTOS/Source/queue.o
 .text.prvIsQueueEmpty
                0x00000000080038ba       0x2c ./Middlewares/Third_Party/FreeRTOS/Source/queue.o
 .text.prvIsQueueFull
                0x00000000080038e6       0x30 ./Middlewares/Third_Party/FreeRTOS/Source/queue.o
 *fill*         0x0000000008003916        0x2 
 .text.vQueueAddToRegistry
                0x0000000008003918       0x50 ./Middlewares/Third_Party/FreeRTOS/Source/queue.o
                0x0000000008003918                vQueueAddToRegistry
 .text.vQueueUnregisterQueue
                0x0000000008003968       0x54 ./Middlewares/Third_Party/FreeRTOS/Source/queue.o
                0x0000000008003968                vQueueUnregisterQueue
 .text.vQueueWaitForMessageRestricted
                0x00000000080039bc       0x68 ./Middlewares/Third_Party/FreeRTOS/Source/queue.o
                0x00000000080039bc                vQueueWaitForMessageRestricted
 .text.xTaskCreateStatic
                0x0000000008003a24       0xb8 ./Middlewares/Third_Party/FreeRTOS/Source/tasks.o
                0x0000000008003a24                xTaskCreateStatic
 .text.xTaskCreate
                0x0000000008003adc       0x8a ./Middlewares/Third_Party/FreeRTOS/Source/tasks.o
                0x0000000008003adc                xTaskCreate
 .text.prvInitialiseNewTask
                0x0000000008003b66      0x10e ./Middlewares/Third_Party/FreeRTOS/Source/tasks.o
 .text.prvAddNewTaskToReadyList
                0x0000000008003c74       0xe0 ./Middlewares/Third_Party/FreeRTOS/Source/tasks.o
 .text.vTaskDelay
                0x0000000008003d54       0x68 ./Middlewares/Third_Party/FreeRTOS/Source/tasks.o
                0x0000000008003d54                vTaskDelay
 .text.vTaskStartScheduler
                0x0000000008003dbc       0xcc ./Middlewares/Third_Party/FreeRTOS/Source/tasks.o
                0x0000000008003dbc                vTaskStartScheduler
 .text.vTaskSuspendAll
                0x0000000008003e88       0x1c ./Middlewares/Third_Party/FreeRTOS/Source/tasks.o
                0x0000000008003e88                vTaskSuspendAll
 .text.xTaskResumeAll
                0x0000000008003ea4      0x13c ./Middlewares/Third_Party/FreeRTOS/Source/tasks.o
                0x0000000008003ea4                xTaskResumeAll
 .text.xTaskGetTickCount
                0x0000000008003fe0       0x1c ./Middlewares/Third_Party/FreeRTOS/Source/tasks.o
                0x0000000008003fe0                xTaskGetTickCount
 .text.xTaskIncrementTick
                0x0000000008003ffc      0x17c ./Middlewares/Third_Party/FreeRTOS/Source/tasks.o
                0x0000000008003ffc                xTaskIncrementTick
 .text.vTaskSwitchContext
                0x0000000008004178       0xb8 ./Middlewares/Third_Party/FreeRTOS/Source/tasks.o
                0x0000000008004178                vTaskSwitchContext
 .text.vTaskPlaceOnEventList
                0x0000000008004230       0x48 ./Middlewares/Third_Party/FreeRTOS/Source/tasks.o
                0x0000000008004230                vTaskPlaceOnEventList
 .text.vTaskPlaceOnEventListRestricted
                0x0000000008004278       0x58 ./Middlewares/Third_Party/FreeRTOS/Source/tasks.o
                0x0000000008004278                vTaskPlaceOnEventListRestricted
 .text.xTaskRemoveFromEventList
                0x00000000080042d0       0xc8 ./Middlewares/Third_Party/FreeRTOS/Source/tasks.o
                0x00000000080042d0                xTaskRemoveFromEventList
 .text.vTaskInternalSetTimeOutState
                0x0000000008004398       0x2c ./Middlewares/Third_Party/FreeRTOS/Source/tasks.o
                0x0000000008004398                vTaskInternalSetTimeOutState
 .text.xTaskCheckForTimeOut
                0x00000000080043c4       0xc4 ./Middlewares/Third_Party/FreeRTOS/Source/tasks.o
                0x00000000080043c4                xTaskCheckForTimeOut
 .text.vTaskMissedYield
                0x0000000008004488       0x18 ./Middlewares/Third_Party/FreeRTOS/Source/tasks.o
                0x0000000008004488                vTaskMissedYield
 .text.prvIdleTask
                0x00000000080044a0       0x30 ./Middlewares/Third_Party/FreeRTOS/Source/tasks.o
 .text.prvInitialiseTaskLists
                0x00000000080044d0       0x80 ./Middlewares/Third_Party/FreeRTOS/Source/tasks.o
 .text.prvCheckTasksWaitingTermination
                0x0000000008004550       0x5c ./Middlewares/Third_Party/FreeRTOS/Source/tasks.o
 .text.prvDeleteTCB
                0x00000000080045ac       0x5e ./Middlewares/Third_Party/FreeRTOS/Source/tasks.o
 *fill*         0x000000000800460a        0x2 
 .text.prvResetNextTaskUnblockTime
                0x000000000800460c       0x48 ./Middlewares/Third_Party/FreeRTOS/Source/tasks.o
 .text.xTaskGetSchedulerState
                0x0000000008004654       0x3c ./Middlewares/Third_Party/FreeRTOS/Source/tasks.o
                0x0000000008004654                xTaskGetSchedulerState
 .text.xTaskPriorityInherit
                0x0000000008004690       0xdc ./Middlewares/Third_Party/FreeRTOS/Source/tasks.o
                0x0000000008004690                xTaskPriorityInherit
 .text.xTaskPriorityDisinherit
                0x000000000800476c       0xdc ./Middlewares/Third_Party/FreeRTOS/Source/tasks.o
                0x000000000800476c                xTaskPriorityDisinherit
 .text.vTaskPriorityDisinheritAfterTimeout
                0x0000000008004848      0x10c ./Middlewares/Third_Party/FreeRTOS/Source/tasks.o
                0x0000000008004848                vTaskPriorityDisinheritAfterTimeout
 .text.pvTaskIncrementMutexHeldCount
                0x0000000008004954       0x28 ./Middlewares/Third_Party/FreeRTOS/Source/tasks.o
                0x0000000008004954                pvTaskIncrementMutexHeldCount
 .text.prvAddCurrentTaskToDelayedList
                0x000000000800497c       0xa8 ./Middlewares/Third_Party/FreeRTOS/Source/tasks.o
 .text.xTimerCreateTimerTask
                0x0000000008004a24       0x90 ./Middlewares/Third_Party/FreeRTOS/Source/timers.o
                0x0000000008004a24                xTimerCreateTimerTask
 .text.xTimerGenericCommand
                0x0000000008004ab4       0x9c ./Middlewares/Third_Party/FreeRTOS/Source/timers.o
                0x0000000008004ab4                xTimerGenericCommand
 .text.prvProcessExpiredTimer
                0x0000000008004b50       0x80 ./Middlewares/Third_Party/FreeRTOS/Source/timers.o
 .text.prvTimerTask
                0x0000000008004bd0       0x24 ./Middlewares/Third_Party/FreeRTOS/Source/timers.o
 .text.prvProcessTimerOrBlockTask
                0x0000000008004bf4       0x9c ./Middlewares/Third_Party/FreeRTOS/Source/timers.o
 .text.prvGetNextExpireTime
                0x0000000008004c90       0x48 ./Middlewares/Third_Party/FreeRTOS/Source/timers.o
 .text.prvSampleTimeNow
                0x0000000008004cd8       0x40 ./Middlewares/Third_Party/FreeRTOS/Source/timers.o
 .text.prvInsertTimerInActiveList
                0x0000000008004d18       0x84 ./Middlewares/Third_Party/FreeRTOS/Source/timers.o
 .text.prvProcessReceivedCommands
                0x0000000008004d9c      0x168 ./Middlewares/Third_Party/FreeRTOS/Source/timers.o
 .text.prvSwitchTimerLists
                0x0000000008004f04       0xc4 ./Middlewares/Third_Party/FreeRTOS/Source/timers.o
 .text.prvCheckForValidListAndQueue
                0x0000000008004fc8       0x80 ./Middlewares/Third_Party/FreeRTOS/Source/timers.o
 .text.pxPortInitialiseStack
                0x0000000008005048       0x58 ./Middlewares/Third_Party/FreeRTOS/Source/portable/GCC/ARM_CM3/port.o
                0x0000000008005048                pxPortInitialiseStack
 .text.prvTaskExitError
                0x00000000080050a0       0x58 ./Middlewares/Third_Party/FreeRTOS/Source/portable/GCC/ARM_CM3/port.o
 *fill*         0x00000000080050f8        0x8 
 .text.SVC_Handler
                0x0000000008005100       0x28 ./Middlewares/Third_Party/FreeRTOS/Source/portable/GCC/ARM_CM3/port.o
                0x0000000008005100                SVC_Handler
 .text.prvPortStartFirstTask
                0x0000000008005128       0x20 ./Middlewares/Third_Party/FreeRTOS/Source/portable/GCC/ARM_CM3/port.o
 .text.xPortStartScheduler
                0x0000000008005148       0xe4 ./Middlewares/Third_Party/FreeRTOS/Source/portable/GCC/ARM_CM3/port.o
                0x0000000008005148                xPortStartScheduler
 .text.vPortEnterCritical
                0x000000000800522c       0x60 ./Middlewares/Third_Party/FreeRTOS/Source/portable/GCC/ARM_CM3/port.o
                0x000000000800522c                vPortEnterCritical
 .text.vPortExitCritical
                0x000000000800528c       0x50 ./Middlewares/Third_Party/FreeRTOS/Source/portable/GCC/ARM_CM3/port.o
                0x000000000800528c                vPortExitCritical
 *fill*         0x00000000080052dc        0x4 
 .text.PendSV_Handler
                0x00000000080052e0       0x48 ./Middlewares/Third_Party/FreeRTOS/Source/portable/GCC/ARM_CM3/port.o
                0x00000000080052e0                PendSV_Handler
 .text.xPortSysTickHandler
                0x0000000008005328       0x44 ./Middlewares/Third_Party/FreeRTOS/Source/portable/GCC/ARM_CM3/port.o
                0x0000000008005328                xPortSysTickHandler
 .text.vPortSetupTimerInterrupt
                0x000000000800536c       0x44 ./Middlewares/Third_Party/FreeRTOS/Source/portable/GCC/ARM_CM3/port.o
                0x000000000800536c                vPortSetupTimerInterrupt
 .text.vPortValidateInterruptPriority
                0x00000000080053b0       0x7c ./Middlewares/Third_Party/FreeRTOS/Source/portable/GCC/ARM_CM3/port.o
                0x00000000080053b0                vPortValidateInterruptPriority
 .text.pvPortMalloc
                0x000000000800542c      0x188 ./Middlewares/Third_Party/FreeRTOS/Source/portable/MemMang/heap_4.o
                0x000000000800542c                pvPortMalloc
 .text.vPortFree
                0x00000000080055b4       0xb4 ./Middlewares/Third_Party/FreeRTOS/Source/portable/MemMang/heap_4.o
                0x00000000080055b4                vPortFree
 .text.prvHeapInit
                0x0000000008005668       0xc4 ./Middlewares/Third_Party/FreeRTOS/Source/portable/MemMang/heap_4.o
 .text.prvInsertBlockIntoFreeList
                0x000000000800572c       0xb0 ./Middlewares/Third_Party/FreeRTOS/Source/portable/MemMang/heap_4.o
 .text.__libc_init_array
                0x00000000080057dc       0x48 c:/st/stm32cubeide_1.12.1/stm32cubeide/plugins/com.st.stm32cube.ide.mcu.externaltools.gnu-tools-for-stm32.10.3-2021.10.win32_1.0.200.202301161003/tools/bin/../lib/gcc/arm-none-eabi/10.3.1/../../../../arm-none-eabi/lib/thumb/v7-m/nofp\libc_nano.a(lib_a-init.o)
                0x00000000080057dc                __libc_init_array
 .text.memcpy   0x0000000008005824       0x1c c:/st/stm32cubeide_1.12.1/stm32cubeide/plugins/com.st.stm32cube.ide.mcu.externaltools.gnu-tools-for-stm32.10.3-2021.10.win32_1.0.200.202301161003/tools/bin/../lib/gcc/arm-none-eabi/10.3.1/../../../../arm-none-eabi/lib/thumb/v7-m/nofp\libc_nano.a(lib_a-memcpy-stub.o)
                0x0000000008005824                memcpy
 .text.memset   0x0000000008005840       0x10 c:/st/stm32cubeide_1.12.1/stm32cubeide/plugins/com.st.stm32cube.ide.mcu.externaltools.gnu-tools-for-stm32.10.3-2021.10.win32_1.0.200.202301161003/tools/bin/../lib/gcc/arm-none-eabi/10.3.1/../../../../arm-none-eabi/lib/thumb/v7-m/nofp\libc_nano.a(lib_a-memset.o)
                0x0000000008005840                memset
 *(.glue_7)
 .glue_7        0x0000000008005850        0x0 linker stubs
 *(.glue_7t)
 .glue_7t       0x0000000008005850        0x0 linker stubs
 *(.eh_frame)
 .eh_frame      0x0000000008005850        0x0 c:/st/stm32cubeide_1.12.1/stm32cubeide/plugins/com.st.stm32cube.ide.mcu.externaltools.gnu-tools-for-stm32.10.3-2021.10.win32_1.0.200.202301161003/tools/bin/../lib/gcc/arm-none-eabi/10.3.1/thumb/v7-m/nofp/crtbegin.o
 *(.init)
 .init          0x0000000008005850        0x4 c:/st/stm32cubeide_1.12.1/stm32cubeide/plugins/com.st.stm32cube.ide.mcu.externaltools.gnu-tools-for-stm32.10.3-2021.10.win32_1.0.200.202301161003/tools/bin/../lib/gcc/arm-none-eabi/10.3.1/thumb/v7-m/nofp/crti.o
                0x0000000008005850                _init
 .init          0x0000000008005854        0x8 c:/st/stm32cubeide_1.12.1/stm32cubeide/plugins/com.st.stm32cube.ide.mcu.externaltools.gnu-tools-for-stm32.10.3-2021.10.win32_1.0.200.202301161003/tools/bin/../lib/gcc/arm-none-eabi/10.3.1/thumb/v7-m/nofp/crtn.o
 *(.fini)
 .fini          0x000000000800585c        0x4 c:/st/stm32cubeide_1.12.1/stm32cubeide/plugins/com.st.stm32cube.ide.mcu.externaltools.gnu-tools-for-stm32.10.3-2021.10.win32_1.0.200.202301161003/tools/bin/../lib/gcc/arm-none-eabi/10.3.1/thumb/v7-m/nofp/crti.o
                0x000000000800585c                _fini
 .fini          0x0000000008005860        0x8 c:/st/stm32cubeide_1.12.1/stm32cubeide/plugins/com.st.stm32cube.ide.mcu.externaltools.gnu-tools-for-stm32.10.3-2021.10.win32_1.0.200.202301161003/tools/bin/../lib/gcc/arm-none-eabi/10.3.1/thumb/v7-m/nofp/crtn.o
                0x0000000008005868                . = ALIGN (0x4)
                0x0000000008005868                _etext = .

.vfp11_veneer   0x0000000008005868        0x0
 .vfp11_veneer  0x0000000008005868        0x0 linker stubs

.v4_bx          0x0000000008005868        0x0
 .v4_bx         0x0000000008005868        0x0 linker stubs

.iplt           0x0000000008005868        0x0
 .iplt          0x0000000008005868        0x0 c:/st/stm32cubeide_1.12.1/stm32cubeide/plugins/com.st.stm32cube.ide.mcu.externaltools.gnu-tools-for-stm32.10.3-2021.10.win32_1.0.200.202301161003/tools/bin/../lib/gcc/arm-none-eabi/10.3.1/thumb/v7-m/nofp/crtbegin.o

.rodata         0x0000000008005868      0x1b0
                0x0000000008005868                . = ALIGN (0x4)
 *(.rodata)
 .rodata        0x0000000008005868       0x10 ./Core/Src/liquidcrystal_i2c.o
 .rodata        0x0000000008005878       0x9a ./Core/Src/main.o
 *fill*         0x0000000008005912        0x2 
 .rodata        0x0000000008005914       0x10 ./Drivers/STM32F1xx_HAL_Driver/Src/stm32f1xx_hal_rcc.o
 .rodata        0x0000000008005924        0x5 ./Middlewares/Third_Party/FreeRTOS/Source/tasks.o
 *fill*         0x0000000008005929        0x3 
 .rodata        0x000000000800592c        0xd ./Middlewares/Third_Party/FreeRTOS/Source/timers.o
 *(.rodata*)
 *fill*         0x0000000008005939        0x3 
 .rodata.defaultTask_attributes
                0x000000000800593c       0x24 ./Core/Src/main.o
                0x000000000800593c                defaultTask_attributes
 .rodata.BTNTask_attributes
                0x0000000008005960       0x24 ./Core/Src/main.o
                0x0000000008005960                BTNTask_attributes
 .rodata.LCDTask_attributes
                0x0000000008005984       0x24 ./Core/Src/main.o
                0x0000000008005984                LCDTask_attributes
 .rodata.holdLED_attributes
                0x00000000080059a8       0x24 ./Core/Src/main.o
                0x00000000080059a8                holdLED_attributes
 .rodata.SwitchTask_attributes
                0x00000000080059cc       0x24 ./Core/Src/main.o
                0x00000000080059cc                SwitchTask_attributes
 .rodata.buttonSemaphore_attributes
                0x00000000080059f0       0x10 ./Core/Src/main.o
                0x00000000080059f0                buttonSemaphore_attributes
 .rodata.AHBPrescTable
                0x0000000008005a00       0x10 ./Core/Src/system_stm32f1xx.o
                0x0000000008005a00                AHBPrescTable
 .rodata.APBPrescTable
                0x0000000008005a10        0x8 ./Core/Src/system_stm32f1xx.o
                0x0000000008005a10                APBPrescTable
                0x0000000008005a18                . = ALIGN (0x4)

.rel.dyn        0x0000000008005a18        0x0
 .rel.iplt      0x0000000008005a18        0x0 c:/st/stm32cubeide_1.12.1/stm32cubeide/plugins/com.st.stm32cube.ide.mcu.externaltools.gnu-tools-for-stm32.10.3-2021.10.win32_1.0.200.202301161003/tools/bin/../lib/gcc/arm-none-eabi/10.3.1/thumb/v7-m/nofp/crtbegin.o

.ARM.extab      0x0000000008005a18        0x0
                0x0000000008005a18                . = ALIGN (0x4)
 *(.ARM.extab* .gnu.linkonce.armextab.*)
                0x0000000008005a18                . = ALIGN (0x4)

.ARM            0x0000000008005a18        0x0
                0x0000000008005a18                . = ALIGN (0x4)
                0x0000000008005a18                __exidx_start = .
 *(.ARM.exidx*)
                0x0000000008005a18                __exidx_end = .
                0x0000000008005a18                . = ALIGN (0x4)

.preinit_array  0x0000000008005a18        0x0
                0x0000000008005a18                . = ALIGN (0x4)
                0x0000000008005a18                PROVIDE (__preinit_array_start = .)
 *(.preinit_array*)
                0x0000000008005a18                PROVIDE (__preinit_array_end = .)
                0x0000000008005a18                . = ALIGN (0x4)

.init_array     0x0000000008005a18        0x4
                0x0000000008005a18                . = ALIGN (0x4)
                0x0000000008005a18                PROVIDE (__init_array_start = .)
 *(SORT_BY_NAME(.init_array.*))
 *(.init_array*)
 .init_array    0x0000000008005a18        0x4 c:/st/stm32cubeide_1.12.1/stm32cubeide/plugins/com.st.stm32cube.ide.mcu.externaltools.gnu-tools-for-stm32.10.3-2021.10.win32_1.0.200.202301161003/tools/bin/../lib/gcc/arm-none-eabi/10.3.1/thumb/v7-m/nofp/crtbegin.o
                0x0000000008005a1c                PROVIDE (__init_array_end = .)
                0x0000000008005a1c                . = ALIGN (0x4)

.fini_array     0x0000000008005a1c        0x4
                0x0000000008005a1c                . = ALIGN (0x4)
                [!provide]                        PROVIDE (__fini_array_start = .)
 *(SORT_BY_NAME(.fini_array.*))
 *(.fini_array*)
 .fini_array    0x0000000008005a1c        0x4 c:/st/stm32cubeide_1.12.1/stm32cubeide/plugins/com.st.stm32cube.ide.mcu.externaltools.gnu-tools-for-stm32.10.3-2021.10.win32_1.0.200.202301161003/tools/bin/../lib/gcc/arm-none-eabi/10.3.1/thumb/v7-m/nofp/crtbegin.o
                [!provide]                        PROVIDE (__fini_array_end = .)
                0x0000000008005a20                . = ALIGN (0x4)
                0x0000000008005a20                _sidata = LOADADDR (.data)

.data           0x0000000020000000       0x20 load address 0x0000000008005a20
                0x0000000020000000                . = ALIGN (0x4)
                0x0000000020000000                _sdata = .
 *(.data)
 *(.data*)
 .data.special1
                0x0000000020000000        0x8 ./Core/Src/liquidcrystal_i2c.o
                0x0000000020000000                special1
 .data.special2
                0x0000000020000008        0x8 ./Core/Src/liquidcrystal_i2c.o
                0x0000000020000008                special2
 .data.SystemCoreClock
                0x0000000020000010        0x4 ./Core/Src/system_stm32f1xx.o
                0x0000000020000010                SystemCoreClock
 .data.uwTickPrio
                0x0000000020000014        0x4 ./Drivers/STM32F1xx_HAL_Driver/Src/stm32f1xx_hal.o
                0x0000000020000014                uwTickPrio
 .data.uwTickFreq
                0x0000000020000018        0x1 ./Drivers/STM32F1xx_HAL_Driver/Src/stm32f1xx_hal.o
                0x0000000020000018                uwTickFreq
 *fill*         0x0000000020000019        0x3 
 .data.uxCriticalNesting
                0x000000002000001c        0x4 ./Middlewares/Third_Party/FreeRTOS/Source/portable/GCC/ARM_CM3/port.o
 *(.RamFunc)
 *(.RamFunc*)
                0x0000000020000020                . = ALIGN (0x4)
                0x0000000020000020                _edata = .

.igot.plt       0x0000000020000020        0x0 load address 0x0000000008005a40
 .igot.plt      0x0000000020000020        0x0 c:/st/stm32cubeide_1.12.1/stm32cubeide/plugins/com.st.stm32cube.ide.mcu.externaltools.gnu-tools-for-stm32.10.3-2021.10.win32_1.0.200.202301161003/tools/bin/../lib/gcc/arm-none-eabi/10.3.1/thumb/v7-m/nofp/crtbegin.o
                0x0000000020000020                . = ALIGN (0x4)

.bss            0x0000000020000020     0x19e4 load address 0x0000000008005a40
                0x0000000020000020                _sbss = .
                0x0000000020000020                __bss_start__ = _sbss
 *(.bss)
 .bss           0x0000000020000020       0x1c c:/st/stm32cubeide_1.12.1/stm32cubeide/plugins/com.st.stm32cube.ide.mcu.externaltools.gnu-tools-for-stm32.10.3-2021.10.win32_1.0.200.202301161003/tools/bin/../lib/gcc/arm-none-eabi/10.3.1/thumb/v7-m/nofp/crtbegin.o
 *(.bss*)
 .bss.dpFunction
                0x000000002000003c        0x1 ./Core/Src/liquidcrystal_i2c.o
                0x000000002000003c                dpFunction
 .bss.dpControl
                0x000000002000003d        0x1 ./Core/Src/liquidcrystal_i2c.o
                0x000000002000003d                dpControl
 .bss.dpMode    0x000000002000003e        0x1 ./Core/Src/liquidcrystal_i2c.o
                0x000000002000003e                dpMode
 .bss.dpRows    0x000000002000003f        0x1 ./Core/Src/liquidcrystal_i2c.o
                0x000000002000003f                dpRows
 .bss.dpBacklight
                0x0000000020000040        0x1 ./Core/Src/liquidcrystal_i2c.o
                0x0000000020000040                dpBacklight
 *fill*         0x0000000020000041        0x3 
 .bss.hi2c1     0x0000000020000044       0x54 ./Core/Src/main.o
                0x0000000020000044                hi2c1
 .bss.defaultTaskHandle
                0x0000000020000098        0x4 ./Core/Src/main.o
                0x0000000020000098                defaultTaskHandle
 .bss.buttonSemaphoreHandle
                0x000000002000009c        0x4 ./Core/Src/main.o
                0x000000002000009c                buttonSemaphoreHandle
 .bss.switchSemaphoreHandle
                0x00000000200000a0        0x4 ./Core/Src/main.o
                0x00000000200000a0                switchSemaphoreHandle
 .bss.prevSemaphoreHandle
                0x00000000200000a4        0x4 ./Core/Src/main.o
                0x00000000200000a4                prevSemaphoreHandle
 .bss.BTNTaskHandle
                0x00000000200000a8        0x4 ./Core/Src/main.o
                0x00000000200000a8                BTNTaskHandle
 .bss.LCDTaskHandle
                0x00000000200000ac        0x4 ./Core/Src/main.o
                0x00000000200000ac                LCDTaskHandle
 .bss.holdLEDHandle
                0x00000000200000b0        0x4 ./Core/Src/main.o
                0x00000000200000b0                holdLEDHandle
 .bss.holdSwitchHandle
                0x00000000200000b4        0x4 ./Core/Src/main.o
                0x00000000200000b4                holdSwitchHandle
 .bss.uwTick    0x00000000200000b8        0x4 ./Drivers/STM32F1xx_HAL_Driver/Src/stm32f1xx_hal.o
                0x00000000200000b8                uwTick
 .bss.KernelState
                0x00000000200000bc        0x4 ./Middlewares/Third_Party/FreeRTOS/Source/CMSIS_RTOS_V2/cmsis_os2.o
 .bss.Idle_TCB  0x00000000200000c0       0x5c ./Middlewares/Third_Party/FreeRTOS/Source/CMSIS_RTOS_V2/cmsis_os2.o
 .bss.Idle_Stack
                0x000000002000011c      0x200 ./Middlewares/Third_Party/FreeRTOS/Source/CMSIS_RTOS_V2/cmsis_os2.o
 .bss.Timer_TCB
                0x000000002000031c       0x5c ./Middlewares/Third_Party/FreeRTOS/Source/CMSIS_RTOS_V2/cmsis_os2.o
 .bss.Timer_Stack
                0x0000000020000378      0x400 ./Middlewares/Third_Party/FreeRTOS/Source/CMSIS_RTOS_V2/cmsis_os2.o
 .bss.xQueueRegistry
                0x0000000020000778       0x40 ./Middlewares/Third_Party/FreeRTOS/Source/queue.o
                0x0000000020000778                xQueueRegistry
 .bss.pxCurrentTCB
                0x00000000200007b8        0x4 ./Middlewares/Third_Party/FreeRTOS/Source/tasks.o
                0x00000000200007b8                pxCurrentTCB
 .bss.pxReadyTasksLists
                0x00000000200007bc      0x460 ./Middlewares/Third_Party/FreeRTOS/Source/tasks.o
 .bss.xDelayedTaskList1
                0x0000000020000c1c       0x14 ./Middlewares/Third_Party/FreeRTOS/Source/tasks.o
 .bss.xDelayedTaskList2
                0x0000000020000c30       0x14 ./Middlewares/Third_Party/FreeRTOS/Source/tasks.o
 .bss.pxDelayedTaskList
                0x0000000020000c44        0x4 ./Middlewares/Third_Party/FreeRTOS/Source/tasks.o
 .bss.pxOverflowDelayedTaskList
                0x0000000020000c48        0x4 ./Middlewares/Third_Party/FreeRTOS/Source/tasks.o
 .bss.xPendingReadyList
                0x0000000020000c4c       0x14 ./Middlewares/Third_Party/FreeRTOS/Source/tasks.o
 .bss.xTasksWaitingTermination
                0x0000000020000c60       0x14 ./Middlewares/Third_Party/FreeRTOS/Source/tasks.o
 .bss.uxDeletedTasksWaitingCleanUp
                0x0000000020000c74        0x4 ./Middlewares/Third_Party/FreeRTOS/Source/tasks.o
 .bss.xSuspendedTaskList
                0x0000000020000c78       0x14 ./Middlewares/Third_Party/FreeRTOS/Source/tasks.o
 .bss.uxCurrentNumberOfTasks
                0x0000000020000c8c        0x4 ./Middlewares/Third_Party/FreeRTOS/Source/tasks.o
 .bss.xTickCount
                0x0000000020000c90        0x4 ./Middlewares/Third_Party/FreeRTOS/Source/tasks.o
 .bss.uxTopReadyPriority
                0x0000000020000c94        0x4 ./Middlewares/Third_Party/FreeRTOS/Source/tasks.o
 .bss.xSchedulerRunning
                0x0000000020000c98        0x4 ./Middlewares/Third_Party/FreeRTOS/Source/tasks.o
 .bss.uxPendedTicks
                0x0000000020000c9c        0x4 ./Middlewares/Third_Party/FreeRTOS/Source/tasks.o
 .bss.xYieldPending
                0x0000000020000ca0        0x4 ./Middlewares/Third_Party/FreeRTOS/Source/tasks.o
 .bss.xNumOfOverflows
                0x0000000020000ca4        0x4 ./Middlewares/Third_Party/FreeRTOS/Source/tasks.o
 .bss.uxTaskNumber
                0x0000000020000ca8        0x4 ./Middlewares/Third_Party/FreeRTOS/Source/tasks.o
 .bss.xNextTaskUnblockTime
                0x0000000020000cac        0x4 ./Middlewares/Third_Party/FreeRTOS/Source/tasks.o
 .bss.xIdleTaskHandle
                0x0000000020000cb0        0x4 ./Middlewares/Third_Party/FreeRTOS/Source/tasks.o
 .bss.uxSchedulerSuspended
                0x0000000020000cb4        0x4 ./Middlewares/Third_Party/FreeRTOS/Source/tasks.o
 .bss.xActiveTimerList1
                0x0000000020000cb8       0x14 ./Middlewares/Third_Party/FreeRTOS/Source/timers.o
 .bss.xActiveTimerList2
                0x0000000020000ccc       0x14 ./Middlewares/Third_Party/FreeRTOS/Source/timers.o
 .bss.pxCurrentTimerList
                0x0000000020000ce0        0x4 ./Middlewares/Third_Party/FreeRTOS/Source/timers.o
 .bss.pxOverflowTimerList
                0x0000000020000ce4        0x4 ./Middlewares/Third_Party/FreeRTOS/Source/timers.o
 .bss.xTimerQueue
                0x0000000020000ce8        0x4 ./Middlewares/Third_Party/FreeRTOS/Source/timers.o
 .bss.xTimerTaskHandle
                0x0000000020000cec        0x4 ./Middlewares/Third_Party/FreeRTOS/Source/timers.o
 .bss.xLastTime.2
                0x0000000020000cf0        0x4 ./Middlewares/Third_Party/FreeRTOS/Source/timers.o
 .bss.ucStaticTimerQueueStorage.1
                0x0000000020000cf4       0xa0 ./Middlewares/Third_Party/FreeRTOS/Source/timers.o
 .bss.xStaticTimerQueue.0
                0x0000000020000d94       0x50 ./Middlewares/Third_Party/FreeRTOS/Source/timers.o
 .bss.ucMaxSysCallPriority
                0x0000000020000de4        0x1 ./Middlewares/Third_Party/FreeRTOS/Source/portable/GCC/ARM_CM3/port.o
 *fill*         0x0000000020000de5        0x3 
 .bss.ulMaxPRIGROUPValue
                0x0000000020000de8        0x4 ./Middlewares/Third_Party/FreeRTOS/Source/portable/GCC/ARM_CM3/port.o
 .bss.ucHeap    0x0000000020000dec      0xc00 ./Middlewares/Third_Party/FreeRTOS/Source/portable/MemMang/heap_4.o
 .bss.xStart    0x00000000200019ec        0x8 ./Middlewares/Third_Party/FreeRTOS/Source/portable/MemMang/heap_4.o
 .bss.pxEnd     0x00000000200019f4        0x4 ./Middlewares/Third_Party/FreeRTOS/Source/portable/MemMang/heap_4.o
 .bss.xFreeBytesRemaining
                0x00000000200019f8        0x4 ./Middlewares/Third_Party/FreeRTOS/Source/portable/MemMang/heap_4.o
 .bss.xMinimumEverFreeBytesRemaining
                0x00000000200019fc        0x4 ./Middlewares/Third_Party/FreeRTOS/Source/portable/MemMang/heap_4.o
 .bss.xBlockAllocatedBit
                0x0000000020001a00        0x4 ./Middlewares/Third_Party/FreeRTOS/Source/portable/MemMang/heap_4.o
 *(COMMON)
                0x0000000020001a04                . = ALIGN (0x4)
                0x0000000020001a04                _ebss = .
                0x0000000020001a04                __bss_end__ = _ebss

._user_heap_stack
                0x0000000020001a04      0x604 load address 0x0000000008005a40
                0x0000000020001a08                . = ALIGN (0x8)
 *fill*         0x0000000020001a04        0x4 
                [!provide]                        PROVIDE (end = .)
                0x0000000020001a08                PROVIDE (_end = .)
                0x0000000020001c08                . = (. + _Min_Heap_Size)
 *fill*         0x0000000020001a08      0x200 
                0x0000000020002008                . = (. + _Min_Stack_Size)
 *fill*         0x0000000020001c08      0x400 
                0x0000000020002008                . = ALIGN (0x8)

/DISCARD/
 libc.a(*)
 libm.a(*)
 libgcc.a(*)

.ARM.attributes
                0x0000000000000000       0x29
 *(.ARM.attributes)
 .ARM.attributes
                0x0000000000000000       0x1d c:/st/stm32cubeide_1.12.1/stm32cubeide/plugins/com.st.stm32cube.ide.mcu.externaltools.gnu-tools-for-stm32.10.3-2021.10.win32_1.0.200.202301161003/tools/bin/../lib/gcc/arm-none-eabi/10.3.1/thumb/v7-m/nofp/crti.o
 .ARM.attributes
                0x000000000000001d       0x2d c:/st/stm32cubeide_1.12.1/stm32cubeide/plugins/com.st.stm32cube.ide.mcu.externaltools.gnu-tools-for-stm32.10.3-2021.10.win32_1.0.200.202301161003/tools/bin/../lib/gcc/arm-none-eabi/10.3.1/thumb/v7-m/nofp/crtbegin.o
 .ARM.attributes
                0x000000000000004a       0x2d ./Core/Src/liquidcrystal_i2c.o
 .ARM.attributes
                0x0000000000000077       0x2d ./Core/Src/main.o
 .ARM.attributes
                0x00000000000000a4       0x2d ./Core/Src/stm32f1xx_hal_msp.o
 .ARM.attributes
                0x00000000000000d1       0x2d ./Core/Src/stm32f1xx_it.o
 .ARM.attributes
                0x00000000000000fe       0x2d ./Core/Src/system_stm32f1xx.o
 .ARM.attributes
                0x000000000000012b       0x21 ./Core/Startup/startup_stm32f103c8tx.o
 .ARM.attributes
                0x000000000000014c       0x2d ./Drivers/STM32F1xx_HAL_Driver/Src/stm32f1xx_hal.o
 .ARM.attributes
                0x0000000000000179       0x2d ./Drivers/STM32F1xx_HAL_Driver/Src/stm32f1xx_hal_cortex.o
 .ARM.attributes
                0x00000000000001a6       0x2d ./Drivers/STM32F1xx_HAL_Driver/Src/stm32f1xx_hal_gpio.o
 .ARM.attributes
                0x00000000000001d3       0x2d ./Drivers/STM32F1xx_HAL_Driver/Src/stm32f1xx_hal_i2c.o
 .ARM.attributes
                0x0000000000000200       0x2d ./Drivers/STM32F1xx_HAL_Driver/Src/stm32f1xx_hal_rcc.o
 .ARM.attributes
                0x000000000000022d       0x2d ./Middlewares/Third_Party/FreeRTOS/Source/CMSIS_RTOS_V2/cmsis_os2.o
 .ARM.attributes
                0x000000000000025a       0x2d ./Middlewares/Third_Party/FreeRTOS/Source/list.o
 .ARM.attributes
                0x0000000000000287       0x2d ./Middlewares/Third_Party/FreeRTOS/Source/queue.o
 .ARM.attributes
                0x00000000000002b4       0x2d ./Middlewares/Third_Party/FreeRTOS/Source/tasks.o
 .ARM.attributes
                0x00000000000002e1       0x2d ./Middlewares/Third_Party/FreeRTOS/Source/timers.o
 .ARM.attributes
                0x000000000000030e       0x2d ./Middlewares/Third_Party/FreeRTOS/Source/portable/GCC/ARM_CM3/port.o
 .ARM.attributes
                0x000000000000033b       0x2d ./Middlewares/Third_Party/FreeRTOS/Source/portable/MemMang/heap_4.o
 .ARM.attributes
                0x0000000000000368       0x2d c:/st/stm32cubeide_1.12.1/stm32cubeide/plugins/com.st.stm32cube.ide.mcu.externaltools.gnu-tools-for-stm32.10.3-2021.10.win32_1.0.200.202301161003/tools/bin/../lib/gcc/arm-none-eabi/10.3.1/../../../../arm-none-eabi/lib/thumb/v7-m/nofp\libc_nano.a(lib_a-init.o)
 .ARM.attributes
                0x0000000000000395       0x2d c:/st/stm32cubeide_1.12.1/stm32cubeide/plugins/com.st.stm32cube.ide.mcu.externaltools.gnu-tools-for-stm32.10.3-2021.10.win32_1.0.200.202301161003/tools/bin/../lib/gcc/arm-none-eabi/10.3.1/../../../../arm-none-eabi/lib/thumb/v7-m/nofp\libc_nano.a(lib_a-memcpy-stub.o)
 .ARM.attributes
                0x00000000000003c2       0x2d c:/st/stm32cubeide_1.12.1/stm32cubeide/plugins/com.st.stm32cube.ide.mcu.externaltools.gnu-tools-for-stm32.10.3-2021.10.win32_1.0.200.202301161003/tools/bin/../lib/gcc/arm-none-eabi/10.3.1/../../../../arm-none-eabi/lib/thumb/v7-m/nofp\libc_nano.a(lib_a-memset.o)
 .ARM.attributes
                0x00000000000003ef       0x1d c:/st/stm32cubeide_1.12.1/stm32cubeide/plugins/com.st.stm32cube.ide.mcu.externaltools.gnu-tools-for-stm32.10.3-2021.10.win32_1.0.200.202301161003/tools/bin/../lib/gcc/arm-none-eabi/10.3.1/thumb/v7-m/nofp/crtn.o
OUTPUT(BTN.elf elf32-littlearm)
LOAD linker stubs
LOAD c:/st/stm32cubeide_1.12.1/stm32cubeide/plugins/com.st.stm32cube.ide.mcu.externaltools.gnu-tools-for-stm32.10.3-2021.10.win32_1.0.200.202301161003/tools/bin/../lib/gcc/arm-none-eabi/10.3.1/../../../../arm-none-eabi/lib/thumb/v7-m/nofp\libc.a
LOAD c:/st/stm32cubeide_1.12.1/stm32cubeide/plugins/com.st.stm32cube.ide.mcu.externaltools.gnu-tools-for-stm32.10.3-2021.10.win32_1.0.200.202301161003/tools/bin/../lib/gcc/arm-none-eabi/10.3.1/../../../../arm-none-eabi/lib/thumb/v7-m/nofp\libm.a
LOAD c:/st/stm32cubeide_1.12.1/stm32cubeide/plugins/com.st.stm32cube.ide.mcu.externaltools.gnu-tools-for-stm32.10.3-2021.10.win32_1.0.200.202301161003/tools/bin/../lib/gcc/arm-none-eabi/10.3.1/thumb/v7-m/nofp\libgcc.a

.debug_info     0x0000000000000000    0x11045
 .debug_info    0x0000000000000000      0xd39 ./Core/Src/liquidcrystal_i2c.o
 .debug_info    0x0000000000000d39     0x106f ./Core/Src/main.o
 .debug_info    0x0000000000001da8      0xcea ./Core/Src/stm32f1xx_hal_msp.o
 .debug_info    0x0000000000002a92      0x126 ./Core/Src/stm32f1xx_it.o
 .debug_info    0x0000000000002bb8      0x23d ./Core/Src/system_stm32f1xx.o
 .debug_info    0x0000000000002df5       0x22 ./Core/Startup/startup_stm32f103c8tx.o
 .debug_info    0x0000000000002e17      0x734 ./Drivers/STM32F1xx_HAL_Driver/Src/stm32f1xx_hal.o
 .debug_info    0x000000000000354b      0xb20 ./Drivers/STM32F1xx_HAL_Driver/Src/stm32f1xx_hal_cortex.o
 .debug_info    0x000000000000406b      0x615 ./Drivers/STM32F1xx_HAL_Driver/Src/stm32f1xx_hal_gpio.o
 .debug_info    0x0000000000004680     0x2734 ./Drivers/STM32F1xx_HAL_Driver/Src/stm32f1xx_hal_i2c.o
 .debug_info    0x0000000000006db4      0x860 ./Drivers/STM32F1xx_HAL_Driver/Src/stm32f1xx_hal_rcc.o
 .debug_info    0x0000000000007614     0x3bef ./Middlewares/Third_Party/FreeRTOS/Source/CMSIS_RTOS_V2/cmsis_os2.o
 .debug_info    0x000000000000b203      0x2cb ./Middlewares/Third_Party/FreeRTOS/Source/list.o
 .debug_info    0x000000000000b4ce     0x1bf9 ./Middlewares/Third_Party/FreeRTOS/Source/queue.o
 .debug_info    0x000000000000d0c7     0x224a ./Middlewares/Third_Party/FreeRTOS/Source/tasks.o
 .debug_info    0x000000000000f311     0x1495 ./Middlewares/Third_Party/FreeRTOS/Source/timers.o
 .debug_info    0x00000000000107a6      0x4b7 ./Middlewares/Third_Party/FreeRTOS/Source/portable/GCC/ARM_CM3/port.o
 .debug_info    0x0000000000010c5d      0x3e8 ./Middlewares/Third_Party/FreeRTOS/Source/portable/MemMang/heap_4.o

.debug_abbrev   0x0000000000000000     0x28e7
 .debug_abbrev  0x0000000000000000      0x2f2 ./Core/Src/liquidcrystal_i2c.o
 .debug_abbrev  0x00000000000002f2      0x2a8 ./Core/Src/main.o
 .debug_abbrev  0x000000000000059a      0x1b2 ./Core/Src/stm32f1xx_hal_msp.o
 .debug_abbrev  0x000000000000074c       0xab ./Core/Src/stm32f1xx_it.o
 .debug_abbrev  0x00000000000007f7      0x13b ./Core/Src/system_stm32f1xx.o
 .debug_abbrev  0x0000000000000932       0x12 ./Core/Startup/startup_stm32f103c8tx.o
 .debug_abbrev  0x0000000000000944      0x1fb ./Drivers/STM32F1xx_HAL_Driver/Src/stm32f1xx_hal.o
 .debug_abbrev  0x0000000000000b3f      0x2ed ./Drivers/STM32F1xx_HAL_Driver/Src/stm32f1xx_hal_cortex.o
 .debug_abbrev  0x0000000000000e2c      0x1bb ./Drivers/STM32F1xx_HAL_Driver/Src/stm32f1xx_hal_gpio.o
 .debug_abbrev  0x0000000000000fe7      0x288 ./Drivers/STM32F1xx_HAL_Driver/Src/stm32f1xx_hal_i2c.o
 .debug_abbrev  0x000000000000126f      0x2a8 ./Drivers/STM32F1xx_HAL_Driver/Src/stm32f1xx_hal_rcc.o
 .debug_abbrev  0x0000000000001517      0x414 ./Middlewares/Third_Party/FreeRTOS/Source/CMSIS_RTOS_V2/cmsis_os2.o
 .debug_abbrev  0x000000000000192b       0xf2 ./Middlewares/Third_Party/FreeRTOS/Source/list.o
 .debug_abbrev  0x0000000000001a1d      0x3ba ./Middlewares/Third_Party/FreeRTOS/Source/queue.o
 .debug_abbrev  0x0000000000001dd7      0x37d ./Middlewares/Third_Party/FreeRTOS/Source/tasks.o
 .debug_abbrev  0x0000000000002154      0x33d ./Middlewares/Third_Party/FreeRTOS/Source/timers.o
 .debug_abbrev  0x0000000000002491      0x257 ./Middlewares/Third_Party/FreeRTOS/Source/portable/GCC/ARM_CM3/port.o
 .debug_abbrev  0x00000000000026e8      0x1ff ./Middlewares/Third_Party/FreeRTOS/Source/portable/MemMang/heap_4.o

.debug_aranges  0x0000000000000000      0xf30
 .debug_aranges
                0x0000000000000000      0x120 ./Core/Src/liquidcrystal_i2c.o
 .debug_aranges
                0x0000000000000120       0x68 ./Core/Src/main.o
 .debug_aranges
                0x0000000000000188       0x40 ./Core/Src/stm32f1xx_hal_msp.o
 .debug_aranges
                0x00000000000001c8       0x50 ./Core/Src/stm32f1xx_it.o
 .debug_aranges
                0x0000000000000218       0x28 ./Core/Src/system_stm32f1xx.o
 .debug_aranges
                0x0000000000000240       0x28 ./Core/Startup/startup_stm32f103c8tx.o
 .debug_aranges
                0x0000000000000268       0xe0 ./Drivers/STM32F1xx_HAL_Driver/Src/stm32f1xx_hal.o
 .debug_aranges
                0x0000000000000348      0x100 ./Drivers/STM32F1xx_HAL_Driver/Src/stm32f1xx_hal_cortex.o
 .debug_aranges
                0x0000000000000448       0x58 ./Drivers/STM32F1xx_HAL_Driver/Src/stm32f1xx_hal_gpio.o
 .debug_aranges
                0x00000000000004a0      0x2a0 ./Drivers/STM32F1xx_HAL_Driver/Src/stm32f1xx_hal_i2c.o
 .debug_aranges
                0x0000000000000740       0x90 ./Drivers/STM32F1xx_HAL_Driver/Src/stm32f1xx_hal_rcc.o
 .debug_aranges
                0x00000000000007d0      0x228 ./Middlewares/Third_Party/FreeRTOS/Source/CMSIS_RTOS_V2/cmsis_os2.o
 .debug_aranges
                0x00000000000009f8       0x40 ./Middlewares/Third_Party/FreeRTOS/Source/list.o
 .debug_aranges
                0x0000000000000a38      0x158 ./Middlewares/Third_Party/FreeRTOS/Source/queue.o
 .debug_aranges
                0x0000000000000b90      0x1f8 ./Middlewares/Third_Party/FreeRTOS/Source/tasks.o
 .debug_aranges
                0x0000000000000d88       0xe0 ./Middlewares/Third_Party/FreeRTOS/Source/timers.o
 .debug_aranges
                0x0000000000000e68       0x78 ./Middlewares/Third_Party/FreeRTOS/Source/portable/GCC/ARM_CM3/port.o
 .debug_aranges
                0x0000000000000ee0       0x50 ./Middlewares/Third_Party/FreeRTOS/Source/portable/MemMang/heap_4.o

.debug_ranges   0x0000000000000000      0xe40
 .debug_ranges  0x0000000000000000      0x110 ./Core/Src/liquidcrystal_i2c.o
 .debug_ranges  0x0000000000000110       0x58 ./Core/Src/main.o
 .debug_ranges  0x0000000000000168       0x30 ./Core/Src/stm32f1xx_hal_msp.o
 .debug_ranges  0x0000000000000198       0x40 ./Core/Src/stm32f1xx_it.o
 .debug_ranges  0x00000000000001d8       0x18 ./Core/Src/system_stm32f1xx.o
 .debug_ranges  0x00000000000001f0       0x20 ./Core/Startup/startup_stm32f103c8tx.o
 .debug_ranges  0x0000000000000210       0xd0 ./Drivers/STM32F1xx_HAL_Driver/Src/stm32f1xx_hal.o
 .debug_ranges  0x00000000000002e0       0xf0 ./Drivers/STM32F1xx_HAL_Driver/Src/stm32f1xx_hal_cortex.o
 .debug_ranges  0x00000000000003d0       0x48 ./Drivers/STM32F1xx_HAL_Driver/Src/stm32f1xx_hal_gpio.o
 .debug_ranges  0x0000000000000418      0x2b8 ./Drivers/STM32F1xx_HAL_Driver/Src/stm32f1xx_hal_i2c.o
 .debug_ranges  0x00000000000006d0       0x80 ./Drivers/STM32F1xx_HAL_Driver/Src/stm32f1xx_hal_rcc.o
 .debug_ranges  0x0000000000000750      0x218 ./Middlewares/Third_Party/FreeRTOS/Source/CMSIS_RTOS_V2/cmsis_os2.o
 .debug_ranges  0x0000000000000968       0x30 ./Middlewares/Third_Party/FreeRTOS/Source/list.o
 .debug_ranges  0x0000000000000998      0x148 ./Middlewares/Third_Party/FreeRTOS/Source/queue.o
 .debug_ranges  0x0000000000000ae0      0x1e8 ./Middlewares/Third_Party/FreeRTOS/Source/tasks.o
 .debug_ranges  0x0000000000000cc8       0xd0 ./Middlewares/Third_Party/FreeRTOS/Source/timers.o
 .debug_ranges  0x0000000000000d98       0x68 ./Middlewares/Third_Party/FreeRTOS/Source/portable/GCC/ARM_CM3/port.o
 .debug_ranges  0x0000000000000e00       0x40 ./Middlewares/Third_Party/FreeRTOS/Source/portable/MemMang/heap_4.o

.debug_macro    0x0000000000000000     0x32dd
 .debug_macro   0x0000000000000000      0x1a7 ./Core/Src/liquidcrystal_i2c.o
 .debug_macro   0x00000000000001a7       0xd6 ./Core/Src/liquidcrystal_i2c.o
 .debug_macro   0x000000000000027d      0x3ad ./Core/Src/main.o
 .debug_macro   0x000000000000062a       0x5b ./Core/Src/main.o
 .debug_macro   0x0000000000000685       0x74 ./Core/Src/main.o
 .debug_macro   0x00000000000006f9      0x11c ./Core/Src/main.o
 .debug_macro   0x0000000000000815       0xdd ./Core/Src/main.o
 .debug_macro   0x00000000000008f2       0x52 ./Core/Src/main.o
 .debug_macro   0x0000000000000944       0x18 ./Core/Src/main.o
 .debug_macro   0x000000000000095c       0x3c ./Core/Src/main.o
 .debug_macro   0x0000000000000998       0x34 ./Core/Src/main.o
 .debug_macro   0x00000000000009cc       0x16 ./Core/Src/main.o
 .debug_macro   0x00000000000009e2       0x35 ./Core/Src/main.o
 .debug_macro   0x0000000000000a17      0x341 ./Core/Src/main.o
 .debug_macro   0x0000000000000d58       0x10 ./Core/Src/main.o
 .debug_macro   0x0000000000000d68       0x16 ./Core/Src/main.o
 .debug_macro   0x0000000000000d7e       0x43 ./Core/Src/main.o
 .debug_macro   0x0000000000000dc1       0x34 ./Core/Src/main.o
 .debug_macro   0x0000000000000df5       0x10 ./Core/Src/main.o
 .debug_macro   0x0000000000000e05       0x58 ./Core/Src/main.o
 .debug_macro   0x0000000000000e5d       0x71 ./Core/Src/main.o
 .debug_macro   0x0000000000000ece       0x1c ./Core/Src/main.o
 .debug_macro   0x0000000000000eea      0x12a ./Core/Src/main.o
 .debug_macro   0x0000000000001014       0x10 ./Core/Src/main.o
 .debug_macro   0x0000000000001024       0x1c ./Core/Src/main.o
 .debug_macro   0x0000000000001040       0x52 ./Core/Src/main.o
 .debug_macro   0x0000000000001092       0x22 ./Core/Src/main.o
 .debug_macro   0x00000000000010b4       0x10 ./Core/Src/main.o
 .debug_macro   0x00000000000010c4       0x52 ./Core/Src/main.o
 .debug_macro   0x0000000000001116       0xd5 ./Core/Src/main.o
 .debug_macro   0x00000000000011eb       0x1c ./Core/Src/main.o
 .debug_macro   0x0000000000001207       0x3d ./Core/Src/main.o
 .debug_macro   0x0000000000001244       0x16 ./Core/Src/main.o
 .debug_macro   0x000000000000125a      0x145 ./Core/Src/main.o
 .debug_macro   0x000000000000139f       0x16 ./Core/Src/main.o
 .debug_macro   0x00000000000013b5       0x20 ./Core/Src/main.o
 .debug_macro   0x00000000000013d5       0xdc ./Core/Src/main.o
 .debug_macro   0x00000000000014b1      0x1a2 ./Core/Src/stm32f1xx_hal_msp.o
 .debug_macro   0x0000000000001653      0x214 ./Core/Src/stm32f1xx_it.o
 .debug_macro   0x0000000000001867      0x198 ./Core/Src/system_stm32f1xx.o
 .debug_macro   0x00000000000019ff      0x1bc ./Drivers/STM32F1xx_HAL_Driver/Src/stm32f1xx_hal.o
 .debug_macro   0x0000000000001bbb      0x198 ./Drivers/STM32F1xx_HAL_Driver/Src/stm32f1xx_hal_cortex.o
 .debug_macro   0x0000000000001d53      0x203 ./Drivers/STM32F1xx_HAL_Driver/Src/stm32f1xx_hal_gpio.o
 .debug_macro   0x0000000000001f56      0x1df ./Drivers/STM32F1xx_HAL_Driver/Src/stm32f1xx_hal_i2c.o
 .debug_macro   0x0000000000002135      0x1aa ./Drivers/STM32F1xx_HAL_Driver/Src/stm32f1xx_hal_rcc.o
 .debug_macro   0x00000000000022df      0x247 ./Middlewares/Third_Party/FreeRTOS/Source/CMSIS_RTOS_V2/cmsis_os2.o
 .debug_macro   0x0000000000002526       0x10 ./Middlewares/Third_Party/FreeRTOS/Source/CMSIS_RTOS_V2/cmsis_os2.o
 .debug_macro   0x0000000000002536       0x10 ./Middlewares/Third_Party/FreeRTOS/Source/CMSIS_RTOS_V2/cmsis_os2.o
 .debug_macro   0x0000000000002546       0xb7 ./Middlewares/Third_Party/FreeRTOS/Source/CMSIS_RTOS_V2/cmsis_os2.o
 .debug_macro   0x00000000000025fd       0x91 ./Middlewares/Third_Party/FreeRTOS/Source/CMSIS_RTOS_V2/cmsis_os2.o
 .debug_macro   0x000000000000268e       0x8d ./Middlewares/Third_Party/FreeRTOS/Source/CMSIS_RTOS_V2/cmsis_os2.o
 .debug_macro   0x000000000000271b       0xa8 ./Middlewares/Third_Party/FreeRTOS/Source/CMSIS_RTOS_V2/cmsis_os2.o
 .debug_macro   0x00000000000027c3      0x187 ./Middlewares/Third_Party/FreeRTOS/Source/list.o
 .debug_macro   0x000000000000294a      0x212 ./Middlewares/Third_Party/FreeRTOS/Source/queue.o
 .debug_macro   0x0000000000002b5c      0x287 ./Middlewares/Third_Party/FreeRTOS/Source/tasks.o
 .debug_macro   0x0000000000002de3       0x10 ./Middlewares/Third_Party/FreeRTOS/Source/tasks.o
 .debug_macro   0x0000000000002df3      0x1ca ./Middlewares/Third_Party/FreeRTOS/Source/timers.o
 .debug_macro   0x0000000000002fbd      0x172 ./Middlewares/Third_Party/FreeRTOS/Source/portable/GCC/ARM_CM3/port.o
 .debug_macro   0x000000000000312f      0x1ae ./Middlewares/Third_Party/FreeRTOS/Source/portable/MemMang/heap_4.o

.debug_line     0x0000000000000000    0x10e53
 .debug_line    0x0000000000000000      0xb52 ./Core/Src/liquidcrystal_i2c.o
 .debug_line    0x0000000000000b52      0xbf0 ./Core/Src/main.o
 .debug_line    0x0000000000001742      0x6fe ./Core/Src/stm32f1xx_hal_msp.o
 .debug_line    0x0000000000001e40      0x807 ./Core/Src/stm32f1xx_it.o
 .debug_line    0x0000000000002647      0x6de ./Core/Src/system_stm32f1xx.o
 .debug_line    0x0000000000002d25       0x87 ./Core/Startup/startup_stm32f103c8tx.o
 .debug_line    0x0000000000002dac      0x90b ./Drivers/STM32F1xx_HAL_Driver/Src/stm32f1xx_hal.o
 .debug_line    0x00000000000036b7      0xaf3 ./Drivers/STM32F1xx_HAL_Driver/Src/stm32f1xx_hal_cortex.o
 .debug_line    0x00000000000041aa      0x9a2 ./Drivers/STM32F1xx_HAL_Driver/Src/stm32f1xx_hal_gpio.o
 .debug_line    0x0000000000004b4c     0x39f5 ./Drivers/STM32F1xx_HAL_Driver/Src/stm32f1xx_hal_i2c.o
 .debug_line    0x0000000000008541      0xd19 ./Drivers/STM32F1xx_HAL_Driver/Src/stm32f1xx_hal_rcc.o
 .debug_line    0x000000000000925a     0x2456 ./Middlewares/Third_Party/FreeRTOS/Source/CMSIS_RTOS_V2/cmsis_os2.o
 .debug_line    0x000000000000b6b0      0x706 ./Middlewares/Third_Party/FreeRTOS/Source/list.o
 .debug_line    0x000000000000bdb6     0x16c9 ./Middlewares/Third_Party/FreeRTOS/Source/queue.o
 .debug_line    0x000000000000d47f     0x1d21 ./Middlewares/Third_Party/FreeRTOS/Source/tasks.o
 .debug_line    0x000000000000f1a0      0xc99 ./Middlewares/Third_Party/FreeRTOS/Source/timers.o
 .debug_line    0x000000000000fe39      0x752 ./Middlewares/Third_Party/FreeRTOS/Source/portable/GCC/ARM_CM3/port.o
 .debug_line    0x000000000001058b      0x8c8 ./Middlewares/Third_Party/FreeRTOS/Source/portable/MemMang/heap_4.o

.debug_str      0x0000000000000000    0x8e44f
 .debug_str     0x0000000000000000    0x7e634 ./Core/Src/liquidcrystal_i2c.o
                                      0x7ea27 (size before relaxing)
 .debug_str     0x000000000007e634     0x7de1 ./Core/Src/main.o
                                      0x864b5 (size before relaxing)
 .debug_str     0x0000000000086415      0x4e8 ./Core/Src/stm32f1xx_hal_msp.o
                                      0x7e93f (size before relaxing)
 .debug_str     0x00000000000868fd      0xe17 ./Core/Src/stm32f1xx_it.o
                                      0x8185b (size before relaxing)
 .debug_str     0x0000000000087714       0x6e ./Core/Src/system_stm32f1xx.o
                                      0x7df81 (size before relaxing)
 .debug_str     0x0000000000087782       0x36 ./Core/Startup/startup_stm32f103c8tx.o
                                         0x6c (size before relaxing)
 .debug_str     0x00000000000877b8      0x37f ./Drivers/STM32F1xx_HAL_Driver/Src/stm32f1xx_hal.o
                                      0x7e6b4 (size before relaxing)
 .debug_str     0x0000000000087b37      0x2a8 ./Drivers/STM32F1xx_HAL_Driver/Src/stm32f1xx_hal_cortex.o
                                      0x7e600 (size before relaxing)
 .debug_str     0x0000000000087ddf      0x2d5 ./Drivers/STM32F1xx_HAL_Driver/Src/stm32f1xx_hal_gpio.o
                                      0x7e307 (size before relaxing)
 .debug_str     0x00000000000880b4      0xb62 ./Drivers/STM32F1xx_HAL_Driver/Src/stm32f1xx_hal_i2c.o
                                      0x7eff5 (size before relaxing)
 .debug_str     0x0000000000088c16      0x209 ./Drivers/STM32F1xx_HAL_Driver/Src/stm32f1xx_hal_rcc.o
                                      0x7e3b0 (size before relaxing)
 .debug_str     0x0000000000088e1f     0x2d3d ./Middlewares/Third_Party/FreeRTOS/Source/CMSIS_RTOS_V2/cmsis_os2.o
                                       0xe232 (size before relaxing)
 .debug_str     0x000000000008bb5c      0x21b ./Middlewares/Third_Party/FreeRTOS/Source/list.o
                                       0xa207 (size before relaxing)
 .debug_str     0x000000000008bd77      0x86c ./Middlewares/Third_Party/FreeRTOS/Source/queue.o
                                       0xbc01 (size before relaxing)
 .debug_str     0x000000000008c5e3     0x10af ./Middlewares/Third_Party/FreeRTOS/Source/tasks.o
                                       0xc765 (size before relaxing)
 .debug_str     0x000000000008d692      0x515 ./Middlewares/Third_Party/FreeRTOS/Source/timers.o
                                       0xc0d6 (size before relaxing)
 .debug_str     0x000000000008dba7      0x66e ./Middlewares/Third_Party/FreeRTOS/Source/portable/GCC/ARM_CM3/port.o
                                       0x7fa8 (size before relaxing)
 .debug_str     0x000000000008e215      0x23a ./Middlewares/Third_Party/FreeRTOS/Source/portable/MemMang/heap_4.o
                                       0xa954 (size before relaxing)

.comment        0x0000000000000000       0x50
 .comment       0x0000000000000000       0x50 ./Core/Src/liquidcrystal_i2c.o
                                         0x51 (size before relaxing)
 .comment       0x0000000000000050       0x51 ./Core/Src/main.o
 .comment       0x0000000000000050       0x51 ./Core/Src/stm32f1xx_hal_msp.o
 .comment       0x0000000000000050       0x51 ./Core/Src/stm32f1xx_it.o
 .comment       0x0000000000000050       0x51 ./Core/Src/system_stm32f1xx.o
 .comment       0x0000000000000050       0x51 ./Drivers/STM32F1xx_HAL_Driver/Src/stm32f1xx_hal.o
 .comment       0x0000000000000050       0x51 ./Drivers/STM32F1xx_HAL_Driver/Src/stm32f1xx_hal_cortex.o
 .comment       0x0000000000000050       0x51 ./Drivers/STM32F1xx_HAL_Driver/Src/stm32f1xx_hal_gpio.o
 .comment       0x0000000000000050       0x51 ./Drivers/STM32F1xx_HAL_Driver/Src/stm32f1xx_hal_i2c.o
 .comment       0x0000000000000050       0x51 ./Drivers/STM32F1xx_HAL_Driver/Src/stm32f1xx_hal_rcc.o
 .comment       0x0000000000000050       0x51 ./Middlewares/Third_Party/FreeRTOS/Source/CMSIS_RTOS_V2/cmsis_os2.o
 .comment       0x0000000000000050       0x51 ./Middlewares/Third_Party/FreeRTOS/Source/list.o
 .comment       0x0000000000000050       0x51 ./Middlewares/Third_Party/FreeRTOS/Source/queue.o
 .comment       0x0000000000000050       0x51 ./Middlewares/Third_Party/FreeRTOS/Source/tasks.o
 .comment       0x0000000000000050       0x51 ./Middlewares/Third_Party/FreeRTOS/Source/timers.o
 .comment       0x0000000000000050       0x51 ./Middlewares/Third_Party/FreeRTOS/Source/portable/GCC/ARM_CM3/port.o
 .comment       0x0000000000000050       0x51 ./Middlewares/Third_Party/FreeRTOS/Source/portable/MemMang/heap_4.o

.debug_frame    0x0000000000000000     0x3e34
 .debug_frame   0x0000000000000000      0x43c ./Core/Src/liquidcrystal_i2c.o
 .debug_frame   0x000000000000043c      0x144 ./Core/Src/main.o
 .debug_frame   0x0000000000000580       0xc4 ./Core/Src/stm32f1xx_hal_msp.o
 .debug_frame   0x0000000000000644       0xc4 ./Core/Src/stm32f1xx_it.o
 .debug_frame   0x0000000000000708       0x58 ./Core/Src/system_stm32f1xx.o
 .debug_frame   0x0000000000000760      0x334 ./Drivers/STM32F1xx_HAL_Driver/Src/stm32f1xx_hal.o
 .debug_frame   0x0000000000000a94      0x428 ./Drivers/STM32F1xx_HAL_Driver/Src/stm32f1xx_hal_cortex.o
 .debug_frame   0x0000000000000ebc      0x14c ./Drivers/STM32F1xx_HAL_Driver/Src/stm32f1xx_hal_gpio.o
 .debug_frame   0x0000000000001008      0xc5c ./Drivers/STM32F1xx_HAL_Driver/Src/stm32f1xx_hal_i2c.o
 .debug_frame   0x0000000000001c64      0x21c ./Drivers/STM32F1xx_HAL_Driver/Src/stm32f1xx_hal_rcc.o
 .debug_frame   0x0000000000001e80      0x980 ./Middlewares/Third_Party/FreeRTOS/Source/CMSIS_RTOS_V2/cmsis_os2.o
 .debug_frame   0x0000000000002800       0xd8 ./Middlewares/Third_Party/FreeRTOS/Source/list.o
 .debug_frame   0x00000000000028d8      0x5ec ./Middlewares/Third_Party/FreeRTOS/Source/queue.o
 .debug_frame   0x0000000000002ec4      0x8a8 ./Middlewares/Third_Party/FreeRTOS/Source/tasks.o
 .debug_frame   0x000000000000376c      0x3b4 ./Middlewares/Third_Party/FreeRTOS/Source/timers.o
 .debug_frame   0x0000000000003b20      0x198 ./Middlewares/Third_Party/FreeRTOS/Source/portable/GCC/ARM_CM3/port.o
 .debug_frame   0x0000000000003cb8      0x108 ./Middlewares/Third_Party/FreeRTOS/Source/portable/MemMang/heap_4.o
 .debug_frame   0x0000000000003dc0       0x2c c:/st/stm32cubeide_1.12.1/stm32cubeide/plugins/com.st.stm32cube.ide.mcu.externaltools.gnu-tools-for-stm32.10.3-2021.10.win32_1.0.200.202301161003/tools/bin/../lib/gcc/arm-none-eabi/10.3.1/../../../../arm-none-eabi/lib/thumb/v7-m/nofp\libc_nano.a(lib_a-init.o)
 .debug_frame   0x0000000000003dec       0x28 c:/st/stm32cubeide_1.12.1/stm32cubeide/plugins/com.st.stm32cube.ide.mcu.externaltools.gnu-tools-for-stm32.10.3-2021.10.win32_1.0.200.202301161003/tools/bin/../lib/gcc/arm-none-eabi/10.3.1/../../../../arm-none-eabi/lib/thumb/v7-m/nofp\libc_nano.a(lib_a-memcpy-stub.o)
 .debug_frame   0x0000000000003e14       0x20 c:/st/stm32cubeide_1.12.1/stm32cubeide/plugins/com.st.stm32cube.ide.mcu.externaltools.gnu-tools-for-stm32.10.3-2021.10.win32_1.0.200.202301161003/tools/bin/../lib/gcc/arm-none-eabi/10.3.1/../../../../arm-none-eabi/lib/thumb/v7-m/nofp\libc_nano.a(lib_a-memset.o)
