../Core/Src/main.c:125:5:main	8	static
../Core/Src/main.c:224:6:SystemClock_Config	72	static
../Core/Src/main.c:261:13:MX_I2C1_Init	8	static
../Core/Src/main.c:292:13:MX_GPIO_Init	32	static
../Core/Src/main.c:339:6:StartDefaultTask	16	static
../Core/Src/main.c:357:6:HAL_GPIO_EXTI_Callback	24	static
../Core/Src/main.c:368:6:buttonTask	24	static
../Core/Src/main.c:406:6:LCDTaskSwitch	16	static
../Core/Src/main.c:423:6:ledTask	24	static
../Core/Src/main.c:452:6:lcdTaskBTN	16	static
../Core/Src/main.c:476:6:Error_Handler	4	static,ignoring_inline_asm
